 addon

 Timestamp is 58243477 (Thu Nov 10 09:48:55 2016)

 Preferred load address is 10000000

 Start         Length     Name                   Class
 0001:00000000 0000025fH .text                   CODE
 0001:00000260 000000e0H .text$di                CODE
 0001:00000340 0002e107H .text$mn                CODE
 0001:0002e450 000003ecH .text$x                 CODE
 0001:0002e840 00000061H .text$yd                CODE
 0002:00000000 00000388H .idata$5                DATA
 0002:00000388 00000004H .00cfg                  DATA
 0002:0000038c 00000004H .CRT$XCA                DATA
 0002:00000390 0000001cH .CRT$XCC                DATA
 0002:000003ac 00000008H .CRT$XCL                DATA
 0002:000003b4 00000008H .CRT$XCU                DATA
 0002:000003bc 00000004H .CRT$XCZ                DATA
 0002:000003c0 00000004H .CRT$XIA                DATA
 0002:000003c4 00000018H .CRT$XIC                DATA
 0002:000003dc 00000004H .CRT$XIZ                DATA
 0002:000003e0 00000004H .CRT$XLA                DATA
 0002:000003e4 00000004H .CRT$XLZ                DATA
 0002:000003e8 00000004H .CRT$XPA                DATA
 0002:000003ec 00000008H .CRT$XPX                DATA
 0002:000003f4 00000004H .CRT$XPXA               DATA
 0002:000003f8 00000004H .CRT$XPZ                DATA
 0002:000003fc 00000004H .CRT$XTA                DATA
 0002:00000400 00000004H .CRT$XTZ                DATA
 0002:00000410 000092a4H .rdata                  DATA
 0002:000096b4 00000018H .rdata$T                DATA
 0002:000096cc 000009f0H .rdata$r                DATA
 0002:0000a0c0 00000078H .rdata$sxdata           DATA
 0002:0000a138 00000010H .rdata$zETW0            DATA
 0002:0000a148 00000077H .rdata$zETW1            DATA
 0002:0000a1bf 0000002cH .rdata$zETW2            DATA
 0002:0000a1eb 00000001H .rdata$zETW9            DATA
 0002:0000a1ec 000004f4H .rdata$zzzdbg           DATA
 0002:0000a6e0 00000004H .rtc$IAA                DATA
 0002:0000a6e4 00000004H .rtc$IZZ                DATA
 0002:0000a6e8 00000004H .rtc$TAA                DATA
 0002:0000a6ec 00000004H .rtc$TZZ                DATA
 0002:0000a6f0 00000e24H .xdata$x                DATA
 0002:0000b514 00000020H .didat$2                DATA
 0002:0000b534 00000020H .didat$3                DATA
 0002:0000b554 000000ccH .didat$4                DATA
 0002:0000b620 00000c02H .didat$6                DATA
 0002:0000c224 000000ccH .didat$7                DATA
 0002:0000c2f0 0000004eH .edata                  DATA
 0002:0000c340 0000003cH .idata$2                DATA
 0002:0000c37c 00000014H .idata$3                DATA
 0002:0000c390 00000388H .idata$4                DATA
 0002:0000c718 00001baeH .idata$6                DATA
 0003:00000000 00000b90H .data                   DATA
 0003:00000b90 000004c7H .data$r                 DATA
 0003:00001058 000000ccH .didat$5                DATA
 0003:00001128 00000e2cH .bss                    DATA
 0004:00000000 000000c0H .gfids$x                DATA
 0004:000000c0 0000027cH .gfids$y                DATA
 0005:00000000 00000001H .tls                    DATA
 0005:00000004 00000004H .tls$                   DATA
 0005:00000008 00000001H .tls$ZZZ                DATA
 0006:00000000 00000058H .rsrc$01                DATA
 0006:00000060 00000180H .rsrc$02                DATA

  Address         Publics by Value              Rva+Base       Lib:Object

 0000:00000000       ___guard_fids_count        00000000     <absolute>
 0000:00000000       ___guard_longjmp_count     00000000     <absolute>
 0000:00000000       ___guard_longjmp_table     00000000     <absolute>
 0000:00000000       ___guard_fids_table        00000000     <absolute>
 0000:00000000       ___guard_iat_table         00000000     <absolute>
 0000:00000000       ___guard_iat_count         00000000     <absolute>
 0000:00000000       __except_list              00000000     <absolute>
 0000:0000001e       ___safe_se_handler_count   0000001e     <absolute>
 0000:0000002c       __tls_array                0000002c     <absolute>
 0000:00000100       ___guard_flags             00000100     <absolute>
 0000:00000000       ___ImageBase               10000000     <linker-defined>
 0001:00000000       ?TraceLoggingRegister@__vcrt_trace_logging_provider@@YAJPBU_TlgProvider_t@1@PBU_GUID@@P6GX1KE_K2PAU_EVENT_FILTER_DESCRIPTOR@@PAX@Z4@Z 10001000 f i libvcruntime:telemetry.obj
 0001:0000005d       ?TraceLoggingSetInformation@__vcrt_trace_logging_provider@@YAJPBU_TlgProvider_t@1@W4_EVENT_INFO_CLASS@@PAXK@Z 1000105d f i libvcruntime:telemetry.obj
 0001:00000088       ?TraceLoggingUnregister@__vcrt_trace_logging_provider@@YAXPBU_TlgProvider_t@1@@Z 10001088 f i libvcruntime:telemetry.obj
 0001:000000a7       ?_TlgCreateSz@__vcrt_trace_logging_provider@@YAXPAU_EVENT_DATA_DESCRIPTOR@@PBD@Z 100010a7 f i libvcruntime:telemetry.obj
 0001:000000df       ?_TlgCreateWsz@__vcrt_trace_logging_provider@@YAXPAU_EVENT_DATA_DESCRIPTOR@@PB_W@Z 100010df f i libvcruntime:telemetry.obj
 0001:00000123       ?_TlgEnableCallback@__vcrt_trace_logging_provider@@YGXPBU_GUID@@KE_K1PAU_EVENT_FILTER_DESCRIPTOR@@PAX@Z 10001123 f i libvcruntime:telemetry.obj
 0001:0000019b       ?_TlgKeywordOn@__vcrt_trace_logging_provider@@YAEPBU_TlgProvider_t@1@_K@Z 1000119b f i libvcruntime:telemetry.obj
 0001:000001d7       ?_TlgWrite@__vcrt_trace_logging_provider@@YAJPBU_TlgProvider_t@1@PBXPBU_GUID@@2IPAU_EVENT_DATA_DESCRIPTOR@@@Z 100011d7 f i libvcruntime:telemetry.obj
 0001:000003e0       ?New@?$Factory@VFunctionTemplate@v8@@@imp@Nan@@SA?AV?$Local@VFunctionTemplate@v8@@@v8@@P6AXABV?$FunctionCallbackInfo@VValue@v8@@@3@@ZV?$Local@VValue@v8@@@5@V?$Local@VSignature@v8@@@5@@Z 100013e0 f i addon.obj
 0001:00000500       ?InitDominoSession@@YAXABV?$FunctionCallbackInfo@VValue@v8@@@Nan@@@Z 10001500 f   addon.obj
 0001:00000530       ?TermDominoSession@@YAXABV?$FunctionCallbackInfo@VValue@v8@@@Nan@@@Z 10001530 f   addon.obj
 0001:00000550       ?InitAll@@YAXV?$Local@VObject@v8@@@v8@@@Z 10001550 f   addon.obj
 0001:00000af0       ?_Lock@?$basic_streambuf@DU?$char_traits@D@std@@@std@@UAEXXZ 10001af0 f i libcpmt:cout.obj
 0001:00000af0       ?__empty_global_delete@@YAXPAXI@Z 10001af0 f i addon.obj
 0001:00000af0       ___except_validate_context_record 10001af0 f i libvcruntime:jbcxrval.obj
 0001:00000af0       ?_Doraise@exception@stdext@@MBEXXZ 10001af0 f i DataHelper.obj
 0001:00000af0       @_guard_check_icall_nop@4  10001af0 f i LIBCMT:guard_support.obj
 0001:00000af0       ___except_validate_jump_buffer 10001af0 f i libvcruntime:jbcxrval.obj
 0001:00000af0       ?__global_delete@@YAXPAXI@Z 10001af0 f i * CIL library *:* CIL module *
 0001:00000af0       ?_Unlock@?$basic_streambuf@DU?$char_traits@D@std@@@std@@UAEXXZ 10001af0 f i libcpmt:cout.obj
 0001:00000b00       ??$New@VString@v8@@PBD@Nan@@YA?AV?$MaybeLocal@VString@v8@@@v8@@PBD@Z 10001b00 f i addon.obj
 0001:00000b20       ?what@exception@stdext@@UBEPBDXZ 10001b20 f i DataHelper.obj
 0001:00000b30       ?_Raise@exception@stdext@@QBEXXZ 10001b30 f i DataHelper.obj
 0001:00000b60       ??_Eruntime_error@std@@UAEPAXI@Z 10001b60 f i * CIL library *:* CIL module *
 0001:00000b60       ??_Gruntime_error@std@@UAEPAXI@Z 10001b60 f i DataHelper.obj
 0001:00000b60       ??_Eexception@stdext@@UAEPAXI@Z 10001b60 f i * CIL library *:* CIL module *
 0001:00000b60       ??_Gexception@stdext@@UAEPAXI@Z 10001b60 f i DataHelper.obj
 0001:00000b90       ?_Deallocate@std@@YAXPAXII@Z 10001b90 f i DataHelper.obj
 0001:00000bf0       ??0_Locinfo@std@@QAE@PBD@Z 10001bf0 f i DataHelper.obj
 0001:00000c70       ??1_Locinfo@std@@QAE@XZ    10001c70 f i DataHelper.obj
 0001:00000d10       ??_E_Facet_base@std@@UAEPAXI@Z 10001d10 f i * CIL library *:* CIL module *
 0001:00000d10       ??_G_Facet_base@std@@UAEPAXI@Z 10001d10 f i DataHelper.obj
 0001:00000d40       ??Bid@locale@std@@QAEIXZ   10001d40 f i DataHelper.obj
 0001:00000d80       ?_Incref@facet@locale@std@@UAEXXZ 10001d80 f i DataHelper.obj
 0001:00000d90       ?_Decref@facet@locale@std@@UAEPAV_Facet_base@3@XZ 10001d90 f i DataHelper.obj
 0001:00000db0       ??1locale@std@@QAE@XZ      10001db0 f i DataHelper.obj
 0001:00000dd0       ?c_str@locale@std@@QBEPBDXZ 10001dd0 f i DataHelper.obj
 0001:00000df0       ?_Getfacet@locale@std@@QBEPBVfacet@12@I@Z 10001df0 f i DataHelper.obj
 0001:00000e30       ?_Getcat@?$ctype@D@std@@SAIPAPBVfacet@locale@2@PBV42@@Z 10001e30 f i DataHelper.obj
 0001:00000ec0       ?do_tolower@?$ctype@D@std@@MBEDD@Z 10001ec0 f i DataHelper.obj
 0001:00000ee0       ?do_tolower@?$ctype@D@std@@MBEPBDPADPBD@Z 10001ee0 f i DataHelper.obj
 0001:00000f20       ?do_toupper@?$ctype@D@std@@MBEDD@Z 10001f20 f i DataHelper.obj
 0001:00000f40       ?do_toupper@?$ctype@D@std@@MBEPBDPADPBD@Z 10001f40 f i DataHelper.obj
 0001:00000f80       ?do_widen@?$ctype@D@std@@MBEDD@Z 10001f80 f i DataHelper.obj
 0001:00000f90       ?do_widen@?$ctype@D@std@@MBEPBDPBD0PAD@Z 10001f90 f i DataHelper.obj
 0001:00000fb0       ?do_narrow@?$ctype@D@std@@MBEDDD@Z 10001fb0 f i DataHelper.obj
 0001:00000fc0       ?do_narrow@?$ctype@D@std@@MBEPBDPBD0DPAD@Z 10001fc0 f i DataHelper.obj
 0001:00000fe0       ??_G?$ctype@D@std@@MAEPAXI@Z 10001fe0 f i DataHelper.obj
 0001:00000fe0       ??_E?$ctype@D@std@@MAEPAXI@Z 10001fe0 f i * CIL library *:* CIL module *
 0001:00001030       ??_Gerror_category@std@@UAEPAXI@Z 10002030 f i DataHelper.obj
 0001:00001030       ??_G_Iostream_error_category@std@@UAEPAXI@Z 10002030 f i DataHelper.obj
 0001:00001030       ??_E_Iostream_error_category@std@@UAEPAXI@Z 10002030 f i * CIL library *:* CIL module *
 0001:00001030       ??_Eerror_category@std@@UAEPAXI@Z 10002030 f i * CIL library *:* CIL module *
 0001:00001060       ?default_error_condition@error_category@std@@UBE?AVerror_condition@2@H@Z 10002060 f i DataHelper.obj
 0001:00001070       ?equivalent@error_category@std@@UBE_NHABVerror_condition@2@@Z 10002070 f i DataHelper.obj
 0001:000010d0       ?equivalent@error_category@std@@UBE_NABVerror_code@2@H@Z 100020d0 f i DataHelper.obj
 0001:00001100       ?_Makestr@_System_error@std@@CA?AV?$basic_string@DU?$char_traits@D@std@@V?$allocator@D@2@@2@Verror_code@2@V32@@Z 10002100 f i DataHelper.obj
 0001:000011c0       ??0_System_error@std@@IAE@Verror_code@1@ABV?$basic_string@DU?$char_traits@D@std@@V?$allocator@D@2@@1@@Z 100021c0 f i DataHelper.obj
 0001:00001260       ??_Efailure@ios_base@std@@UAEPAXI@Z 10002260 f i * CIL library *:* CIL module *
 0001:00001260       ??_Esystem_error@std@@UAEPAXI@Z 10002260 f i * CIL library *:* CIL module *
 0001:00001260       ??_E_System_error@std@@UAEPAXI@Z 10002260 f i * CIL library *:* CIL module *
 0001:00001260       ??_Gsystem_error@std@@UAEPAXI@Z 10002260 f i DataHelper.obj
 0001:00001260       ??_Gfailure@ios_base@std@@UAEPAXI@Z 10002260 f i DataHelper.obj
 0001:00001260       ??_G_System_error@std@@UAEPAXI@Z 10002260 f i DataHelper.obj
 0001:00001290       ??0system_error@std@@QAE@Verror_code@1@PBD@Z 10002290 f i DataHelper.obj
 0001:00001330       ?name@_Iostream_error_category@std@@UBEPBDXZ 10002330 f i DataHelper.obj
 0001:00001340       ?message@_Iostream_error_category@std@@UBE?AV?$basic_string@DU?$char_traits@D@std@@V?$allocator@D@2@@2@H@Z 10002340 f i DataHelper.obj
 0001:000013d0       ?clear@ios_base@std@@QAEXH_N@Z 100023d0 f i DataHelper.obj
 0001:00001480       ?getV8Data@DataHelper@@SA?AV?$Local@VObject@v8@@@v8@@V?$map@V?$basic_string@DU?$char_traits@D@std@@V?$allocator@D@2@@std@@VItemValue@@U?$less@V?$basic_string@DU?$char_traits@D@std@@V?$allocator@D@2@@std@@@2@V?$allocator@U?$pair@$$CBV?$basic_string@DU?$char_traits@D@std@@V?$allocator@D@2@@std@@VItemValue@@@std@@@2@@std@@@Z 10002480 f   DataHelper.obj
 0001:00001d00       ??1?$map@V?$basic_string@DU?$char_traits@D@std@@V?$allocator@D@2@@std@@VItemValue@@U?$less@V?$basic_string@DU?$char_traits@D@std@@V?$allocator@D@2@@std@@@2@V?$allocator@U?$pair@$$CBV?$basic_string@DU?$char_traits@D@std@@V?$allocator@D@2@@std@@VItemValue@@@std@@@2@@std@@QAE@XZ 10002d00 f i DataHelper.obj
 0001:00001d20       ??0ItemValue@@QAE@ABV0@@Z  10002d20 f i DataHelper.obj
 0001:00001d80       ??1ItemValue@@QAE@XZ       10002d80 f i DataHelper.obj
 0001:00001e00       ?getV8Data@DataHelper@@SA?AV?$Local@VArray@v8@@@v8@@V?$vector@V?$map@V?$basic_string@DU?$char_traits@D@std@@V?$allocator@D@2@@std@@VItemValue@@U?$less@V?$basic_string@DU?$char_traits@D@std@@V?$allocator@D@2@@std@@@2@V?$allocator@U?$pair@$$CBV?$basic_string@DU?$char_traits@D@std@@V?$allocator@D@2@@std@@VItemValue@@@std@@@2@@std@@V?$allocator@V?$map@V?$basic_string@DU?$char_traits@D@std@@V?$allocator@D@2@@std@@VItemValue@@U?$less@V?$basic_string@DU?$char_traits@D@std@@V?$allocator@D@2@@std@@@2@V?$allocator@U?$pair@$$CBV?$basic_string@DU?$char_traits@D@std@@V?$allocator@D@2@@std@@VItemValue@@@std@@@2@@std@@@2@@std@@@Z 10002e00 f   DataHelper.obj
 0001:00002290       ??E?$_Tree_iterator@V?$_Tree_val@U?$_Tree_simple_types@U?$pair@$$CBV?$basic_string@DU?$char_traits@D@std@@V?$allocator@D@2@@std@@VItemValue@@@std@@@std@@@std@@@std@@QAE?AV01@H@Z 10003290 f i DataHelper.obj
 0001:000022f0       ??0?$map@V?$basic_string@DU?$char_traits@D@std@@V?$allocator@D@2@@std@@VItemValue@@U?$less@V?$basic_string@DU?$char_traits@D@std@@V?$allocator@D@2@@std@@@2@V?$allocator@U?$pair@$$CBV?$basic_string@DU?$char_traits@D@std@@V?$allocator@D@2@@std@@VItemValue@@@std@@@2@@std@@QAE@ABV01@@Z 100032f0 f i DataHelper.obj
 0001:00002350       ??1?$vector@V?$basic_string@DU?$char_traits@D@std@@V?$allocator@D@2@@std@@V?$allocator@V?$basic_string@DU?$char_traits@D@std@@V?$allocator@D@2@@std@@@2@@std@@QAE@XZ 10003350 f i DataHelper.obj
 0001:000023a0       ??0?$vector@V?$basic_string@DU?$char_traits@D@std@@V?$allocator@D@2@@std@@V?$allocator@V?$basic_string@DU?$char_traits@D@std@@V?$allocator@D@2@@std@@@2@@std@@QAE@ABV01@@Z 100033a0 f i DataHelper.obj
 0001:00002430       ?append@?$basic_string@DU?$char_traits@D@std@@V?$allocator@D@2@@std@@QAEAAV12@PBD@Z 10003430 f i DataHelper.obj
 0001:00002470       ??1?$basic_string@DU?$char_traits@D@std@@V?$allocator@D@2@@std@@QAE@XZ 10003470 f i DataHelper.obj
 0001:000024a0       ??0?$basic_string@DU?$char_traits@D@std@@V?$allocator@D@2@@std@@QAE@$$QAV01@@Z 100034a0 f i DataHelper.obj
 0001:00002510       ??0?$basic_string@DU?$char_traits@D@std@@V?$allocator@D@2@@std@@QAE@PBD@Z 10003510 f i DataHelper.obj
 0001:00002560       ??0?$basic_string@DU?$char_traits@D@std@@V?$allocator@D@2@@std@@QAE@ABV01@@Z 10003560 f i DataHelper.obj
 0001:00002590       ?_Tidy@?$vector@V?$map@V?$basic_string@DU?$char_traits@D@std@@V?$allocator@D@2@@std@@VItemValue@@U?$less@V?$basic_string@DU?$char_traits@D@std@@V?$allocator@D@2@@std@@@2@V?$allocator@U?$pair@$$CBV?$basic_string@DU?$char_traits@D@std@@V?$allocator@D@2@@std@@VItemValue@@@std@@@2@@std@@V?$allocator@V?$map@V?$basic_string@DU?$char_traits@D@std@@V?$allocator@D@2@@std@@VItemValue@@U?$less@V?$basic_string@DU?$char_traits@D@std@@V?$allocator@D@2@@std@@@2@V?$allocator@U?$pair@$$CBV?$basic_string@DU?$char_traits@D@std@@V?$allocator@D@2@@std@@VItemValue@@@std@@@2@@std@@@2@@std@@IAEXXZ 10003590 f i DataHelper.obj
 0001:00002640       ?deallocate@?$_Wrap_alloc@V?$allocator@V?$basic_string@DU?$char_traits@D@std@@V?$allocator@D@2@@std@@@std@@@std@@QAEXPAV?$basic_string@DU?$char_traits@D@std@@V?$allocator@D@2@@2@I@Z 10003640 f i DataHelper.obj
 0001:000026a0       ?_Buy@?$vector@V?$basic_string@DU?$char_traits@D@std@@V?$allocator@D@2@@std@@V?$allocator@V?$basic_string@DU?$char_traits@D@std@@V?$allocator@D@2@@std@@@2@@std@@IAE_NI@Z 100036a0 f i DataHelper.obj
 0001:00002700       ?_Tidy@?$basic_string@DU?$char_traits@D@std@@V?$allocator@D@2@@std@@QAEX_NI@Z 10003700 f i DataHelper.obj
 0001:00002750       ?assign@?$basic_string@DU?$char_traits@D@std@@V?$allocator@D@2@@std@@QAEAAV12@PBDI@Z 10003750 f i DataHelper.obj
 0001:00002850       ?assign@?$basic_string@DU?$char_traits@D@std@@V?$allocator@D@2@@std@@QAEAAV12@ABV12@II@Z 10003850 f i DataHelper.obj
 0001:00002960       ?append@?$basic_string@DU?$char_traits@D@std@@V?$allocator@D@2@@std@@QAEAAV12@PBDI@Z 10003960 f i DataHelper.obj
 0001:00002a90       ?append@?$basic_string@DU?$char_traits@D@std@@V?$allocator@D@2@@std@@QAEAAV12@ABV12@II@Z 10003a90 f i DataHelper.obj
 0001:00002b90       ?_Assign_rv@?$basic_string@DU?$char_traits@D@std@@V?$allocator@D@2@@std@@QAEX$$QAV12@@Z 10003b90 f i DataHelper.obj
 0001:00002bf0       ?erase@?$_Tree@V?$_Tmap_traits@V?$basic_string@DU?$char_traits@D@std@@V?$allocator@D@2@@std@@VItemValue@@U?$less@V?$basic_string@DU?$char_traits@D@std@@V?$allocator@D@2@@std@@@2@V?$allocator@U?$pair@$$CBV?$basic_string@DU?$char_traits@D@std@@V?$allocator@D@2@@std@@VItemValue@@@std@@@2@$0A@@std@@@std@@QAE?AV?$_Tree_iterator@V?$_Tree_val@U?$_Tree_simple_types@U?$pair@$$CBV?$basic_string@DU?$char_traits@D@std@@V?$allocator@D@2@@std@@VItemValue@@@std@@@std@@@std@@@2@V?$_Tree_const_iterator@V?$_Tree_val@U?$_Tree_simple_types@U?$pair@$$CBV?$basic_string@DU?$char_traits@D@std@@V?$allocator@D@2@@std@@VItemValue@@@std@@@std@@@std@@@2@0@Z 10003bf0 f i DataHelper.obj
 0001:00002cb0       ?deallocate@?$_Wrap_alloc@V?$allocator@D@std@@@std@@QAEXPADI@Z 10003cb0 f i DataHelper.obj
 0001:00002d10       ?erase@?$basic_string@DU?$char_traits@D@std@@V?$allocator@D@2@@std@@QAEAAV12@II@Z 10003d10 f i DataHelper.obj
 0001:00002db0       ?erase@?$_Tree@V?$_Tmap_traits@V?$basic_string@DU?$char_traits@D@std@@V?$allocator@D@2@@std@@VItemValue@@U?$less@V?$basic_string@DU?$char_traits@D@std@@V?$allocator@D@2@@std@@@2@V?$allocator@U?$pair@$$CBV?$basic_string@DU?$char_traits@D@std@@V?$allocator@D@2@@std@@VItemValue@@@std@@@2@$0A@@std@@@std@@QAE?AV?$_Tree_iterator@V?$_Tree_val@U?$_Tree_simple_types@U?$pair@$$CBV?$basic_string@DU?$char_traits@D@std@@V?$allocator@D@2@@std@@VItemValue@@@std@@@std@@@std@@@2@V?$_Tree_const_iterator@V?$_Tree_val@U?$_Tree_simple_types@U?$pair@$$CBV?$basic_string@DU?$char_traits@D@std@@V?$allocator@D@2@@std@@VItemValue@@@std@@@std@@@std@@@2@@Z 10003db0 f i DataHelper.obj
 0001:00003220       ?allocate@?$allocator@V?$basic_string@DU?$char_traits@D@std@@V?$allocator@D@2@@std@@@std@@QAEPAV?$basic_string@DU?$char_traits@D@std@@V?$allocator@D@2@@2@I@Z 10004220 f i DataHelper.obj
 0001:00003290       ?_Copy@?$basic_string@DU?$char_traits@D@std@@V?$allocator@D@2@@std@@QAEXII@Z 10004290 f i DataHelper.obj
 0001:00003340       ?_Rrotate@?$_Tree@V?$_Tmap_traits@V?$basic_string@DU?$char_traits@D@std@@V?$allocator@D@2@@std@@VItemValue@@U?$less@V?$basic_string@DU?$char_traits@D@std@@V?$allocator@D@2@@std@@@2@V?$allocator@U?$pair@$$CBV?$basic_string@DU?$char_traits@D@std@@V?$allocator@D@2@@std@@VItemValue@@@std@@@2@$0A@@std@@@std@@IAEXPAU?$_Tree_node@U?$pair@$$CBV?$basic_string@DU?$char_traits@D@std@@V?$allocator@D@2@@std@@VItemValue@@@std@@PAX@2@@Z 10004340 f i DataHelper.obj
 0001:000033a0       ?_Lrotate@?$_Tree@V?$_Tmap_traits@V?$basic_string@DU?$char_traits@D@std@@V?$allocator@D@2@@std@@VItemValue@@U?$less@V?$basic_string@DU?$char_traits@D@std@@V?$allocator@D@2@@std@@@2@V?$allocator@U?$pair@$$CBV?$basic_string@DU?$char_traits@D@std@@V?$allocator@D@2@@std@@VItemValue@@@std@@@2@$0A@@std@@@std@@IAEXPAU?$_Tree_node@U?$pair@$$CBV?$basic_string@DU?$char_traits@D@std@@V?$allocator@D@2@@std@@VItemValue@@@std@@PAX@2@@Z 100043a0 f i DataHelper.obj
 0001:000033f0       ?_Erase@?$_Tree@V?$_Tmap_traits@V?$basic_string@DU?$char_traits@D@std@@V?$allocator@D@2@@std@@VItemValue@@U?$less@V?$basic_string@DU?$char_traits@D@std@@V?$allocator@D@2@@std@@@2@V?$allocator@U?$pair@$$CBV?$basic_string@DU?$char_traits@D@std@@V?$allocator@D@2@@std@@VItemValue@@@std@@@2@$0A@@std@@@std@@IAEXPAU?$_Tree_node@U?$pair@$$CBV?$basic_string@DU?$char_traits@D@std@@V?$allocator@D@2@@std@@VItemValue@@@std@@PAX@2@@Z 100043f0 f i DataHelper.obj
 0001:00003580       ?allocate@?$_Wrap_alloc@V?$allocator@D@std@@@std@@QAEPADI@Z 10004580 f i DataHelper.obj
 0001:000035e0       ??$use_facet@V?$ctype@D@std@@@std@@YAABV?$ctype@D@0@ABVlocale@0@@Z 100045e0 f i DataHelper.obj
 0001:000036e0       ??$_Immortalize@V_Iostream_error_category@std@@@std@@YAAAV_Iostream_error_category@0@XZ 100046e0 f i DataHelper.obj
 0001:00003750       ??$New@VNumber@v8@@N@Nan@@YA?AV?$Local@VNumber@v8@@@v8@@N@Z 10004750 f i DataHelper.obj
 0001:00003780       ??$New@VString@v8@@V?$basic_string@DU?$char_traits@D@std@@V?$allocator@D@2@@std@@@Nan@@YA?AV?$MaybeLocal@VString@v8@@@v8@@V?$basic_string@DU?$char_traits@D@std@@V?$allocator@D@2@@std@@@Z 10004780 f i DataHelper.obj
 0001:000037f0       ??$New@VObject@v8@@@Nan@@YA?AV?$Local@VObject@v8@@@v8@@XZ 100047f0 f i DataHelper.obj
 0001:00003810       ??$New@VArray@v8@@I@Nan@@YA?AV?$Local@VArray@v8@@@v8@@I@Z 10004810 f i DataHelper.obj
 0001:00003830       ??$New@VDate@v8@@N@Nan@@YA?AV?$MaybeLocal@VDate@v8@@@v8@@N@Z 10004830 f i DataHelper.obj
 0001:00003880       ??$?6U?$char_traits@D@std@@@std@@YAAAV?$basic_ostream@DU?$char_traits@D@std@@@0@AAV10@PBD@Z 10004880 f i DataHelper.obj
 0001:00003b50       ??$endl@DU?$char_traits@D@std@@@std@@YAAAV?$basic_ostream@DU?$char_traits@D@std@@@0@AAV10@@Z 10004b50 f i DataHelper.obj
 0001:00003bd0       ??$_Copy@U_Copy_tag@?$_Tree@V?$_Tmap_traits@V?$basic_string@DU?$char_traits@D@std@@V?$allocator@D@2@@std@@VItemValue@@U?$less@V?$basic_string@DU?$char_traits@D@std@@V?$allocator@D@2@@std@@@2@V?$allocator@U?$pair@$$CBV?$basic_string@DU?$char_traits@D@std@@V?$allocator@D@2@@std@@VItemValue@@@std@@@2@$0A@@std@@@std@@@?$_Tree@V?$_Tmap_traits@V?$basic_string@DU?$char_traits@D@std@@V?$allocator@D@2@@std@@VItemValue@@U?$less@V?$basic_string@DU?$char_traits@D@std@@V?$allocator@D@2@@std@@@2@V?$allocator@U?$pair@$$CBV?$basic_string@DU?$char_traits@D@std@@V?$allocator@D@2@@std@@VItemValue@@@std@@@2@$0A@@std@@@std@@IAEXABV01@U_Copy_tag@01@@Z 10004bd0 f i DataHelper.obj
 0001:00003c50       ??0sentry@?$basic_ostream@DU?$char_traits@D@std@@@std@@QAE@AAV12@@Z 10004c50 f i DataHelper.obj
 0001:00003cb0       ?flush@?$basic_ostream@DU?$char_traits@D@std@@@std@@QAEAAV12@XZ 10004cb0 f i DataHelper.obj
 0001:00003d70       ?put@?$basic_ostream@DU?$char_traits@D@std@@@std@@QAEAAV12@D@Z 10004d70 f i DataHelper.obj
 0001:00003e80       ?widen@?$basic_ios@DU?$char_traits@D@std@@@std@@QBEDD@Z 10004e80 f i DataHelper.obj
 0001:00003ef0       ??$_Copy_nodes@U_Copy_tag@?$_Tree@V?$_Tmap_traits@V?$basic_string@DU?$char_traits@D@std@@V?$allocator@D@2@@std@@VItemValue@@U?$less@V?$basic_string@DU?$char_traits@D@std@@V?$allocator@D@2@@std@@@2@V?$allocator@U?$pair@$$CBV?$basic_string@DU?$char_traits@D@std@@V?$allocator@D@2@@std@@VItemValue@@@std@@@2@$0A@@std@@@std@@@?$_Tree@V?$_Tmap_traits@V?$basic_string@DU?$char_traits@D@std@@V?$allocator@D@2@@std@@VItemValue@@U?$less@V?$basic_string@DU?$char_traits@D@std@@V?$allocator@D@2@@std@@@2@V?$allocator@U?$pair@$$CBV?$basic_string@DU?$char_traits@D@std@@V?$allocator@D@2@@std@@VItemValue@@@std@@@2@$0A@@std@@@std@@IAEPAU?$_Tree_node@U?$pair@$$CBV?$basic_string@DU?$char_traits@D@std@@V?$allocator@D@2@@std@@VItemValue@@@std@@PAX@1@PAU21@0U_Copy_tag@01@@Z 10004ef0 f i DataHelper.obj
 0001:00003f90       ??$_Destroy_range@U?$_Wrap_alloc@V?$allocator@V?$basic_string@DU?$char_traits@D@std@@V?$allocator@D@2@@std@@@std@@@std@@@std@@YAXPAV?$basic_string@DU?$char_traits@D@std@@V?$allocator@D@2@@0@0AAU?$_Wrap_alloc@V?$allocator@V?$basic_string@DU?$char_traits@D@std@@V?$allocator@D@2@@std@@@std@@@0@U_Nonscalar_ptr_iterator_tag@0@@Z 10004f90 f i DataHelper.obj
 0001:00004000       ??$_Uninit_copy@PBV?$basic_string@DU?$char_traits@D@std@@V?$allocator@D@2@@std@@PAV12@V?$allocator@V?$basic_string@DU?$char_traits@D@std@@V?$allocator@D@2@@std@@@2@@std@@YAPAV?$basic_string@DU?$char_traits@D@std@@V?$allocator@D@2@@0@PBV10@0PAV10@AAU?$_Wrap_alloc@V?$allocator@V?$basic_string@DU?$char_traits@D@std@@V?$allocator@D@2@@std@@@std@@@0@U_Nonscalar_ptr_iterator_tag@0@@Z 10005000 f i DataHelper.obj
 0001:00004000       ??$_Uninit_copy@PAV?$basic_string@DU?$char_traits@D@std@@V?$allocator@D@2@@std@@PAV12@V?$allocator@V?$basic_string@DU?$char_traits@D@std@@V?$allocator@D@2@@std@@@2@@std@@YAPAV?$basic_string@DU?$char_traits@D@std@@V?$allocator@D@2@@0@PAV10@00AAU?$_Wrap_alloc@V?$allocator@V?$basic_string@DU?$char_traits@D@std@@V?$allocator@D@2@@std@@@std@@@0@U_Nonscalar_ptr_iterator_tag@0@@Z 10005000 f i save_document_async.obj
 0001:00004050       ??0?$pair@$$CBV?$basic_string@DU?$char_traits@D@std@@V?$allocator@D@2@@std@@VItemValue@@@std@@QAE@ABU01@@Z 10005050 f i DataHelper.obj
 0001:000040d0       ??0Callback@Nan@@QAE@ABV?$Local@VFunction@v8@@@v8@@@Z 100050d0 f i delete_document_async.obj
 0001:000041a0       ??0AsyncWorker@Nan@@QAE@PAVCallback@1@@Z 100051a0 f i delete_document_async.obj
 0001:00004230       ??1AsyncWorker@Nan@@UAE@XZ 10005230 f i delete_document_async.obj
 0001:000042c0       ?WorkComplete@AsyncWorker@Nan@@UAEXXZ 100052c0 f i delete_document_async.obj
 0001:00004330       ?Destroy@AsyncWorker@Nan@@UAEXXZ 10005330 f i delete_document_async.obj
 0001:00004340       ?HandleOKCallback@AsyncWorker@Nan@@MAEXXZ 10005340 f i delete_document_async.obj
 0001:000043e0       ?HandleErrorCallback@AsyncWorker@Nan@@MAEXXZ 100053e0 f i delete_document_async.obj
 0001:000044d0       ?SetErrorMessage@AsyncWorker@Nan@@IAEXPBD@Z 100054d0 f i delete_document_async.obj
 0001:00004520       ??_GAsyncWorker@Nan@@UAEPAXI@Z 10005520 f i delete_document_async.obj
 0001:00004520       ??_EAsyncWorker@Nan@@UAEPAXI@Z 10005520 f i * CIL library *:* CIL module *
 0001:00004540       ?AsyncExecute@Nan@@YAXPAUuv_work_s@@@Z 10005540 f i delete_document_async.obj
 0001:00004550       ?AsyncExecuteComplete@Nan@@YAXPAUuv_work_s@@@Z 10005550 f i delete_document_async.obj
 0001:00004580       ?GetClassNameA@LNSmartPtr@@UBEPBDXZ 10005580 f i delete_document_async.obj
 0001:000045a0       ?GetSession@LNSmartPtr@@UBEPAVLNNotesSession@@XZ 100055a0 f i delete_document_async.obj
 0001:000045b0       ?IsNull@LNSmartPtr@@UBEHXZ 100055b0 f i delete_document_async.obj
 0001:000045c0       ??0LNString@@QAE@PBD@Z     100055c0 f i delete_document_async.obj
 0001:000045e0       ?GetClassID@LNString@@UBE?AW4LNCLASSID@@XZ 100055e0 f i delete_document_async.obj
 0001:000045f0       ?GetClassID@LNDatabase@@UBE?AW4LNCLASSID@@XZ 100055f0 f i delete_document_async.obj
 0001:00004600       ?GetDatabase@LNNotesSession@@QAEKPBDPAVLNDatabase@@ABVLNString@@@Z 10005600 f i delete_document_async.obj
 0001:00004650       ??0DeleteDocumentWorker@@QAE@PAVCallback@Nan@@V?$basic_string@DU?$char_traits@D@std@@V?$allocator@D@2@@std@@11@Z 10005650 f i delete_document_async.obj
 0001:00004750       ??1DeleteDocumentWorker@@UAE@XZ 10005750 f i delete_document_async.obj
 0001:000047f0       ?Execute@DeleteDocumentWorker@@UAEXXZ 100057f0 f i delete_document_async.obj
 0001:000049d0       ?HandleOKCallback@DeleteDocumentWorker@@UAEXXZ 100059d0 f i delete_document_async.obj
 0001:00004b40       ?HandleErrorCallback@SaveDocumentWorker@@UAEXXZ 10005b40 f i save_document_async.obj
 0001:00004b40       ?HandleErrorCallback@MakeResponseDocumentWorker@@UAEXXZ 10005b40 f i makeresponse_document.obj
 0001:00004b40       ?HandleErrorCallback@DocumentWorker@@UAEXXZ 10005b40 f i document_async.obj
 0001:00004b40       ?HandleErrorCallback@DeleteDocumentWorker@@UAEXXZ 10005b40 f i delete_document_async.obj
 0001:00004b40       ?HandleErrorCallback@ResponseDocumentsWorker@@UAEXXZ 10005b40 f i getresponse_documents.obj
 0001:00004b40       ?HandleErrorCallback@ViewWorker@@UAEXXZ 10005b40 f i view_async.obj
 0001:00004cb0       ??_GDeleteDocumentWorker@@UAEPAXI@Z 10005cb0 f i delete_document_async.obj
 0001:00004cb0       ??_EDeleteDocumentWorker@@UAEPAXI@Z 10005cb0 f i * CIL library *:* CIL module *
 0001:00004ce0       ?DeleteDocumentAsync@@YAXABV?$FunctionCallbackInfo@VValue@v8@@@Nan@@@Z 10005ce0 f   delete_document_async.obj
 0001:000051c0       ?compare@?$char_traits@D@std@@SAHPBD0I@Z 100061c0 f i document_async.obj
 0001:00005220       ??0ItemValue@@QAE@V?$basic_string@DU?$char_traits@D@std@@V?$allocator@D@2@@std@@@Z 10006220 f i document_async.obj
 0001:00005290       ??0DocumentWorker@@QAE@PAVCallback@Nan@@V?$basic_string@DU?$char_traits@D@std@@V?$allocator@D@2@@std@@11@Z 10006290 f i document_async.obj
 0001:000053e0       ??1DocumentWorker@@UAE@XZ  100063e0 f i document_async.obj
 0001:000054b0       ?Execute@DocumentWorker@@UAEXXZ 100064b0 f i document_async.obj
 0001:00005970       ?HandleOKCallback@DocumentWorker@@UAEXXZ 10006970 f i document_async.obj
 0001:00005970       ?HandleOKCallback@SaveDocumentWorker@@UAEXXZ 10006970 f i save_document_async.obj
 0001:00005aa0       ??_GDocumentWorker@@UAEPAXI@Z 10006aa0 f i document_async.obj
 0001:00005aa0       ??_EDocumentWorker@@UAEPAXI@Z 10006aa0 f i * CIL library *:* CIL module *
 0001:00005ad0       ??1?$pair@V?$basic_string@DU?$char_traits@D@std@@V?$allocator@D@2@@std@@VItemValue@@@std@@QAE@XZ 10006ad0 f i document_async.obj
 0001:00005b10       ?GetDocumentAsync@@YAXABV?$FunctionCallbackInfo@VValue@v8@@@Nan@@@Z 10006b10 f   document_async.obj
 0001:00005ff0       ??0?$map@V?$basic_string@DU?$char_traits@D@std@@V?$allocator@D@2@@std@@VItemValue@@U?$less@V?$basic_string@DU?$char_traits@D@std@@V?$allocator@D@2@@std@@@2@V?$allocator@U?$pair@$$CBV?$basic_string@DU?$char_traits@D@std@@V?$allocator@D@2@@std@@VItemValue@@@std@@@2@@std@@QAE@XZ 10006ff0 f i document_async.obj
 0001:00006040       ??4?$basic_string@DU?$char_traits@D@std@@V?$allocator@D@2@@std@@QAEAAV01@PBD@Z 10007040 f i document_async.obj
 0001:00006080       ??$make_pair@AAV?$basic_string@DU?$char_traits@D@std@@V?$allocator@D@2@@std@@VItemValue@@@std@@YA?AU?$pair@V?$basic_string@DU?$char_traits@D@std@@V?$allocator@D@2@@std@@VItemValue@@@0@AAV?$basic_string@DU?$char_traits@D@std@@V?$allocator@D@2@@0@$$QAVItemValue@@@Z 10007080 f i document_async.obj
 0001:000060b0       ??$insert@U?$pair@V?$basic_string@DU?$char_traits@D@std@@V?$allocator@D@2@@std@@VItemValue@@@std@@@?$_Tree@V?$_Tmap_traits@V?$basic_string@DU?$char_traits@D@std@@V?$allocator@D@2@@std@@VItemValue@@U?$less@V?$basic_string@DU?$char_traits@D@std@@V?$allocator@D@2@@std@@@2@V?$allocator@U?$pair@$$CBV?$basic_string@DU?$char_traits@D@std@@V?$allocator@D@2@@std@@VItemValue@@@std@@@2@$0A@@std@@@std@@QAE?AU?$pair@V?$_Tree_iterator@V?$_Tree_val@U?$_Tree_simple_types@U?$pair@$$CBV?$basic_string@DU?$char_traits@D@std@@V?$allocator@D@2@@std@@VItemValue@@@std@@@std@@@std@@@std@@_N@1@$$QAU?$pair@V?$basic_string@DU?$char_traits@D@std@@V?$allocator@D@2@@std@@VItemValue@@@1@@Z 100070b0 f i document_async.obj
 0001:00006120       ??$_Buynode@U?$pair@PBDVItemValue@@@std@@@?$_Tree_comp_alloc@V?$_Tmap_traits@V?$basic_string@DU?$char_traits@D@std@@V?$allocator@D@2@@std@@VItemValue@@U?$less@V?$basic_string@DU?$char_traits@D@std@@V?$allocator@D@2@@std@@@2@V?$allocator@U?$pair@$$CBV?$basic_string@DU?$char_traits@D@std@@V?$allocator@D@2@@std@@VItemValue@@@std@@@2@$0A@@std@@@std@@QAEPAU?$_Tree_node@U?$pair@$$CBV?$basic_string@DU?$char_traits@D@std@@V?$allocator@D@2@@std@@VItemValue@@@std@@PAX@1@$$QAU?$pair@PBDVItemValue@@@1@@Z 10007120 f i document_async.obj
 0001:000061b0       ??$_Insert_nohint@AAU?$pair@$$CBV?$basic_string@DU?$char_traits@D@std@@V?$allocator@D@2@@std@@VItemValue@@@std@@PAU?$_Tree_node@U?$pair@$$CBV?$basic_string@DU?$char_traits@D@std@@V?$allocator@D@2@@std@@VItemValue@@@std@@PAX@2@@?$_Tree@V?$_Tmap_traits@V?$basic_string@DU?$char_traits@D@std@@V?$allocator@D@2@@std@@VItemValue@@U?$less@V?$basic_string@DU?$char_traits@D@std@@V?$allocator@D@2@@std@@@2@V?$allocator@U?$pair@$$CBV?$basic_string@DU?$char_traits@D@std@@V?$allocator@D@2@@std@@VItemValue@@@std@@@2@$0A@@std@@@std@@IAE?AU?$pair@V?$_Tree_iterator@V?$_Tree_val@U?$_Tree_simple_types@U?$pair@$$CBV?$basic_string@DU?$char_traits@D@std@@V?$allocator@D@2@@std@@VItemValue@@@std@@@std@@@std@@@std@@_N@1@_NAAU?$pair@$$CBV?$basic_string@DU?$char_traits@D@std@@V?$allocator@D@2@@std@@VItemValue@@@1@PAU?$_Tree_node@U?$pair@$$CBV?$basic_string@DU?$char_traits@D@std@@V?$allocator@D@2@@std@@VItemValue@@@std@@PAX@1@@Z 100071b0 f i document_async.obj
 0001:00006320       ??0ItemValue@@QAE@$$QAV0@@Z 10007320 f i document_async.obj
 0001:000063f0       ?_Destroy_if_not_nil@?$_Tree@V?$_Tmap_traits@V?$basic_string@DU?$char_traits@D@std@@V?$allocator@D@2@@std@@VItemValue@@U?$less@V?$basic_string@DU?$char_traits@D@std@@V?$allocator@D@2@@std@@@2@V?$allocator@U?$pair@$$CBV?$basic_string@DU?$char_traits@D@std@@V?$allocator@D@2@@std@@VItemValue@@@std@@@2@$0A@@std@@@std@@IAEXPAU?$_Tree_node@U?$pair@$$CBV?$basic_string@DU?$char_traits@D@std@@V?$allocator@D@2@@std@@VItemValue@@@std@@PAX@2@@Z 100073f0 f i document_async.obj
 0001:00006440       ??R?$less@V?$basic_string@DU?$char_traits@D@std@@V?$allocator@D@2@@std@@@std@@QBE_NABV?$basic_string@DU?$char_traits@D@std@@V?$allocator@D@2@@1@0@Z 10007440 f i document_async.obj
 0001:000064a0       ??F?$_Tree_unchecked_const_iterator@V?$_Tree_val@U?$_Tree_simple_types@U?$pair@$$CBV?$basic_string@DU?$char_traits@D@std@@V?$allocator@D@2@@std@@VItemValue@@@std@@@std@@@std@@U_Iterator_base0@2@@std@@QAEAAV01@XZ 100074a0 f i document_async.obj
 0001:00006500       ??$_Insert_at@AAU?$pair@$$CBV?$basic_string@DU?$char_traits@D@std@@V?$allocator@D@2@@std@@VItemValue@@@std@@PAU?$_Tree_node@U?$pair@$$CBV?$basic_string@DU?$char_traits@D@std@@V?$allocator@D@2@@std@@VItemValue@@@std@@PAX@2@@?$_Tree@V?$_Tmap_traits@V?$basic_string@DU?$char_traits@D@std@@V?$allocator@D@2@@std@@VItemValue@@U?$less@V?$basic_string@DU?$char_traits@D@std@@V?$allocator@D@2@@std@@@2@V?$allocator@U?$pair@$$CBV?$basic_string@DU?$char_traits@D@std@@V?$allocator@D@2@@std@@VItemValue@@@std@@@2@$0A@@std@@@std@@IAE?AV?$_Tree_iterator@V?$_Tree_val@U?$_Tree_simple_types@U?$pair@$$CBV?$basic_string@DU?$char_traits@D@std@@V?$allocator@D@2@@std@@VItemValue@@@std@@@std@@@std@@@1@_NPAU?$_Tree_node@U?$pair@$$CBV?$basic_string@DU?$char_traits@D@std@@V?$allocator@D@2@@std@@VItemValue@@@std@@PAX@1@AAU?$pair@$$CBV?$basic_string@DU?$char_traits@D@std@@V?$allocator@D@2@@std@@VItemValue@@@1@1@Z 10007500 f i document_async.obj
 0001:00006710       ??$?0V?$basic_string@DU?$char_traits@D@std@@V?$allocator@D@2@@std@@VItemValue@@X@?$pair@$$CBV?$basic_string@DU?$char_traits@D@std@@V?$allocator@D@2@@std@@VItemValue@@@std@@QAE@$$QAU?$pair@V?$basic_string@DU?$char_traits@D@std@@V?$allocator@D@2@@std@@VItemValue@@@1@@Z 10007710 f i document_async.obj
 0001:00006780       ?GetSession@LNNoteArray@@UBEPAVLNNotesSession@@XZ 10007780 f i getresponse_documents.obj
 0001:00006790       ?GetClassID@LNDocumentArray@@UBE?AW4LNCLASSID@@XZ 10007790 f i getresponse_documents.obj
 0001:000067a0       ??_ELNDocumentArray@@UAEPAXI@Z 100077a0 f i * CIL library *:* CIL module *
 0001:000067a0       ??_GLNDocumentArray@@UAEPAXI@Z 100077a0 f i getresponse_documents.obj
 0001:000067d0       ??0ResponseDocumentsWorker@@QAE@PAVCallback@Nan@@V?$basic_string@DU?$char_traits@D@std@@V?$allocator@D@2@@std@@11@Z 100077d0 f i getresponse_documents.obj
 0001:000068f0       ??1ResponseDocumentsWorker@@UAE@XZ 100078f0 f i getresponse_documents.obj
 0001:000069a0       ?Execute@ResponseDocumentsWorker@@UAEXXZ 100079a0 f i getresponse_documents.obj
 0001:000070c0       ?HandleOKCallback@ResponseDocumentsWorker@@UAEXXZ 100080c0 f i getresponse_documents.obj
 0001:000071a0       ??_EResponseDocumentsWorker@@UAEPAXI@Z 100081a0 f i * CIL library *:* CIL module *
 0001:000071a0       ??_GResponseDocumentsWorker@@UAEPAXI@Z 100081a0 f i getresponse_documents.obj
 0001:000071d0       ?GetResponseDocumentsAsync@@YAXABV?$FunctionCallbackInfo@VValue@v8@@@Nan@@@Z 100081d0 f   getresponse_documents.obj
 0001:000076b0       ?push_back@?$vector@V?$map@V?$basic_string@DU?$char_traits@D@std@@V?$allocator@D@2@@std@@VItemValue@@U?$less@V?$basic_string@DU?$char_traits@D@std@@V?$allocator@D@2@@std@@@2@V?$allocator@U?$pair@$$CBV?$basic_string@DU?$char_traits@D@std@@V?$allocator@D@2@@std@@VItemValue@@@std@@@2@@std@@V?$allocator@V?$map@V?$basic_string@DU?$char_traits@D@std@@V?$allocator@D@2@@std@@VItemValue@@U?$less@V?$basic_string@DU?$char_traits@D@std@@V?$allocator@D@2@@std@@@2@V?$allocator@U?$pair@$$CBV?$basic_string@DU?$char_traits@D@std@@V?$allocator@D@2@@std@@VItemValue@@@std@@@2@@std@@@2@@std@@QAEXABV?$map@V?$basic_string@DU?$char_traits@D@std@@V?$allocator@D@2@@std@@VItemValue@@U?$less@V?$basic_string@DU?$char_traits@D@std@@V?$allocator@D@2@@std@@@2@V?$allocator@U?$pair@$$CBV?$basic_string@DU?$char_traits@D@std@@V?$allocator@D@2@@std@@VItemValue@@@std@@@2@@2@@Z 100086b0 f i getresponse_documents.obj
 0001:00007710       ??0?$vector@V?$map@V?$basic_string@DU?$char_traits@D@std@@V?$allocator@D@2@@std@@VItemValue@@U?$less@V?$basic_string@DU?$char_traits@D@std@@V?$allocator@D@2@@std@@@2@V?$allocator@U?$pair@$$CBV?$basic_string@DU?$char_traits@D@std@@V?$allocator@D@2@@std@@VItemValue@@@std@@@2@@std@@V?$allocator@V?$map@V?$basic_string@DU?$char_traits@D@std@@V?$allocator@D@2@@std@@VItemValue@@U?$less@V?$basic_string@DU?$char_traits@D@std@@V?$allocator@D@2@@std@@@2@V?$allocator@U?$pair@$$CBV?$basic_string@DU?$char_traits@D@std@@V?$allocator@D@2@@std@@VItemValue@@@std@@@2@@std@@@2@@std@@QAE@ABV01@@Z 10008710 f i getresponse_documents.obj
 0001:00007790       ?_Reserve@?$vector@V?$map@V?$basic_string@DU?$char_traits@D@std@@V?$allocator@D@2@@std@@VItemValue@@U?$less@V?$basic_string@DU?$char_traits@D@std@@V?$allocator@D@2@@std@@@2@V?$allocator@U?$pair@$$CBV?$basic_string@DU?$char_traits@D@std@@V?$allocator@D@2@@std@@VItemValue@@@std@@@2@@std@@V?$allocator@V?$map@V?$basic_string@DU?$char_traits@D@std@@V?$allocator@D@2@@std@@VItemValue@@U?$less@V?$basic_string@DU?$char_traits@D@std@@V?$allocator@D@2@@std@@@2@V?$allocator@U?$pair@$$CBV?$basic_string@DU?$char_traits@D@std@@V?$allocator@D@2@@std@@VItemValue@@@std@@@2@@std@@@2@@std@@IAEXI@Z 10008790 f i getresponse_documents.obj
 0001:00007800       ?_Reallocate@?$vector@V?$map@V?$basic_string@DU?$char_traits@D@std@@V?$allocator@D@2@@std@@VItemValue@@U?$less@V?$basic_string@DU?$char_traits@D@std@@V?$allocator@D@2@@std@@@2@V?$allocator@U?$pair@$$CBV?$basic_string@DU?$char_traits@D@std@@V?$allocator@D@2@@std@@VItemValue@@@std@@@2@@std@@V?$allocator@V?$map@V?$basic_string@DU?$char_traits@D@std@@V?$allocator@D@2@@std@@VItemValue@@U?$less@V?$basic_string@DU?$char_traits@D@std@@V?$allocator@D@2@@std@@@2@V?$allocator@U?$pair@$$CBV?$basic_string@DU?$char_traits@D@std@@V?$allocator@D@2@@std@@VItemValue@@@std@@@2@@std@@@2@@std@@IAEXI@Z 10008800 f i getresponse_documents.obj
 0001:000078f0       ?allocate@?$allocator@V?$map@V?$basic_string@DU?$char_traits@D@std@@V?$allocator@D@2@@std@@VItemValue@@U?$less@V?$basic_string@DU?$char_traits@D@std@@V?$allocator@D@2@@std@@@2@V?$allocator@U?$pair@$$CBV?$basic_string@DU?$char_traits@D@std@@V?$allocator@D@2@@std@@VItemValue@@@std@@@2@@std@@@std@@QAEPAV?$map@V?$basic_string@DU?$char_traits@D@std@@V?$allocator@D@2@@std@@VItemValue@@U?$less@V?$basic_string@DU?$char_traits@D@std@@V?$allocator@D@2@@std@@@2@V?$allocator@U?$pair@$$CBV?$basic_string@DU?$char_traits@D@std@@V?$allocator@D@2@@std@@VItemValue@@@std@@@2@@2@I@Z 100088f0 f i getresponse_documents.obj
 0001:00007960       ??$construct@V?$map@V?$basic_string@DU?$char_traits@D@std@@V?$allocator@D@2@@std@@VItemValue@@U?$less@V?$basic_string@DU?$char_traits@D@std@@V?$allocator@D@2@@std@@@2@V?$allocator@U?$pair@$$CBV?$basic_string@DU?$char_traits@D@std@@V?$allocator@D@2@@std@@VItemValue@@@std@@@2@@std@@AAV12@@?$_Wrap_alloc@V?$allocator@V?$map@V?$basic_string@DU?$char_traits@D@std@@V?$allocator@D@2@@std@@VItemValue@@U?$less@V?$basic_string@DU?$char_traits@D@std@@V?$allocator@D@2@@std@@@2@V?$allocator@U?$pair@$$CBV?$basic_string@DU?$char_traits@D@std@@V?$allocator@D@2@@std@@VItemValue@@@std@@@2@@std@@@std@@@std@@QAEXPAV?$map@V?$basic_string@DU?$char_traits@D@std@@V?$allocator@D@2@@std@@VItemValue@@U?$less@V?$basic_string@DU?$char_traits@D@std@@V?$allocator@D@2@@std@@@2@V?$allocator@U?$pair@$$CBV?$basic_string@DU?$char_traits@D@std@@V?$allocator@D@2@@std@@VItemValue@@@std@@@2@@1@AAV21@@Z 10008960 f i getresponse_documents.obj
 0001:00007960       ??$construct@V?$map@V?$basic_string@DU?$char_traits@D@std@@V?$allocator@D@2@@std@@VItemValue@@U?$less@V?$basic_string@DU?$char_traits@D@std@@V?$allocator@D@2@@std@@@2@V?$allocator@U?$pair@$$CBV?$basic_string@DU?$char_traits@D@std@@V?$allocator@D@2@@std@@VItemValue@@@std@@@2@@std@@ABV12@@?$_Wrap_alloc@V?$allocator@V?$map@V?$basic_string@DU?$char_traits@D@std@@V?$allocator@D@2@@std@@VItemValue@@U?$less@V?$basic_string@DU?$char_traits@D@std@@V?$allocator@D@2@@std@@@2@V?$allocator@U?$pair@$$CBV?$basic_string@DU?$char_traits@D@std@@V?$allocator@D@2@@std@@VItemValue@@@std@@@2@@std@@@std@@@std@@QAEXPAV?$map@V?$basic_string@DU?$char_traits@D@std@@V?$allocator@D@2@@std@@VItemValue@@U?$less@V?$basic_string@DU?$char_traits@D@std@@V?$allocator@D@2@@std@@@2@V?$allocator@U?$pair@$$CBV?$basic_string@DU?$char_traits@D@std@@V?$allocator@D@2@@std@@VItemValue@@@std@@@2@@1@ABV21@@Z 10008960 f i getresponse_documents.obj
 0001:000079c0       ??$_Uninit_copy@PBV?$map@V?$basic_string@DU?$char_traits@D@std@@V?$allocator@D@2@@std@@VItemValue@@U?$less@V?$basic_string@DU?$char_traits@D@std@@V?$allocator@D@2@@std@@@2@V?$allocator@U?$pair@$$CBV?$basic_string@DU?$char_traits@D@std@@V?$allocator@D@2@@std@@VItemValue@@@std@@@2@@std@@PAV12@V?$allocator@V?$map@V?$basic_string@DU?$char_traits@D@std@@V?$allocator@D@2@@std@@VItemValue@@U?$less@V?$basic_string@DU?$char_traits@D@std@@V?$allocator@D@2@@std@@@2@V?$allocator@U?$pair@$$CBV?$basic_string@DU?$char_traits@D@std@@V?$allocator@D@2@@std@@VItemValue@@@std@@@2@@std@@@2@@std@@YAPAV?$map@V?$basic_string@DU?$char_traits@D@std@@V?$allocator@D@2@@std@@VItemValue@@U?$less@V?$basic_string@DU?$char_traits@D@std@@V?$allocator@D@2@@std@@@2@V?$allocator@U?$pair@$$CBV?$basic_string@DU?$char_traits@D@std@@V?$allocator@D@2@@std@@VItemValue@@@std@@@2@@0@PBV10@0PAV10@AAU?$_Wrap_alloc@V?$allocator@V?$map@V?$basic_string@DU?$char_traits@D@std@@V?$allocator@D@2@@std@@VItemValue@@U?$less@V?$basic_string@DU?$char_traits@D@std@@V?$allocator@D@2@@std@@@2@V?$allocator@U?$pair@$$CBV?$basic_string@DU?$char_traits@D@std@@V?$allocator@D@2@@std@@VItemValue@@@std@@@2@@std@@@std@@@0@U_Nonscalar_ptr_iterator_tag@0@@Z 100089c0 f i getresponse_documents.obj
 0001:00007a30       ??$_Uninit_move@PAV?$map@V?$basic_string@DU?$char_traits@D@std@@V?$allocator@D@2@@std@@VItemValue@@U?$less@V?$basic_string@DU?$char_traits@D@std@@V?$allocator@D@2@@std@@@2@V?$allocator@U?$pair@$$CBV?$basic_string@DU?$char_traits@D@std@@V?$allocator@D@2@@std@@VItemValue@@@std@@@2@@std@@PAV12@V?$allocator@V?$map@V?$basic_string@DU?$char_traits@D@std@@V?$allocator@D@2@@std@@VItemValue@@U?$less@V?$basic_string@DU?$char_traits@D@std@@V?$allocator@D@2@@std@@@2@V?$allocator@U?$pair@$$CBV?$basic_string@DU?$char_traits@D@std@@V?$allocator@D@2@@std@@VItemValue@@@std@@@2@@std@@@2@V12@@std@@YAPAV?$map@V?$basic_string@DU?$char_traits@D@std@@V?$allocator@D@2@@std@@VItemValue@@U?$less@V?$basic_string@DU?$char_traits@D@std@@V?$allocator@D@2@@std@@@2@V?$allocator@U?$pair@$$CBV?$basic_string@DU?$char_traits@D@std@@V?$allocator@D@2@@std@@VItemValue@@@std@@@2@@0@PAV10@00AAU?$_Wrap_alloc@V?$allocator@V?$map@V?$basic_string@DU?$char_traits@D@std@@V?$allocator@D@2@@std@@VItemValue@@U?$less@V?$basic_string@DU?$char_traits@D@std@@V?$allocator@D@2@@std@@@2@V?$allocator@U?$pair@$$CBV?$basic_string@DU?$char_traits@D@std@@V?$allocator@D@2@@std@@VItemValue@@@std@@@2@@std@@@std@@@0@0U_Nonscalar_ptr_iterator_tag@0@@Z 10008a30 f i getresponse_documents.obj
 0001:00007ab0       ?IsBody@LNNotesClass@@UBEHXZ 10008ab0 f i ItemValue.obj
 0001:00007ab0       ?Close@LNNotesClass@@UAEKXZ 10008ab0 f i ItemValue.obj
 0001:00007ab0       ?sync@?$basic_streambuf@DU?$char_traits@D@std@@@std@@MAEHXZ 10008ab0 f i libcpmt:cout.obj
 0001:00007ac0       ?GetClassNameA@LNNotesClass@@UBEPBDXZ 10008ac0 f i ItemValue.obj
 0001:00007ae0       ?GetSession@LNNotesClass@@UBEPAVLNNotesSession@@XZ 10008ae0 f i ItemValue.obj
 0001:00007af0       ?GetClassID@LNDatetime@@UBE?AW4LNCLASSID@@XZ 10008af0 f i ItemValue.obj
 0001:00007b00       ??_ELNDatetime@@UAEPAXI@Z  10008b00 f i * CIL library *:* CIL module *
 0001:00007b00       ??_GLNDatetime@@UAEPAXI@Z  10008b00 f i ItemValue.obj
 0001:00007b40       ?GetClassID@LNDatetimes@@UBE?AW4LNCLASSID@@XZ 10008b40 f i ItemValue.obj
 0001:00007b50       ?GetClassID@LNNumbers@@UBE?AW4LNCLASSID@@XZ 10008b50 f i ItemValue.obj
 0001:00007b60       ?GetClassID@LNText@@UBE?AW4LNCLASSID@@XZ 10008b60 f i ItemValue.obj
 0001:00007b70       ?TextItem@ItemValue@@QAEXPAVLNItem@@@Z 10008b70 f   ItemValue.obj
 0001:00007e50       ??0ItemValue@@QAE@PAVLNItem@@@Z 10008e50 f   ItemValue.obj
 0001:00007fd0       ?DateValue@ItemValue@@QAEXPAVLNDatetime@@@Z 10008fd0 f   ItemValue.obj
 0001:00008100       ?push_back@?$vector@V?$basic_string@DU?$char_traits@D@std@@V?$allocator@D@2@@std@@V?$allocator@V?$basic_string@DU?$char_traits@D@std@@V?$allocator@D@2@@std@@@2@@std@@QAEX$$QAV?$basic_string@DU?$char_traits@D@std@@V?$allocator@D@2@@2@@Z 10009100 f i ItemValue.obj
 0001:00008180       ?_Reserve@?$vector@V?$basic_string@DU?$char_traits@D@std@@V?$allocator@D@2@@std@@V?$allocator@V?$basic_string@DU?$char_traits@D@std@@V?$allocator@D@2@@std@@@2@@std@@IAEXI@Z 10009180 f i ItemValue.obj
 0001:00008210       ?_Reallocate@?$vector@V?$basic_string@DU?$char_traits@D@std@@V?$allocator@D@2@@std@@V?$allocator@V?$basic_string@DU?$char_traits@D@std@@V?$allocator@D@2@@std@@@2@@std@@IAEXI@Z 10009210 f i ItemValue.obj
 0001:000082b0       ??$_Uninit_move@PAV?$basic_string@DU?$char_traits@D@std@@V?$allocator@D@2@@std@@PAV12@V?$allocator@V?$basic_string@DU?$char_traits@D@std@@V?$allocator@D@2@@std@@@2@V12@@std@@YAPAV?$basic_string@DU?$char_traits@D@std@@V?$allocator@D@2@@0@PAV10@00AAU?$_Wrap_alloc@V?$allocator@V?$basic_string@DU?$char_traits@D@std@@V?$allocator@D@2@@std@@@std@@@0@0U_Nonscalar_ptr_iterator_tag@0@@Z 100092b0 f i ItemValue.obj
 0001:00008330       ??0MakeResponseDocumentWorker@@QAE@PAVCallback@Nan@@V?$basic_string@DU?$char_traits@D@std@@V?$allocator@D@2@@std@@111@Z 10009330 f i makeresponse_document.obj
 0001:00008480       ??1MakeResponseDocumentWorker@@UAE@XZ 10009480 f i makeresponse_document.obj
 0001:00008540       ?Execute@MakeResponseDocumentWorker@@UAEXXZ 10009540 f i makeresponse_document.obj
 0001:00008790       ?HandleOKCallback@MakeResponseDocumentWorker@@UAEXXZ 10009790 f i makeresponse_document.obj
 0001:00008900       ??_EMakeResponseDocumentWorker@@UAEPAXI@Z 10009900 f i * CIL library *:* CIL module *
 0001:00008900       ??_GMakeResponseDocumentWorker@@UAEPAXI@Z 10009900 f i makeresponse_document.obj
 0001:00008930       ?MakeResponseDocumentAsync@@YAXABV?$FunctionCallbackInfo@VValue@v8@@@Nan@@@Z 10009930 f   makeresponse_document.obj
 0001:00008fb0       ?GetClassID@LNItem@@UBE?AW4LNCLASSID@@XZ 10009fb0 f i replicate_database_async.obj
 0001:00008fc0       ??0ReplicateDatabaseWorker@@QAE@PAVCallback@Nan@@V?$basic_string@DU?$char_traits@D@std@@V?$allocator@D@2@@std@@1@Z 10009fc0 f i replicate_database_async.obj
 0001:00009090       ??1ReplicateDatabaseWorker@@UAE@XZ 1000a090 f i replicate_database_async.obj
 0001:00009130       ?Execute@ReplicateDatabaseWorker@@UAEXXZ 1000a130 f i replicate_database_async.obj
 0001:00009380       ?HandleOKCallback@ReplicateDatabaseWorker@@UAEXXZ 1000a380 f i replicate_database_async.obj
 0001:00009570       ??_GReplicateDatabaseWorker@@UAEPAXI@Z 1000a570 f i replicate_database_async.obj
 0001:00009570       ??_EReplicateDatabaseWorker@@UAEPAXI@Z 1000a570 f i * CIL library *:* CIL module *
 0001:000095a0       ?ReplicateDatabaseAsync@@YAXABV?$FunctionCallbackInfo@VValue@v8@@@Nan@@@Z 1000a5a0 f   replicate_database_async.obj
 0001:00009900       ??$?6DU?$char_traits@D@std@@V?$allocator@D@1@@std@@YAAAV?$basic_ostream@DU?$char_traits@D@std@@@0@AAV10@ABV?$basic_string@DU?$char_traits@D@std@@V?$allocator@D@2@@0@@Z 1000a900 f i replicate_database_async.obj
 0001:00009b80       ??0ItemValue@@QAE@V?$vector@V?$basic_string@DU?$char_traits@D@std@@V?$allocator@D@2@@std@@V?$allocator@V?$basic_string@DU?$char_traits@D@std@@V?$allocator@D@2@@std@@@2@@std@@@Z 1000ab80 f i save_document_async.obj
 0001:00009c00       ??0SaveDocumentWorker@@QAE@PAVCallback@Nan@@V?$basic_string@DU?$char_traits@D@std@@V?$allocator@D@2@@std@@1V?$map@V?$basic_string@DU?$char_traits@D@std@@V?$allocator@D@2@@std@@VItemValue@@U?$less@V?$basic_string@DU?$char_traits@D@std@@V?$allocator@D@2@@std@@@2@V?$allocator@U?$pair@$$CBV?$basic_string@DU?$char_traits@D@std@@V?$allocator@D@2@@std@@VItemValue@@@std@@@2@@4@@Z 1000ac00 f i save_document_async.obj
 0001:00009d60       ??1SaveDocumentWorker@@UAE@XZ 1000ad60 f i save_document_async.obj
 0001:00009e30       ?Execute@SaveDocumentWorker@@UAEXXZ 1000ae30 f i save_document_async.obj
 0001:0000a8d0       ??_GSaveDocumentWorker@@UAEPAXI@Z 1000b8d0 f i save_document_async.obj
 0001:0000a8d0       ??_ESaveDocumentWorker@@UAEPAXI@Z 1000b8d0 f i * CIL library *:* CIL module *
 0001:0000a900       ?SaveDocumentAsync@@YAXABV?$FunctionCallbackInfo@VValue@v8@@@Nan@@@Z 1000b900 f   save_document_async.obj
 0001:0000b590       ?find@?$_Tree@V?$_Tmap_traits@V?$basic_string@DU?$char_traits@D@std@@V?$allocator@D@2@@std@@VItemValue@@U?$less@V?$basic_string@DU?$char_traits@D@std@@V?$allocator@D@2@@std@@@2@V?$allocator@U?$pair@$$CBV?$basic_string@DU?$char_traits@D@std@@V?$allocator@D@2@@std@@VItemValue@@@std@@@2@$0A@@std@@@std@@QAE?AV?$_Tree_iterator@V?$_Tree_val@U?$_Tree_simple_types@U?$pair@$$CBV?$basic_string@DU?$char_traits@D@std@@V?$allocator@D@2@@std@@VItemValue@@@std@@@std@@@std@@@2@ABV?$basic_string@DU?$char_traits@D@std@@V?$allocator@D@2@@2@@Z 1000c590 f i save_document_async.obj
 0001:0000b620       ??4?$vector@V?$basic_string@DU?$char_traits@D@std@@V?$allocator@D@2@@std@@V?$allocator@V?$basic_string@DU?$char_traits@D@std@@V?$allocator@D@2@@std@@@2@@std@@QAEAAV01@ABV01@@Z 1000c620 f i save_document_async.obj
 0001:0000b7a0       ??$_Copy_impl@PAV?$basic_string@DU?$char_traits@D@std@@V?$allocator@D@2@@std@@PAV12@@std@@YAPAV?$basic_string@DU?$char_traits@D@std@@V?$allocator@D@2@@0@PAV10@00@Z 1000c7a0 f i save_document_async.obj
 0001:0000b7d0       ??$_Lbound@V?$basic_string@DU?$char_traits@D@std@@V?$allocator@D@2@@std@@@?$_Tree@V?$_Tmap_traits@V?$basic_string@DU?$char_traits@D@std@@V?$allocator@D@2@@std@@VItemValue@@U?$less@V?$basic_string@DU?$char_traits@D@std@@V?$allocator@D@2@@std@@@2@V?$allocator@U?$pair@$$CBV?$basic_string@DU?$char_traits@D@std@@V?$allocator@D@2@@std@@VItemValue@@@std@@@2@$0A@@std@@@std@@IBEPAU?$_Tree_node@U?$pair@$$CBV?$basic_string@DU?$char_traits@D@std@@V?$allocator@D@2@@std@@VItemValue@@@std@@PAX@1@ABV?$basic_string@DU?$char_traits@D@std@@V?$allocator@D@2@@1@@Z 1000c7d0 f i save_document_async.obj
 0001:0000b8b0       ___local_stdio_printf_options 1000c8b0 f i view_async.obj
 0001:0000b8c0       _sprintf_s                 1000c8c0 f i view_async.obj
 0001:0000b900       ?IsNull@LNNote@@UBEHXZ     1000c900 f i view_async.obj
 0001:0000b920       ?CreateNoteBody@LNNote@@MAEKK@Z 1000c920 f i view_async.obj
 0001:0000b930       ?GetClassID@LNViewFolder@@UBE?AW4LNCLASSID@@XZ 1000c930 f i view_async.obj
 0001:0000b940       ?GetClassID@LNVFColumn@@UBE?AW4LNCLASSID@@XZ 1000c940 f i view_async.obj
 0001:0000b950       ?GetClassID@LNVFEntry@@UBE?AW4LNCLASSID@@XZ 1000c950 f i view_async.obj
 0001:0000b960       ?GetClassID@LNVFNavigator@@UBE?AW4LNCLASSID@@XZ 1000c960 f i view_async.obj
 0001:0000b970       ??0ViewWorker@@QAE@PAVCallback@Nan@@V?$basic_string@DU?$char_traits@D@std@@V?$allocator@D@2@@std@@1111@Z 1000c970 f i view_async.obj
 0001:0000bb30       ??1ViewWorker@@UAE@XZ      1000cb30 f i view_async.obj
 0001:0000bc30       ?Execute@ViewWorker@@UAEXXZ 1000cc30 f i view_async.obj
 0001:0000c5f0       ?HandleOKCallback@ViewWorker@@UAEXXZ 1000d5f0 f i view_async.obj
 0001:0000c6d0       ??_EViewWorker@@UAEPAXI@Z  1000d6d0 f i * CIL library *:* CIL module *
 0001:0000c6d0       ??_GViewWorker@@UAEPAXI@Z  1000d6d0 f i view_async.obj
 0001:0000c700       ?GetViewAsync@@YAXABV?$FunctionCallbackInfo@VValue@v8@@@Nan@@@Z 1000d700 f   view_async.obj
 0001:0000cf70       ??6?$basic_ostream@DU?$char_traits@D@std@@@std@@QAEAAV01@K@Z 1000df70 f i view_async.obj
 0001:0000d0b0       ?do_put@?$num_put@DV?$ostreambuf_iterator@DU?$char_traits@D@std@@@std@@@std@@MBE?AV?$ostreambuf_iterator@DU?$char_traits@D@std@@@2@V32@AAVios_base@2@DPBX@Z 1000e0b0 f i view_async.obj
 0001:0000d120       ?do_put@?$num_put@DV?$ostreambuf_iterator@DU?$char_traits@D@std@@@std@@@std@@MBE?AV?$ostreambuf_iterator@DU?$char_traits@D@std@@@2@V32@AAVios_base@2@DO@Z 1000e120 f i view_async.obj
 0001:0000d2d0       ?do_put@?$num_put@DV?$ostreambuf_iterator@DU?$char_traits@D@std@@@std@@@std@@MBE?AV?$ostreambuf_iterator@DU?$char_traits@D@std@@@2@V32@AAVios_base@2@DN@Z 1000e2d0 f i view_async.obj
 0001:0000d480       ?do_put@?$num_put@DV?$ostreambuf_iterator@DU?$char_traits@D@std@@@std@@@std@@MBE?AV?$ostreambuf_iterator@DU?$char_traits@D@std@@@2@V32@AAVios_base@2@D_K@Z 1000e480 f i view_async.obj
 0001:0000d500       ?do_put@?$num_put@DV?$ostreambuf_iterator@DU?$char_traits@D@std@@@std@@@std@@MBE?AV?$ostreambuf_iterator@DU?$char_traits@D@std@@@2@V32@AAVios_base@2@D_J@Z 1000e500 f i view_async.obj
 0001:0000d580       ?do_put@?$num_put@DV?$ostreambuf_iterator@DU?$char_traits@D@std@@@std@@@std@@MBE?AV?$ostreambuf_iterator@DU?$char_traits@D@std@@@2@V32@AAVios_base@2@DK@Z 1000e580 f i view_async.obj
 0001:0000d600       ?do_put@?$num_put@DV?$ostreambuf_iterator@DU?$char_traits@D@std@@@std@@@std@@MBE?AV?$ostreambuf_iterator@DU?$char_traits@D@std@@@2@V32@AAVios_base@2@DJ@Z 1000e600 f i view_async.obj
 0001:0000d680       ?do_put@?$num_put@DV?$ostreambuf_iterator@DU?$char_traits@D@std@@@std@@@std@@MBE?AV?$ostreambuf_iterator@DU?$char_traits@D@std@@@2@V32@AAVios_base@2@D_N@Z 1000e680 f i view_async.obj
 0001:0000d840       ?assign@?$basic_string@DU?$char_traits@D@std@@V?$allocator@D@2@@std@@QAEAAV12@ID@Z 1000e840 f i view_async.obj
 0001:0000d910       ??_G?$num_put@DV?$ostreambuf_iterator@DU?$char_traits@D@std@@@std@@@std@@MAEPAXI@Z 1000e910 f i view_async.obj
 0001:0000d910       ??_E?$num_put@DV?$ostreambuf_iterator@DU?$char_traits@D@std@@@std@@@std@@MAEPAXI@Z 1000e910 f i * CIL library *:* CIL module *
 0001:0000d940       ?do_truename@?$numpunct@D@std@@MBE?AV?$basic_string@DU?$char_traits@D@std@@V?$allocator@D@2@@2@XZ 1000e940 f i view_async.obj
 0001:0000d990       ?do_falsename@?$numpunct@D@std@@MBE?AV?$basic_string@DU?$char_traits@D@std@@V?$allocator@D@2@@2@XZ 1000e990 f i view_async.obj
 0001:0000d9e0       ?do_grouping@?$numpunct@D@std@@MBE?AV?$basic_string@DU?$char_traits@D@std@@V?$allocator@D@2@@2@XZ 1000e9e0 f i view_async.obj
 0001:0000da30       ?do_thousands_sep@?$numpunct@D@std@@MBEDXZ 1000ea30 f i view_async.obj
 0001:0000da40       ?do_decimal_point@?$numpunct@D@std@@MBEDXZ 1000ea40 f i view_async.obj
 0001:0000da50       ?truename@?$numpunct@D@std@@QBE?AV?$basic_string@DU?$char_traits@D@std@@V?$allocator@D@2@@2@XZ 1000ea50 f i view_async.obj
 0001:0000dac0       ?falsename@?$numpunct@D@std@@QBE?AV?$basic_string@DU?$char_traits@D@std@@V?$allocator@D@2@@2@XZ 1000eac0 f i view_async.obj
 0001:0000db30       ?_Rep@?$num_put@DV?$ostreambuf_iterator@DU?$char_traits@D@std@@@std@@@std@@ABA?AV?$ostreambuf_iterator@DU?$char_traits@D@std@@@2@V32@DI@Z 1000eb30 f i view_async.obj
 0001:0000dba0       ?_Put@?$num_put@DV?$ostreambuf_iterator@DU?$char_traits@D@std@@@std@@@std@@ABA?AV?$ostreambuf_iterator@DU?$char_traits@D@std@@@2@V32@PBDI@Z 1000eba0 f i view_async.obj
 0001:0000dc20       ?_Iput@?$num_put@DV?$ostreambuf_iterator@DU?$char_traits@D@std@@@std@@@std@@ABA?AV?$ostreambuf_iterator@DU?$char_traits@D@std@@@2@V32@AAVios_base@2@DPADI@Z 1000ec20 f i view_async.obj
 0001:0000e010       ?_Ifmt@?$num_put@DV?$ostreambuf_iterator@DU?$char_traits@D@std@@@std@@@std@@ABAPADPADPBDH@Z 1000f010 f i view_async.obj
 0001:0000e0a0       ?_Fput@?$num_put@DV?$ostreambuf_iterator@DU?$char_traits@D@std@@@std@@@std@@ABA?AV?$ostreambuf_iterator@DU?$char_traits@D@std@@@2@V32@AAVios_base@2@DPBDI@Z 1000f0a0 f i view_async.obj
 0001:0000e510       ?_Ffmt@?$num_put@DV?$ostreambuf_iterator@DU?$char_traits@D@std@@@std@@@std@@ABAPADPADDH@Z 1000f510 f i view_async.obj
 0001:0000e5d0       ?_Chassign@?$basic_string@DU?$char_traits@D@std@@V?$allocator@D@2@@std@@QAEXIID@Z 1000f5d0 f i view_async.obj
 0001:0000e620       ?append@?$basic_string@DU?$char_traits@D@std@@V?$allocator@D@2@@std@@QAEAAV12@ID@Z 1000f620 f i view_async.obj
 0001:0000e6d0       ?assign@?$basic_string@DU?$char_traits@D@std@@V?$allocator@D@2@@std@@QAEAAV12@$$QAV12@@Z 1000f6d0 f i view_async.obj
 0001:0000e750       ??_E?$numpunct@D@std@@MAEPAXI@Z 1000f750 f i * CIL library *:* CIL module *
 0001:0000e750       ??_G?$numpunct@D@std@@MAEPAXI@Z 1000f750 f i view_async.obj
 0001:0000e7a0       ?insert@?$basic_string@DU?$char_traits@D@std@@V?$allocator@D@2@@std@@QAEAAV12@IID@Z 1000f7a0 f i view_async.obj
 0001:0000e8a0       ??$use_facet@V?$num_put@DV?$ostreambuf_iterator@DU?$char_traits@D@std@@@std@@@std@@@std@@YAABV?$num_put@DV?$ostreambuf_iterator@DU?$char_traits@D@std@@@std@@@0@ABVlocale@0@@Z 1000f8a0 f i view_async.obj
 0001:0000e9a0       ??$use_facet@V?$numpunct@D@std@@@std@@YAABV?$numpunct@D@0@ABVlocale@0@@Z 1000f9a0 f i view_async.obj
 0001:0000eaa0       ?_Getcat@?$numpunct@D@std@@SAIPAPBVfacet@locale@2@PBV42@@Z 1000faa0 f i view_async.obj
 0001:0000eb20       ?_Getcat@?$num_put@DV?$ostreambuf_iterator@DU?$char_traits@D@std@@@std@@@std@@SAIPAPBVfacet@locale@2@PBV42@@Z 1000fb20 f i view_async.obj
 0001:0000eb90       ?_Init@?$numpunct@D@std@@IAEXABV_Locinfo@2@_N@Z 1000fb90 f i view_async.obj
 0001:0000ed1b       __imp_load_?Value@External@v8@@QBEPAXXZ 1000fd1b f   node:node.exe
 0001:0000ed25       __tailMerge_node_exe       1000fd25 f i node:node.exe
 0001:0000ed36       __imp_load_?New@External@v8@@SA?AV?$Local@VExternal@v8@@@2@PAVIsolate@2@PAX@Z 1000fd36 f   node:node.exe
 0001:0000ed40       __imp_load_?GetCurrentContext@Isolate@v8@@QAE?AV?$Local@VContext@v8@@@2@XZ 1000fd40 f   node:node.exe
 0001:0000ed4a       __imp_load_?GetCurrent@Isolate@v8@@SAPAV12@XZ 1000fd4a f   node:node.exe
 0001:0000ed54       __imp_load_?CreateHandle@HandleScope@v8@@KAPAPAVObject@internal@2@PAVIsolate@42@PAV342@@Z 1000fd54 f   node:node.exe
 0001:0000ed5e       __imp_load_?CreateHandle@HandleScope@v8@@CAPAPAVObject@internal@2@PAVHeapObject@42@PAV342@@Z 1000fd5e f   node:node.exe
 0001:0000ed68       __imp_load_??1HandleScope@v8@@QAE@XZ 1000fd68 f   node:node.exe
 0001:0000ed72       __imp_load_?GetFunction@FunctionTemplate@v8@@QAE?AV?$Local@VFunction@v8@@@2@XZ 1000fd72 f   node:node.exe
 0001:0000ed7c       __imp_load_?GetFunction@FunctionTemplate@v8@@QAE?AV?$MaybeLocal@VFunction@v8@@@2@V?$Local@VContext@v8@@@2@@Z 1000fd7c f   node:node.exe
 0001:0000ed86       __imp_load_?New@FunctionTemplate@v8@@SA?AV?$Local@VFunctionTemplate@v8@@@2@PAVIsolate@2@P6AXABV?$FunctionCallbackInfo@VValue@v8@@@2@@ZV?$Local@VValue@v8@@@2@V?$Local@VSignature@v8@@@2@H@Z 1000fd86 f   node:node.exe
 0001:0000ed90       __imp_load_?ToLocalEmpty@V8@v8@@CAXXZ 1000fd90 f   node:node.exe
 0001:0000ed9a       __imp_load_?Escape@EscapableHandleScope@v8@@AAEPAPAVObject@internal@2@PAPAV342@@Z 1000fd9a f   node:node.exe
 0001:0000eda4       __imp_load_??0EscapableHandleScope@v8@@QAE@PAVIsolate@1@@Z 1000fda4 f   node:node.exe
 0001:0000edae       __imp_load_?NewFromUtf8@String@v8@@SA?AV?$MaybeLocal@VString@v8@@@2@PAVIsolate@2@PBDW4NewStringType@2@H@Z 1000fdae f   node:node.exe
 0001:0000edb8       __imp_load_?SlowGetInternalField@Object@v8@@AAE?AV?$Local@VValue@v8@@@2@H@Z 1000fdb8 f   node:node.exe
 0001:0000edc2       __imp_load_?SetInternalField@Object@v8@@QAEXHV?$Local@VValue@v8@@@2@@Z 1000fdc2 f   node:node.exe
 0001:0000edcc       __imp_load_?Set@Object@v8@@QAE?AV?$Maybe@_N@2@V?$Local@VContext@v8@@@2@V?$Local@VValue@v8@@@2@1@Z 1000fdcc f   node:node.exe
 0001:0000edd6       __imp_load_?SetInternalFieldCount@ObjectTemplate@v8@@QAEXH@Z 1000fdd6 f   node:node.exe
 0001:0000ede0       __imp_load_?NewInstance@ObjectTemplate@v8@@QAE?AV?$MaybeLocal@VObject@v8@@@2@V?$Local@VContext@v8@@@2@@Z 1000fde0 f   node:node.exe
 0001:0000edea       __imp_load_?New@ObjectTemplate@v8@@SA?AV?$Local@VObjectTemplate@v8@@@2@PAVIsolate@2@V?$Local@VFunctionTemplate@v8@@@2@@Z 1000fdea f   node:node.exe
 0001:0000edf4       __imp_load_?AtExit@node@@YAXP6AXPAX@Z0@Z 1000fdf4 f   node:node.exe
 0001:0000edfe       __imp_load__node_module_register 1000fdfe f   node:node.exe
 0001:0000ee08       __imp_load_?New@Array@v8@@SA?AV?$Local@VArray@v8@@@2@PAVIsolate@2@H@Z 1000fe08 f   node:node.exe
 0001:0000ee12       __imp_load_?New@Date@v8@@SA?AV?$MaybeLocal@VValue@v8@@@2@V?$Local@VContext@v8@@@2@N@Z 1000fe12 f   node:node.exe
 0001:0000ee1c       __imp_load_?New@Number@v8@@SA?AV?$Local@VNumber@v8@@@2@PAVIsolate@2@N@Z 1000fe1c f   node:node.exe
 0001:0000ee26       __imp_load_?New@Object@v8@@SA?AV?$Local@VObject@v8@@@2@PAVIsolate@2@@Z 1000fe26 f   node:node.exe
 0001:0000ee30       __imp_load_?Set@Object@v8@@QAE?AV?$Maybe@_N@2@V?$Local@VContext@v8@@@2@IV?$Local@VValue@v8@@@2@@Z 1000fe30 f   node:node.exe
 0001:0000ee3a       __imp_load__uv_queue_work  1000fe3a f   node:node.exe
 0001:0000ee44       __imp_load_?Global@Context@v8@@QAE?AV?$Local@VObject@v8@@@2@XZ 1000fe44 f   node:node.exe
 0001:0000ee4e       __imp_load_??0HandleScope@v8@@QAE@PAVIsolate@1@@Z 1000fe4e f   node:node.exe
 0001:0000ee58       __imp_load_?Error@Exception@v8@@SA?AV?$Local@VValue@v8@@@2@V?$Local@VString@v8@@@2@@Z 1000fe58 f   node:node.exe
 0001:0000ee62       __imp_load_?DisposeGlobal@V8@v8@@CAXPAPAVObject@internal@2@@Z 1000fe62 f   node:node.exe
 0001:0000ee6c       __imp_load_?GlobalizeReference@V8@v8@@CAPAPAVObject@internal@2@PAVIsolate@42@PAPAV342@@Z 1000fe6c f   node:node.exe
 0001:0000ee76       __imp_load_??1Utf8Value@String@v8@@QAE@XZ 1000fe76 f   node:node.exe
 0001:0000ee80       __imp_load_??0Utf8Value@String@v8@@QAE@V?$Local@VValue@v8@@@2@@Z 1000fe80 f   node:node.exe
 0001:0000ee8a       __imp_load_?NewFromUtf8@String@v8@@SA?AV?$Local@VString@v8@@@2@PAVIsolate@2@PBDW4NewStringType@12@H@Z 1000fe8a f   node:node.exe
 0001:0000ee94       __imp_load_?Get@Object@v8@@QAE?AV?$Local@VValue@v8@@@2@V32@@Z 1000fe94 f   node:node.exe
 0001:0000ee9e       __imp_load_?Get@Object@v8@@QAE?AV?$Local@VValue@v8@@@2@I@Z 1000fe9e f   node:node.exe
 0001:0000eea8       __imp_load_?MakeCallback@node@@YA?AV?$Local@VValue@v8@@@v8@@PAVIsolate@3@V?$Local@VObject@v8@@@3@V?$Local@VFunction@v8@@@3@HPAV23@@Z 1000fea8 f   node:node.exe
 0001:0000eeb2       __imp_load__uv_default_loop 1000feb2 f   node:node.exe
 0001:0000eebc       __imp_load_?ToObject@Value@v8@@QBE?AV?$Local@VObject@v8@@@2@XZ 1000febc f   node:node.exe
 0001:0000eec6       __imp_load_?ToString@Value@v8@@QBE?AV?$Local@VString@v8@@@2@XZ 1000fec6 f   node:node.exe
 0001:0000eed0       __imp_load_?Length@Array@v8@@QBEIXZ 1000fed0 f   node:node.exe
 0001:0000eeda       __imp_load_?NumberValue@Value@v8@@QBENXZ 1000feda f   node:node.exe
 0001:0000eee4       __imp_load_?IsDate@Value@v8@@QBE_NXZ 1000fee4 f   node:node.exe
 0001:0000eeee       __imp_load_?IsNumber@Value@v8@@QBE_NXZ 1000feee f   node:node.exe
 0001:0000eef8       __imp_load_?IsArray@Value@v8@@QBE_NXZ 1000fef8 f   node:node.exe
 0001:0000ef02       __imp_load_?GetOwnPropertyNames@Object@v8@@QAE?AV?$Local@VArray@v8@@@2@XZ 1000ff02 f   node:node.exe
 0001:0000ef0c       __imp_load_?ToNumber@Value@v8@@QBE?AV?$Local@VNumber@v8@@@2@XZ 1000ff0c f   node:node.exe
 0001:0000ef16       __imp_load_?Has@Object@v8@@QAE_NV?$Local@VValue@v8@@@2@@Z 1000ff16 f   node:node.exe
 0001:0000ef20       ?IsNull@LNString@@UBEHXZ   1000ff20 f   notescpp:lcppn.dll
 0001:0000ef26       ?DeleteBody@LNSmartPtr@@UAEHXZ 1000ff26 f   notescpp:lcppn.dll
 0001:0000ef2c       ?RemoveAll@LNNoteArray@@UAEKXZ 1000ff2c f   notescpp:lcppn.dll
 0001:0000ef32       ?Remove@LNNoteArray@@UAEKABVLNNote@@@Z 1000ff32 f   notescpp:lcppn.dll
 0001:0000ef38       ?Remove@LNNoteArray@@UAEKK@Z 1000ff38 f   notescpp:lcppn.dll
 0001:0000ef3e       ?Remove@LNNoteArray@@UAEKABV1@@Z 1000ff3e f   notescpp:lcppn.dll
 0001:0000ef44       ?Remove@LNNoteArray@@UAEKABVLNViewFolder@@@Z 1000ff44 f   notescpp:lcppn.dll
 0001:0000ef4a       ?Remove@LNNoteArray@@UAEKABVLNVFNavigator@@@Z 1000ff4a f   notescpp:lcppn.dll
 0001:0000ef50       ?Remove@LNNoteArray@@UAEKPAX@Z 1000ff50 f   notescpp:lcppn.dll
 0001:0000ef56       ?Contains@LNNoteArray@@UBEHABVLNNote@@@Z 1000ff56 f   notescpp:lcppn.dll
 0001:0000ef5c       ?Contains@LNNoteArray@@UBEHK@Z 1000ff5c f   notescpp:lcppn.dll
 0001:0000ef62       ?Copy@LNNoteArray@@UBEKPAV1@@Z 1000ff62 f   notescpp:lcppn.dll
 0001:0000ef68       ?Add@LNNoteArray@@UAEKABVLNNote@@@Z 1000ff68 f   notescpp:lcppn.dll
 0001:0000ef6e       ?Add@LNNoteArray@@UAEKK@Z  1000ff6e f   notescpp:lcppn.dll
 0001:0000ef74       ?Add@LNNoteArray@@UAEKABV1@@Z 1000ff74 f   notescpp:lcppn.dll
 0001:0000ef7a       ?Add@LNNoteArray@@UAEKABVLNViewFolder@@@Z 1000ff7a f   notescpp:lcppn.dll
 0001:0000ef80       ?Add@LNNoteArray@@UAEKABVLNVFNavigator@@@Z 1000ff80 f   notescpp:lcppn.dll
 0001:0000ef86       ?Add@LNNoteArray@@UAEKPAX@Z 1000ff86 f   notescpp:lcppn.dll
 0001:0000ef8c       ?IsOnHeap@LNNotesClass@@UBEHXZ 1000ff8c f   notescpp:lcppn.dll
 0001:0000ef92       ?Close@LNNote@@UAEKXZ      1000ff92 f   notescpp:lcppn.dll
 0001:0000ef98       ?CreateNoteBody@LNNote@@MAEKKKH@Z 1000ff98 f   notescpp:lcppn.dll
 0001:0000ef9e       ?ValidateNoteType@LNViewFolder@@EBEXABVLNNote@@@Z 1000ff9e f   notescpp:lcppn.dll
 0001:0000efa4       ?ValidateNoteType@LNViewFolder@@EBEXPBVLNNoteBody@@@Z 1000ffa4 f   notescpp:lcppn.dll
 0001:0000efaa       ?ValidateNoteType@LNViewFolder@@EBEXK@Z 1000ffaa f   notescpp:lcppn.dll
 0001:0000efb0       ?Open@LNViewFolder@@UAEKK@Z 1000ffb0 f   notescpp:lcppn.dll
 0001:0000efb6       ??0_Init_locks@std@@QAE@XZ 1000ffb6 f   libcpmt:xlock.obj
 0001:0000efe3       ??0_Lockit@std@@QAE@H@Z    1000ffe3 f   libcpmt:xlock.obj
 0001:0000f014       ??1_Init_locks@std@@QAE@XZ 10010014 f   libcpmt:xlock.obj
 0001:0000f03b       ??1_Lockit@std@@QAE@XZ     1001003b f   libcpmt:xlock.obj
 0001:0000f05a       ??$_Fgetc@D@std@@YA_NAADPAU_iobuf@@@Z 1001005a f i libcpmt:cout.obj
 0001:0000f07a       ??$_Fputc@D@std@@YA_NDPAU_iobuf@@@Z 1001007a f i libcpmt:cout.obj
 0001:0000f096       ??$_Ungetc@D@std@@YA_NABDPAU_iobuf@@@Z 10010096 f i libcpmt:cout.obj
 0001:0000f0b4       ??$use_facet@V?$codecvt@DDU_Mbstatet@@@std@@@std@@YAABV?$codecvt@DDU_Mbstatet@@@0@ABVlocale@0@@Z 100100b4 f i libcpmt:cout.obj
 0001:0000f151       ??0?$basic_ostream@DU?$char_traits@D@std@@@std@@QAE@PAV?$basic_streambuf@DU?$char_traits@D@std@@@1@_N@Z 10010151 f i libcpmt:cout.obj
 0001:0000f1b8       ??0?$basic_streambuf@DU?$char_traits@D@std@@@std@@IAE@XZ 100101b8 f i libcpmt:cout.obj
 0001:0000f1ff       ??0?$fpos@U_Mbstatet@@@std@@QAE@U_Mbstatet@@_J@Z 100101ff f i libcpmt:cout.obj
 0001:0000f227       ??0_Init_cout@std@@QAE@XZ  10010227 f i libcpmt:cout.obj
 0001:0000f280       ??0bad_cast@std@@QAE@ABV01@@Z 10010280 f i libcpmt:cout.obj
 0001:0000f2a1       ??0bad_cast@std@@QAE@XZ    100102a1 f i libcpmt:cout.obj
 0001:0000f2c3       ??0exception@std@@QAE@ABV01@@Z 100102c3 f i libcpmt:cout.obj
 0001:0000f2ef       ??0exception@std@@QAE@QBD@Z 100102ef f i libcpmt:cout.obj
 0001:0000f326       ??1?$basic_filebuf@DU?$char_traits@D@std@@@std@@UAE@XZ 10010326 f i libcpmt:cout.obj
 0001:0000f380       ??1?$basic_ios@DU?$char_traits@D@std@@@std@@UAE@XZ 10010380 f i libcpmt:cout.obj
 0001:0000f3c2       ??1?$basic_streambuf@DU?$char_traits@D@std@@@std@@UAE@XZ 100103c2 f i libcpmt:cout.obj
 0001:0000f3e3       ??_D?$basic_ostream@DU?$char_traits@D@std@@@std@@QAEXXZ 100103e3 f i libcpmt:cout.obj
 0001:0000f446       ??_E?$basic_ostream@DU?$char_traits@D@std@@@std@@$4PPPPPPPM@A@AEPAXI@Z 10010446 f i libcpmt:cout.obj
 0001:0000f44e       ??_E?$basic_filebuf@DU?$char_traits@D@std@@@std@@UAEPAXI@Z 1001044e f i libcpmt:cout.obj
 0001:0000f44e       ??_G?$basic_filebuf@DU?$char_traits@D@std@@@std@@UAEPAXI@Z 1001044e f i libcpmt:cout.obj
 0001:0000f470       ??_E?$basic_ios@DU?$char_traits@D@std@@@std@@UAEPAXI@Z 10010470 f i libcpmt:cout.obj
 0001:0000f470       ??_G?$basic_ios@DU?$char_traits@D@std@@@std@@UAEPAXI@Z 10010470 f i libcpmt:cout.obj
 0001:0000f4cd       ??_G?$basic_ostream@DU?$char_traits@D@std@@@std@@UAEPAXI@Z 100104cd f i libcpmt:cout.obj
 0001:0000f4cd       ??_E?$basic_ostream@DU?$char_traits@D@std@@@std@@UAEPAXI@Z 100104cd f i libcpmt:cout.obj
 0001:0000f4f2       ??_G?$basic_streambuf@DU?$char_traits@D@std@@@std@@UAEPAXI@Z 100104f2 f i libcpmt:cout.obj
 0001:0000f4f2       ??_E?$basic_streambuf@DU?$char_traits@D@std@@@std@@UAEPAXI@Z 100104f2 f i libcpmt:cout.obj
 0001:0000f514       ??_G?$codecvt@DDU_Mbstatet@@@std@@MAEPAXI@Z 10010514 f i libcpmt:cout.obj
 0001:0000f514       ??_E?$codecvt@DDU_Mbstatet@@@std@@MAEPAXI@Z 10010514 f i libcpmt:cout.obj
 0001:0000f537       ??_Gexception@std@@UAEPAXI@Z 10010537 f i libcpmt:cout.obj
 0001:0000f537       ??_Glogic_error@std@@UAEPAXI@Z 10010537 f i libcpmt:xthrow.obj
 0001:0000f537       ??_Gout_of_range@std@@UAEPAXI@Z 10010537 f i libcpmt:xthrow.obj
 0001:0000f537       ??_Gbad_array_new_length@std@@UAEPAXI@Z 10010537 f i LIBCMT:throw_bad_alloc.obj
 0001:0000f537       ??_Gbad_exception@std@@UAEPAXI@Z 10010537 f i libvcruntime:frame.obj
 0001:0000f537       ??_Eexception@std@@UAEPAXI@Z 10010537 f i libcpmt:cout.obj
 0001:0000f537       ??_Ebad_exception@std@@UAEPAXI@Z 10010537 f i libvcruntime:frame.obj
 0001:0000f537       ??_Eout_of_range@std@@UAEPAXI@Z 10010537 f i libcpmt:xthrow.obj
 0001:0000f537       ??_Ebad_array_new_length@std@@UAEPAXI@Z 10010537 f i LIBCMT:throw_bad_alloc.obj
 0001:0000f537       ??_Elogic_error@std@@UAEPAXI@Z 10010537 f i libcpmt:xthrow.obj
 0001:0000f537       ??_Gbad_cast@std@@UAEPAXI@Z 10010537 f i libcpmt:cout.obj
 0001:0000f537       ??_Gbad_alloc@std@@UAEPAXI@Z 10010537 f i libcpmt:xthrow.obj
 0001:0000f537       ??_Glength_error@std@@UAEPAXI@Z 10010537 f i libcpmt:xthrow.obj
 0001:0000f537       ??_Ebad_alloc@std@@UAEPAXI@Z 10010537 f i libcpmt:xthrow.obj
 0001:0000f537       ??_Elength_error@std@@UAEPAXI@Z 10010537 f i libcpmt:xthrow.obj
 0001:0000f537       ??_Ebad_cast@std@@UAEPAXI@Z 10010537 f i libcpmt:cout.obj
 0001:0000f564       ??_Eios_base@std@@UAEPAXI@Z 10010564 f i libcpmt:cout.obj
 0001:0000f564       ??_Gios_base@std@@UAEPAXI@Z 10010564 f i libcpmt:cout.obj
 0001:0000f5be       ?_Endwrite@?$basic_filebuf@DU?$char_traits@D@std@@@std@@IAE_NXZ 100105be f i libcpmt:cout.obj
 0001:0000f6dc       ?_Getcat@?$codecvt@DDU_Mbstatet@@@std@@SAIPAPBVfacet@locale@2@PBV42@@Z 100106dc f i libcpmt:cout.obj
 0001:0000f744       ?_Init@?$basic_filebuf@DU?$char_traits@D@std@@@std@@IAEXPAU_iobuf@@W4_Initfl@12@@Z 10010744 f i libcpmt:cout.obj
 0001:0000f7c2       ?_Init@?$basic_streambuf@DU?$char_traits@D@std@@@std@@IAEXXZ 100107c2 f i libcpmt:cout.obj
 0001:0000f806       ?_Init@ios_base@std@@IAEXXZ 10010806 f i libcpmt:cout.obj
 0001:0000f86c       ?_Initcvt@?$basic_filebuf@DU?$char_traits@D@std@@@std@@IAEXPBV?$codecvt@DDU_Mbstatet@@@2@@Z 1001086c f i libcpmt:cout.obj
 0001:0000f8a2       ?_Lock@?$basic_filebuf@DU?$char_traits@D@std@@@std@@UAEXXZ 100108a2 f i libcpmt:cout.obj
 0001:0000f8b2       ?_Reset_back@?$basic_filebuf@DU?$char_traits@D@std@@@std@@AAEXXZ 100108b2 f i libcpmt:cout.obj
 0001:0000f8d5       ?_Set_back@?$basic_filebuf@DU?$char_traits@D@std@@@std@@AAEXXZ 100108d5 f i libcpmt:cout.obj
 0001:0000f90b       ?_Unlock@?$basic_filebuf@DU?$char_traits@D@std@@@std@@UAEXXZ 1001090b f i libcpmt:cout.obj
 0001:0000f91b       ?close@?$basic_filebuf@DU?$char_traits@D@std@@@std@@QAEPAV12@XZ 1001091b f i libcpmt:cout.obj
 0001:0000f97a       ?do_max_length@codecvt_base@std@@MBEHXZ 1001097a f i libcpmt:cout.obj
 0001:0000f97a       ?do_encoding@codecvt_base@std@@MBEHXZ 1001097a f i libcpmt:cout.obj
 0001:0000f97e       ?do_out@?$codecvt@DDU_Mbstatet@@@std@@MBEHAAU_Mbstatet@@PBD1AAPBDPAD3AAPAD@Z 1001097e f i libcpmt:cout.obj
 0001:0000f97e       ?do_in@?$codecvt@DDU_Mbstatet@@@std@@MBEHAAU_Mbstatet@@PBD1AAPBDPAD3AAPAD@Z 1001097e f i libcpmt:cout.obj
 0001:0000f998       ?do_length@?$codecvt@DDU_Mbstatet@@@std@@MBEHAAU_Mbstatet@@PBD1I@Z 10010998 f i libcpmt:cout.obj
 0001:0000f9b0       ?do_unshift@?$codecvt@DDU_Mbstatet@@@std@@MBEHAAU_Mbstatet@@PAD1AAPAD@Z 100109b0 f i libcpmt:cout.obj
 0001:0000f9c1       ?imbue@?$basic_filebuf@DU?$char_traits@D@std@@@std@@MAEXABVlocale@2@@Z 100109c1 f i libcpmt:cout.obj
 0001:0000f9dd       ?imbue@?$basic_streambuf@DU?$char_traits@D@std@@@std@@MAEXABVlocale@2@@Z 100109dd f i libcpmt:cout.obj
 0001:0000f9e0       ?init@?$basic_ios@DU?$char_traits@D@std@@@std@@IAEXPAV?$basic_streambuf@DU?$char_traits@D@std@@@2@_N@Z 100109e0 f i libcpmt:cout.obj
 0001:0000fa29       ?overflow@?$basic_filebuf@DU?$char_traits@D@std@@@std@@MAEHH@Z 10010a29 f i libcpmt:cout.obj
 0001:0000fbc7       ?pbackfail@?$basic_filebuf@DU?$char_traits@D@std@@@std@@MAEHH@Z 10010bc7 f i libcpmt:cout.obj
 0001:0000fc4e       ?overflow@?$basic_streambuf@DU?$char_traits@D@std@@@std@@MAEHH@Z 10010c4e f i libcpmt:cout.obj
 0001:0000fc4e       ?pbackfail@?$basic_streambuf@DU?$char_traits@D@std@@@std@@MAEHH@Z 10010c4e f i libcpmt:cout.obj
 0001:0000fc54       ?seekoff@?$basic_filebuf@DU?$char_traits@D@std@@@std@@MAE?AV?$fpos@U_Mbstatet@@@2@_JHH@Z 10010c54 f i libcpmt:cout.obj
 0001:0000fd15       ?seekoff@?$basic_streambuf@DU?$char_traits@D@std@@@std@@MAE?AV?$fpos@U_Mbstatet@@@2@_JHH@Z 10010d15 f i libcpmt:cout.obj
 0001:0000fd3f       ?seekpos@?$basic_filebuf@DU?$char_traits@D@std@@@std@@MAE?AV?$fpos@U_Mbstatet@@@2@V32@H@Z 10010d3f f i libcpmt:cout.obj
 0001:0000fdff       ?seekpos@?$basic_streambuf@DU?$char_traits@D@std@@@std@@MAE?AV?$fpos@U_Mbstatet@@@2@V32@H@Z 10010dff f i libcpmt:cout.obj
 0001:0000fe29       ?setbuf@?$basic_filebuf@DU?$char_traits@D@std@@@std@@MAEPAV?$basic_streambuf@DU?$char_traits@D@std@@@2@PAD_J@Z 10010e29 f i libcpmt:cout.obj
 0001:0000fe77       ?setbuf@?$basic_streambuf@DU?$char_traits@D@std@@@std@@MAEPAV12@PAD_J@Z 10010e77 f i libcpmt:cout.obj
 0001:0000fe7c       ?showmanyc@?$basic_streambuf@DU?$char_traits@D@std@@@std@@MAE_JXZ 10010e7c f i libcpmt:cout.obj
 0001:0000fe81       ?sync@?$basic_filebuf@DU?$char_traits@D@std@@@std@@MAEHXZ 10010e81 f i libcpmt:cout.obj
 0001:0000feb9       ?uflow@?$basic_filebuf@DU?$char_traits@D@std@@@std@@MAEHXZ 10010eb9 f i libcpmt:cout.obj
 0001:00010058       ?uflow@?$basic_streambuf@DU?$char_traits@D@std@@@std@@MAEHXZ 10011058 f i libcpmt:cout.obj
 0001:0001008a       ?underflow@?$basic_filebuf@DU?$char_traits@D@std@@@std@@MAEHXZ 1001108a f i libcpmt:cout.obj
 0001:000100d8       ?underflow@?$basic_streambuf@DU?$char_traits@D@std@@@std@@MAEHXZ 100110d8 f i libcpmt:cout.obj
 0001:000100dc       ?what@exception@std@@UBEPBDXZ 100110dc f i libcpmt:cout.obj
 0001:000100e9       ?xsgetn@?$basic_streambuf@DU?$char_traits@D@std@@@std@@MAE_JPAD_J@Z 100110e9 f i libcpmt:cout.obj
 0001:000101e2       ?xsputn@?$basic_streambuf@DU?$char_traits@D@std@@@std@@MAE_JPBD_J@Z 100111e2 f i libcpmt:cout.obj
 0001:0001035c       ??0_Locimp@locale@std@@AAE@_N@Z 1001135c f i libcpmt:locale0.obj
 0001:0001039f       ??1_Fac_node@std@@QAE@XZ   1001139f f i libcpmt:locale0.obj
 0001:000103fe       ??1_Fac_tidy_reg_t@std@@QAE@XZ 100113fe f i libcpmt:locale0.obj
 0001:00010425       ??1_Locimp@locale@std@@MAE@XZ 10011425 f i libcpmt:locale0.obj
 0001:00010480       ??4?$_Yarn@D@std@@QAEAAV01@PBD@Z 10011480 f i libcpmt:locale0.obj
 0001:000104d4       ??_G_Locimp@locale@std@@MAEPAXI@Z 100114d4 f i libcpmt:locale0.obj
 0001:000104d4       ??_E_Locimp@locale@std@@MAEPAXI@Z 100114d4 f i libcpmt:locale0.obj
 0001:000104f6       ?_Facet_Register@std@@YAXPAV_Facet_base@1@@Z 100114f6 f   libcpmt:locale0.obj
 0001:00010524       ?_Getgloballocale@locale@std@@CAPAV_Locimp@12@XZ 10011524 f   libcpmt:locale0.obj
 0001:0001052a       ?_Init@locale@std@@CAPAV_Locimp@12@_N@Z 1001152a f   libcpmt:locale0.obj
 0001:000105b8       ?_Locimp_dtor@_Locimp@locale@std@@CAXPAV123@@Z 100115b8 f   libcpmt:locale0.obj
 0001:0001062d       ?_Locinfo_ctor@_Locinfo@std@@SAXPAV12@PBD@Z 1001162d f   libcpmt:locale0.obj
 0001:00010678       ?_Locinfo_dtor@_Locinfo@std@@SAXPAV12@@Z 10011678 f   libcpmt:locale0.obj
 0001:0001069a       ?_New_Locimp@_Locimp@locale@std@@CAPAV123@_N@Z 1001169a f   libcpmt:locale0.obj
 0001:000106bf       ?_Setgloballocale@locale@std@@CAXPAX@Z 100116bf f   libcpmt:locale0.obj
 0001:000106e7       __Deletegloballocale       100116e7 f   libcpmt:locale0.obj
 0001:0001074c       ??0bad_alloc@std@@QAE@ABV01@@Z 1001174c f i libcpmt:xthrow.obj
 0001:0001076d       ??0bad_alloc@std@@QAE@XZ   1001176d f i libcpmt:xthrow.obj
 0001:00010785       ??0length_error@std@@QAE@ABV01@@Z 10011785 f i libcpmt:xthrow.obj
 0001:000107a6       ??0length_error@std@@QAE@PBD@Z 100117a6 f i libcpmt:xthrow.obj
 0001:000107c7       ??0logic_error@std@@QAE@ABV01@@Z 100117c7 f i libcpmt:xthrow.obj
 0001:000107e8       ??0out_of_range@std@@QAE@ABV01@@Z 100117e8 f i libcpmt:xthrow.obj
 0001:00010809       ??0out_of_range@std@@QAE@PBD@Z 10011809 f i libcpmt:xthrow.obj
 0001:0001082a       ?_Xlength_error@std@@YAXPBD@Z 1001182a f   libcpmt:xthrow.obj
 0001:0001084a       ?_Xout_of_range@std@@YAXPBD@Z 1001184a f   libcpmt:xthrow.obj
 0001:0001086a       ?_Syserror_map@std@@YAPBDH@Z 1001186a f   libcpmt:syserror.obj
 0001:0001088f       __Getctype                 1001188f f   libcpmt:_tolower.obj
 0001:000108fa       __Tolower                  100118fa f   libcpmt:_tolower.obj
 0001:000109f4       __Toupper                  100119f4 f   libcpmt:_toupper.obj
 0001:00010aee       __Getcvt                   10011aee f   libcpmt:xwctomb.obj
 0001:00010b5b       __Mtxdst                   10011b5b f   libcpmt:xmtx.obj
 0001:00010b69       __Mtxinit                  10011b69 f   libcpmt:xmtx.obj
 0001:00010b80       __Mtxlock                  10011b80 f   libcpmt:xmtx.obj
 0001:00010b8e       __Mtxunlock                10011b8e f   libcpmt:xmtx.obj
 0001:00010b9c       ?_Addstd@ios_base@std@@SAXPAV12@@Z 10011b9c f   libcpmt:ios.obj
 0001:00010bed       ?_Callfns@ios_base@std@@AAEXW4event@12@@Z 10011bed f i libcpmt:ios.obj
 0001:00010c1f       ?_Ios_base_dtor@ios_base@std@@CAXPAV12@@Z 10011c1f f   libcpmt:ios.obj
 0001:00010c5f       ?_Tidy@ios_base@std@@AAEXXZ 10011c5f f i libcpmt:ios.obj
 0001:00010ca7       ??1_Init_atexit@@QAE@XZ    10011ca7 f i libcpmt:iosptrs.obj
 0001:00010d0b       ?_Atexit@@YAXP6AXXZ@Z      10011d0b f   libcpmt:iosptrs.obj
 0001:00010d39       ___crtLCMapStringA         10011d39 f   libcpmt:StlLCMapStringA.obj
 0001:00010f47       __freea_crt                10011f47 f i libcpmt:StlLCMapStringA.obj
 0001:00011310       ___crtInitializeCriticalSectionEx 10012310 f   libcpmt:winapisupp.obj
 0001:00011348       _GetTableIndexFromLocaleName 10012348 f   libcpmt:winapinls.obj
 0001:00011396       ___crtDownlevelLocaleNameToLCID 10012396 f   libcpmt:winapinls.obj
 0001:000113c0       ___crtLCMapStringEx        100123c0 f   libcpmt:winapinls.obj
 0001:00011416       ___wcsnicmp_ascii          10012416 f   libcpmt:winapinls.obj
 0001:00011489       @__security_check_cookie@4 10012489 f   LIBCMT:_secchk_.obj
 0001:000114de       ___scrt_acquire_startup_lock 100124de f   LIBCMT:utility.obj
 0001:00011513       ___scrt_dllmain_after_initialize_c 10012513 f   LIBCMT:utility.obj
 0001:0001152b       ___scrt_dllmain_before_initialize_c 1001252b f   LIBCMT:utility.obj
 0001:00011539       ___scrt_dllmain_crt_thread_attach 10012539 f   LIBCMT:utility.obj
 0001:00011558       ___scrt_dllmain_crt_thread_detach 10012558 f   LIBCMT:utility.obj
 0001:00011565       ___scrt_dllmain_exception_filter 10012565 f   LIBCMT:utility.obj
 0001:00011598       ___scrt_dllmain_uninitialize_c 10012598 f   LIBCMT:utility.obj
 0001:000115bb       ___scrt_dllmain_uninitialize_critical 100125bb f   LIBCMT:utility.obj
 0001:000115c8       ___scrt_initialize_crt     100125c8 f   LIBCMT:utility.obj
 0001:00011601       ___scrt_initialize_onexit_tables 10012601 f   LIBCMT:utility.obj
 0001:00011698       ___scrt_is_nonwritable_in_current_image 10012698 f   LIBCMT:utility.obj
[...]
 0002:0000b278       __sehtable$??$?RV<lambda_5b71d36f03204c0beab531769a5b5694>@@AAV<lambda_be2b3da3f62db62e9dad5dc70221a656>@@V<lambda_8f9ce462984622f9bf76b59e2aaaf805>@@@?$__crt_seh_guarded_call@X@@QAEX$$QAV<lambda_5b71d36f03204c0beab531769a5b5694>@@AAV<lambda_be2b3da3f62db62e9dad5dc70221a656>@@$$QAV<lambda_8f9ce462984622f9bf76b59e2aaaf805>@@@Z 1003b278     libucrt:per_thread_data.obj
 0002:0000b298       __sehtable$__isindst       1003b298     libucrt:tzset.obj
 0002:0000b2b8       __sehtable$___tzset        1003b2b8     libucrt:tzset.obj
 0002:0000b2d8       __sehtable$??$?RV<lambda_9227be29367c048ad7fd93a717dcb1a1>@@AAV<lambda_a463b7b0560cfcaf9b17f27c6ef46564>@@V<lambda_ccea11b5727ccf69be64f5f5d9a08d9f>@@@?$__crt_seh_guarded_call@H@@QAEH$$QAV<lambda_9227be29367c048ad7fd93a717dcb1a1>@@AAV<lambda_a463b7b0560cfcaf9b17f27c6ef46564>@@$$QAV<lambda_ccea11b5727ccf69be64f5f5d9a08d9f>@@@Z 1003b2d8     libucrt:winapi_thunks.obj
 0002:0000b2f8       __sehtable$___acrt_uninitialize_locale 1003b2f8     libucrt:wsetlocale.obj
 0002:0000b318       __sehtable$??$?RV<lambda_70818de7b02deff9841e8b0962a60ed9>@@AAV<lambda_2af78c5f5901b1372d98f9ab3177dfa6>@@AAV<lambda_f51fe5fd7c79a33db34fc9310f277369>@@@?$__crt_seh_guarded_call@X@@QAEX$$QAV<lambda_70818de7b02deff9841e8b0962a60ed9>@@AAV<lambda_2af78c5f5901b1372d98f9ab3177dfa6>@@AAV<lambda_f51fe5fd7c79a33db34fc9310f277369>@@@Z 1003b318     libucrt:wsetlocale.obj
 0002:0000b338       __sehtable$??$?RV<lambda_c76fdea48760d5f9368b465f31df4405>@@AAV<lambda_e378711a6f6581bf7f0efd7cdf97f5d9>@@V<lambda_e927a58b2a85c081d733e8c6192ae2d2>@@@?$__crt_seh_guarded_call@X@@QAEX$$QAV<lambda_c76fdea48760d5f9368b465f31df4405>@@AAV<lambda_e378711a6f6581bf7f0efd7cdf97f5d9>@@$$QAV<lambda_e927a58b2a85c081d733e8c6192ae2d2>@@@Z 1003b338     libucrt:wsetlocale.obj
 0002:0000b358       __sehtable$___acrt_initialize_lowio 1003b358     libucrt:ioinit.obj
 0002:0000b378       __sehtable$__fcloseall     1003b378     libucrt:closeall.obj
 0002:0000b398       __sehtable$??$?RV<lambda_123407a5e2ac06da108355a851863b7a>@@AAV<lambda_2fe9b910cf3cbf4a0ab98a02ba45b3ec>@@V<lambda_ae55bdf541ad94d75914d381c370e64d>@@@?$__crt_seh_guarded_call@H@@QAEH$$QAV<lambda_123407a5e2ac06da108355a851863b7a>@@AAV<lambda_2fe9b910cf3cbf4a0ab98a02ba45b3ec>@@$$QAV<lambda_ae55bdf541ad94d75914d381c370e64d>@@@Z 1003b398     libucrt:close.obj
 0002:0000b3b8       __sehtable$??$?RV<lambda_61cee617f5178ae960314fd4d05640a0>@@AAV<lambda_6978c1fb23f02e42e1d9e99668cc68aa>@@V<lambda_9cd88cf8ad10232537feb2133f08c833>@@@?$__crt_seh_guarded_call@H@@QAEH$$QAV<lambda_61cee617f5178ae960314fd4d05640a0>@@AAV<lambda_6978c1fb23f02e42e1d9e99668cc68aa>@@$$QAV<lambda_9cd88cf8ad10232537feb2133f08c833>@@@Z 1003b3b8     libucrt:commit.obj
 0002:0000b3d8       __sehtable$__write         1003b3d8     libucrt:write.obj
 0002:0000b3f8       __sehtable$??$common_ftell@_J@@YA_JV__crt_stdio_stream@@@Z 1003b3f8     libucrt:ftell.obj
 0002:0000b418       __sehtable$??$common_lseek@_J@@YA_JH_JH@Z 1003b418     libucrt:lseek.obj
 0002:0000b438       __sehtable$___acrt_update_thread_multibyte_data 1003b438     libucrt:mbctype.obj
 0002:0000b458       __sehtable$??$?RV<lambda_978dc153c237d78434369da87b74ff60>@@AAV<lambda_ad1ced32f4ac17aa236e5ef05d6b3b7c>@@V<lambda_4a8533e2866a575feecb8298ce776b0d>@@@?$__crt_seh_guarded_call@X@@QAEX$$QAV<lambda_978dc153c237d78434369da87b74ff60>@@AAV<lambda_ad1ced32f4ac17aa236e5ef05d6b3b7c>@@$$QAV<lambda_4a8533e2866a575feecb8298ce776b0d>@@@Z 1003b458     libucrt:mbctype.obj
 0002:0000b478       __sehtable$___acrt_update_thread_locale_data 1003b478     libucrt:locale_refcounting.obj
 0002:0000b498       __sehtable$??$common_getenv_s@D@@YAHQAIQADIQBD@Z 1003b498     libucrt:getenv.obj
 0002:0000b4b8       __sehtable$___acrt_lowio_ensure_fh_exists 1003b4b8     libucrt:osfinfo.obj
 0002:0000b4d8       __sehtable$__read          1003b4d8     libucrt:read.obj
 0002:0000b4f8       __sehtable$__IsNonwritableInCurrentImage 1003b4f8     LIBCMT:pesect.obj
 0002:0000c2f0       .edata                     1003c2f0     addon.exp
 0002:0000c318       rgpv                       1003c318     addon.exp
 0002:0000c31c       rgszName                   1003c31c     addon.exp
 0002:0000c320       rgwOrd                     1003c320     addon.exp
 0002:0000c322       szName                     1003c322     addon.exp
 0002:0000c32d       $N00001                    1003c32d     addon.exp
 0002:0000c72c       .idata$6                   1003c72c     kernel32:KERNEL32.dll
 0002:0000dcbe       .idata$6                   1003dcbe     notescpp:lcppn.dll
 0002:0000e274       .idata$6                   1003e274     advapi32:ADVAPI32.dll
 0003:00000000       ?init@std@@3JA             1003f000     libcpmt:xlock.obj
 0003:00000008       ?atcount_cdecl@@3IA        1003f008     libcpmt:iosptrs.obj
 0003:000001e0       ?_Tlg_Microsoft_CRTProviderProv@@3U_TlgProvider_t@__vcrt_trace_logging_provider@@A 1003f1e0     libvcruntime:telemetry.obj
 0003:00000220       ?__vcrt_flsindex@@3KA      1003f220     libvcruntime:per_thread_data.obj
 0003:000002ac       _errno_no_memory           1003f2ac     libucrt:errno.obj
 0003:000002b0       _doserrno_no_memory        1003f2b0     libucrt:errno.obj
 0003:00000370       ___acrt_flsindex           1003f370     libucrt:per_thread_data.obj
 0003:00000378       _tzstd_program             1003f378     libucrt:timeset.obj
 0003:000003b8       _tzdst_program             1003f3b8     libucrt:timeset.obj
 0003:000003f8       _tzname_states             1003f3f8     libucrt:timeset.obj
 0003:00000400       _dststart                  1003f400     libucrt:tzset.obj
 0003:0000040c       _dstend                    1003f40c     libucrt:tzset.obj
 0003:00000418       __ctype_loc_style          1003f418     libucrt:wsetlocale.obj
 0003:00000520       ___rgctypeflag             1003f520     libucrt:mbctype.obj
 0003:00000528       ___rgcode_page_info        1003f528     libucrt:mbctype.obj
 0003:00000b60       __module                   1003fb60     addon.obj
 0003:00001130       ?initlocks@std@@3V_Init_locks@1@A 10040130     libcpmt:xlock.obj
 0003:00001138       ?mtx@std@@3PAU_RTL_CRITICAL_SECTION@@A 10040138     libcpmt:xlock.obj
 0003:000011f8       ?initlocks@@3V_Init_locks@std@@A 100401f8     libcpmt:cout.obj
 0003:000011f9       ?init_cout@std@@3U_Init_cout@1@A 100401f9     libcpmt:cout.obj
 0003:00001250       ?fout@std@@3V?$basic_filebuf@DU?$char_traits@D@std@@@1@A 10040250     libcpmt:cout.obj
 0003:000012bc       _global_locale             100402bc     libcpmt:locale0.obj
 0003:000012c4       ?_Fac_head@std@@3PAU_Fac_node@1@A 100402c4     libcpmt:locale0.obj
 0003:000012dc       ?classic_locale@std@@3Vlocale@1@A 100402dc     libcpmt:locale0.obj
 0003:000012e4       ?_Fac_tidy_reg@std@@3U_Fac_tidy_reg_t@1@B 100402e4     libcpmt:locale0.obj
 0003:000012e5       ?registered@?1??_Setgloballocale@locale@std@@CAXPAX@Z@4_NA 100402e5     libcpmt:locale0.obj
 0003:000012ec       ?stdstr@std@@3PAPAVios_base@1@A 100402ec     libcpmt:ios.obj
 0003:00001314       ?stdopens@std@@3PADA       10040314     libcpmt:ios.obj
 0003:00001344       ?atfuns_cdecl@@3PAP6AXXZA  10040344     libcpmt:iosptrs.obj
 0003:0000136c       ?initlocks@std@@3V_Init_locks@1@A 1004036c     libcpmt:iosptrs.obj
 0003:0000136d       ?init_atexit@@3U_Init_atexit@@A 1004036d     libcpmt:iosptrs.obj
 0003:000014b0       ?module_local_atexit_table@@3U_onexit_table_t@@A 100404b0     LIBCMT:utility.obj
 0003:000014bc       ?module_local_at_quick_exit_table@@3U_onexit_table_t@@A 100404bc     LIBCMT:utility.obj
 0003:000014c8       ?is_initialized_as_dll@@3_NA 100404c8     LIBCMT:utility.obj
 0003:000014cc       ?_Tss_mutex@@3U_RTL_CRITICAL_SECTION@@A 100404cc     LIBCMT:thread_safe_statics.obj
 0003:000014e4       ?_Tss_cv@@3U_RTL_CONDITION_VARIABLE@@A 100404e4     LIBCMT:thread_safe_statics.obj
 0003:000014e8       ?_Tss_event@@3PAXA         100404e8     LIBCMT:thread_safe_statics.obj
 0003:000014ec       ?encoded_sleep_condition_variable_cs@@3P6GHPAU_RTL_CONDITION_VARIABLE@@PAU_RTL_CRITICAL_SECTION@@K@ZA 100404ec     LIBCMT:thread_safe_statics.obj
 0003:000014f0       ?encoded_wake_all_condition_variable@@3P6GXPAU_RTL_CONDITION_VARIABLE@@@ZA 100404f0     LIBCMT:thread_safe_statics.obj
 0003:000014f4       ?__proc_attached@@3HA      100404f4     LIBCMT:dll_dllmain.obj
 0003:000014f8       _GS_ExceptionRecord        100404f8     LIBCMT:gs_report.obj
 0003:00001548       _GS_ContextRecord          10040548     LIBCMT:gs_report.obj
 0003:0000183c       ?module_handles@@3PAPAUHINSTANCE__@@A 1004083c     libvcruntime:winapi_downlevel.obj
 0003:0000184c       ?encoded_function_pointers@@3PAPAXA 1004084c     libvcruntime:winapi_downlevel.obj
 0003:00001874       ?__vcrt_startup_thread_ptd@@3U__vcrt_ptd@@A 10040874     libvcruntime:per_thread_data.obj
 0003:0000189c       ___vcrt_lock_table         1004089c     libvcruntime:locks.obj
 0003:000018b4       ___vcrt_locks_initialized  100408b4     libvcruntime:locks.obj
 0003:000018e0       ?heap@@3V_HeapManager@@A   100408e0     libvcruntime:undname.obj
 0003:000018f4       ___acrt_invalid_parameter_handler 100408f4     libucrt:invalid_parameter.obj
 0003:00001900       ___acrt_lock_table         10040900     libucrt:locks.obj
 0003:00001a38       ___acrt_locks_initialized  10040a38     libucrt:locks.obj
 0003:00001a48       _c_termination_complete    10040a48     libucrt:exit.obj
 0003:00001a4c       _thread_local_exit_callback_func 10040a4c     libucrt:exit.obj
 0003:00001a50       ?c_exit_complete@?5??common_exit@@YAXHW4_crt_exit_cleanup_mode@@W4_crt_exit_return_mode@@@Z@4_NA 10040a50     libucrt:exit.obj
 0003:00001a7c       ___acrt_new_handler        10040a7c     libucrt:new_handler.obj
 0003:00001a80       _ctrlc_action              10040a80     libucrt:signal.obj
 0003:00001a84       _ctrlbreak_action          10040a84     libucrt:signal.obj
 0003:00001a88       _abort_action              10040a88     libucrt:signal.obj
 0003:00001a8c       _term_action               10040a8c     libucrt:signal.obj
 0003:00001a90       ___acrt_app_type           10040a90     libucrt:report_runtime_error.obj
 0003:00001a94       ___acrt_error_mode         10040a94     libucrt:set_error_mode.obj
 0003:00001aa4       __tzname                   10040aa4     libucrt:timeset.obj
 0003:00001aa8       _last_tz                   10040aa8     libucrt:tzset.obj
 0003:00001ab0       _tz_api_used               10040ab0     libucrt:tzset.obj
 0003:00001ab8       _tz_info                   10040ab8     libucrt:tzset.obj
 0003:00001b64       ?first_time@?1??__tzset@@9@4JA 10040b64     libucrt:tzset.obj
 0003:00001b68       _module_handles            10040b68     libucrt:winapi_thunks.obj
 0003:00001bb8       _encoded_function_pointers 10040bb8     libucrt:winapi_thunks.obj
 0003:00001c38       ?static_enum_proc@?1??enum_system_locales_ex_nolock@@YAHQ6GHPA_WKJ@Z@Z@4P6GH0KJ@ZA 10040c38     libucrt:winapi_thunks.obj
 0003:00001c3c       ?state_cache@?1??__acrt_is_packaged_app@@9@4JA 10040c3c     libucrt:winapi_thunks.obj
 0003:00001c40       _enable_percent_n          10040c40     libucrt:printf_count_output.obj
 0003:00001e5c       ___acrt_global_new_mode    10040e5c     libucrt:new_mode.obj
 0003:00001e80       _fSystemSet                10040e80     libucrt:mbctype.obj
 0003:00001e84       ?initialized@?1??__acrt_initialize_multibyte@@9@4_NA 10040e84     libucrt:mbctype.obj
 0003:00001e98       _user_matherr              10040e98     libucrt:matherr.obj
 0003:00001e9c       __pmatherr_set             10040e9c     libucrt:libm_error.obj
 0004:00000000       __guard_fids____dcrt_uninitialize_environments_nolock 10041000     libucrt:environment_initialization.obj
 0004:00000008       __guard_fids__             10041008     libucrt:initialization.obj
 0004:00000068       __guard_fids____acrt_initialize_ptd 10041068     libucrt:per_thread_data.obj
 0004:0000006c       __guard_fids_??$common_show_message_box@_W@@YAHQB_W0I@Z 1004106c     libucrt:crtmbox.obj
 0004:00000070       __guard_fids_??$?RV<lambda_9227be29367c048ad7fd93a717dcb1a1>@@AAV<lambda_a463b7b0560cfcaf9b17f27c6ef46564>@@V<lambda_ccea11b5727ccf69be64f5f5d9a08d9f>@@@?$__crt_seh_guarded_call@H@@QAEH$$QAV<lambda_9227be29367c048ad7fd93a717dcb1a1>@@AAV<lambda_a463b7b0560cfcaf9b17f27c6ef46564>@@$$QAV<lambda_ccea11b5727ccf69be64f5f5d9a08d9f>@@@Z 10041070     libucrt:winapi_thunks.obj
 0004:00000074       __guard_fids__             10041074     libucrt:wsetlocale.obj
 0004:0000008c       __guard_fids__             1004108c     libucrt:stdio_initializer.obj
 0004:00000090       __guard_fids__             10041090     libucrt:stdio_initializer.obj
 0004:00000094       __guard_fids__             10041094     libucrt:timeset_initializer.obj
 0004:00000098       __guard_fids__             10041098     libucrt:locale_initializer.obj
 0004:0000009c       __guard_fids__GetLocaleNameFromLangCountry 1004109c     libucrt:get_qualified_locale.obj
 0004:000000a0       __guard_fids__GetLocaleNameFromLanguage 100410a0     libucrt:get_qualified_locale.obj
 0004:000000a4       __guard_fids__GetLcidFromLangCountry 100410a4     libucrt:getqloc_downlevel.obj
 0004:000000a8       __guard_fids__GetLcidFromLanguage 100410a8     libucrt:getqloc_downlevel.obj
 0004:000000ac       __guard_fids__GetLcidFromCountry 100410ac     libucrt:getqloc_downlevel.obj
 0004:000000b0       __guard_fids__             100410b0     libucrt:multibyte_initializer.obj
 0004:000000b4       __guard_fids____libm_error_support 100410b4     libucrt:libm_error.obj
 0004:000000b8       __guard_fids__             100410b8     libucrt:console_output_initializer.obj
 0004:000000bc       __guard_fids__             100410bc     libucrt:sse2_initializer.obj
 0004:000000c0       __guard_fids_??__Einitlocks@std@@YAXXZ 100410c0     libcpmt:xlock.obj
 0004:000000c4       __guard_fids__             100410c4     libcpmt:xlock.obj
 0004:000000c8       __guard_fids_??__Einitlocks@@YAXXZ 100410c8     libcpmt:cout.obj
 0004:000000cc       __guard_fids_??__Efout@std@@YAXXZ 100410cc     libcpmt:cout.obj
 0004:000000d0       __guard_fids_??__Ecout@std@@YAXXZ 100410d0     libcpmt:cout.obj
 0004:000000d4       __guard_fids__             100410d4     libcpmt:cout.obj
 0004:000000dc       __guard_fids__             100410dc     libcpmt:cout.obj
 0004:000000e4       __guard_fids__             100410e4     libcpmt:cout.obj
 0004:000000ec       __guard_fids__             100410ec     libcpmt:cout.obj
 0004:000000f0       __guard_fids__             100410f0     libcpmt:cout.obj
 0004:000000fc       __guard_fids__             100410fc     libcpmt:cout.obj
 0004:00000128       __guard_fids__             10041128     libcpmt:cout.obj
 0004:00000140       __guard_fids__             10041140     libcpmt:cout.obj
 0004:00000148       __guard_fids__             10041148     libcpmt:cout.obj
 0004:00000150       __guard_fids__             10041150     libcpmt:cout.obj
 0004:00000168       __guard_fids__             10041168     libcpmt:cout.obj
 0004:00000170       __guard_fids__             10041170     libcpmt:cout.obj
 0004:00000174       __guard_fids__             10041174     libcpmt:cout.obj
 0004:000001b0       __guard_fids__             100411b0     libcpmt:cout.obj
 0004:000001ec       __guard_fids__             100411ec     libcpmt:cout.obj
 0004:000001f0       __guard_fids__             100411f0     libcpmt:cout.obj
 0004:000001f4       __guard_fids__             100411f4     libcpmt:cout.obj
 0004:0000021c       __guard_fids__             1004121c     libcpmt:cout.obj
 0004:00000220       __guard_fids__             10041220     libcpmt:cout.obj
 0004:00000224       __guard_fids__             10041224     libcpmt:cout.obj
 0004:00000228       __guard_fids__             10041228     libcpmt:cout.obj
 0004:0000022c       __guard_fids__             1004122c     libcpmt:cout.obj
 0004:00000230       __guard_fids__             10041230     libcpmt:cout.obj
 0004:00000234       __guard_fids_??__E_Fac_tidy_reg@std@@YAXXZ 10041234     libcpmt:locale0.obj
 0004:00000238       __guard_fids_?_Setgloballocale@locale@std@@CAXPAX@Z 10041238     libcpmt:locale0.obj
 0004:0000023c       __guard_fids_??__Eclassic_locale@std@@YAXXZ 1004123c     libcpmt:locale0.obj
 0004:00000240       __guard_fids__             10041240     libcpmt:locale0.obj
 0004:0000024c       __guard_fids__             1004124c     libcpmt:locale0.obj
 0004:00000250       __guard_fids__             10041250     libcpmt:locale0.obj
 0004:00000254       __guard_fids__             10041254     libcpmt:xthrow.obj
 0004:0000025c       __guard_fids__             1004125c     libcpmt:xthrow.obj
 0004:00000264       __guard_fids__             10041264     libcpmt:xthrow.obj
 0004:0000026c       __guard_fids__             1004126c     libcpmt:xthrow.obj
 0004:00000274       __guard_fids__             10041274     libcpmt:xthrow.obj
 0004:00000278       __guard_fids__             10041278     libcpmt:xthrow.obj
 0004:0000027c       __guard_fids__             1004127c     libcpmt:xthrow.obj
 0004:00000280       __guard_fids__             10041280     libcpmt:xthrow.obj
 0004:00000284       __guard_fids__             10041284     libcpmt:xthrow.obj
 0004:00000288       __guard_fids__             10041288     libcpmt:xthrow.obj
 0004:0000028c       __guard_fids__             1004128c     libcpmt:xthrow.obj
 0004:00000290       __guard_fids_??__Einitlocks@std@@YAXXZ 10041290     libcpmt:iosptrs.obj
 0004:00000294       __guard_fids_??__Einit_atexit@@YAXXZ 10041294     libcpmt:iosptrs.obj
 0004:00000298       __guard_fids__             10041298     libcpmt:iosptrs.obj
 0004:0000029c       __guard_fids__             1004129c     libcpmt:iosptrs.obj
 0004:000002a0       __guard_fids__             100412a0     libcpmt:locale.obj
 0004:000002cc       __guard_fids__             100412cc     libcpmt:locale.obj
 0004:000002ec       __guard_fids__             100412ec     libcpmt:winapisupp.obj
 0004:000002f0       __guard_fids__             100412f0     LIBCMT:thread_safe_statics.obj
 0004:000002f4       __guard_fids_?__scrt_initialize_thread_safe_statics@@YAHXZ 100412f4     LIBCMT:thread_safe_statics.obj
 0004:000002f8       __guard_fids__             100412f8     LIBCMT:std_type_info_static.obj
 0004:000002fc       __guard_fids_?dllmain_crt_process_attach@@YAHQAUHINSTANCE__@@QAX@Z 100412fc     LIBCMT:dll_dllmain.obj
 0004:00000304       __guard_fids_?dllmain_dispatch@@YAHQAUHINSTANCE__@@KQAX@Z 10041304     LIBCMT:dll_dllmain.obj
 0004:00000308       __guard_fids__             10041308     LIBCMT:throw_bad_alloc.obj
 0004:00000310       __guard_fids__             10041310     LIBCMT:throw_bad_alloc.obj
 0004:00000314       __guard_fids__             10041314     LIBCMT:throw_bad_alloc.obj
 0004:00000318       __guard_fids__             10041318     LIBCMT:guard_support.obj
 0004:0000031c       __guard_fids__             1004131c     libvcruntime:frame.obj
 0004:00000320       __guard_fids__             10041320     libvcruntime:frame.obj
 0004:00000328       __guard_fids__             10041328     libvcruntime:frame.obj
 0004:0000032c       __guard_fids__             1004132c     libvcruntime:frame.obj
 0004:00000330       __guard_fids__             10041330     libvcruntime:telemetry.obj
 0004:00000334       __guard_fids_?TraceLoggingRegister@__vcrt_trace_logging_provider@@YAJPBU_TlgProvider_t@1@PBU_GUID@@P6GX1KE_K2PAU_EVENT_FILTER_DESCRIPTOR@@PAX@Z4@Z 10041334     libvcruntime:telemetry.obj
 0004:00000338       __guard_fids____vcrt_initialize_ptd 10041338     libvcruntime:per_thread_data.obj
 0006:00000060       $R000000                   10043060     * linker generated manifest res *

 Exports

  ordinal    name

        1    __register_addon_
               exported name: _register_addon_
