 addon

 Timestamp is 582b5713 (Tue Nov 15 19:42:27 2016)

 Preferred load address is 10000000

 Start         Length     Name                   Class
 0001:00000000 000000e0H .text$di                CODE
 0001:000000e0 0002e8a0H .text$mn                CODE
 0001:0002e980 000003a0H .text$x                 CODE
 0001:0002ed20 00000061H .text$yd                CODE
 0002:00000000 00000390H .idata$5                DATA
 0002:00000390 00000004H .00cfg                  DATA
 0002:00000394 00000004H .CRT$XCA                DATA
 0002:00000398 0000001cH .CRT$XCC                DATA
 0002:000003b4 00000008H .CRT$XCL                DATA
 0002:000003bc 00000008H .CRT$XCU                DATA
 0002:000003c4 00000004H .CRT$XCZ                DATA
 0002:000003c8 00000004H .CRT$XIA                DATA
 0002:000003cc 00000018H .CRT$XIC                DATA
 0002:000003e4 00000004H .CRT$XIZ                DATA
 0002:000003e8 00000004H .CRT$XLA                DATA
 0002:000003ec 00000004H .CRT$XLZ                DATA
 0002:000003f0 00000004H .CRT$XPA                DATA
 0002:000003f4 00000008H .CRT$XPX                DATA
 0002:000003fc 00000004H .CRT$XPXA               DATA
 0002:00000400 00000004H .CRT$XPZ                DATA
 0002:00000404 00000004H .CRT$XTA                DATA
 0002:00000408 00000008H .CRT$XTZ                DATA
 0002:00000410 0000ca94H .rdata                  DATA
 0002:0000cea4 00000018H .rdata$T                DATA
 0002:0000cebc 000009e4H .rdata$r                DATA
 0002:0000d8a0 00000070H .rdata$sxdata           DATA
 0002:0000d910 00000494H .rdata$zzzdbg           DATA
 0002:0000dda4 00000004H .rtc$IAA                DATA
 0002:0000dda8 00000004H .rtc$IZZ                DATA
 0002:0000ddac 00000004H .rtc$TAA                DATA
 0002:0000ddb0 00000008H .rtc$TZZ                DATA
 0002:0000ddb8 00000dbcH .xdata$x                DATA
 0002:0000eb74 00000020H .didat$2                DATA
 0002:0000eb94 00000020H .didat$3                DATA
 0002:0000ebb4 000000ccH .didat$4                DATA
 0002:0000ec80 00000c04H .didat$6                DATA
 0002:0000f884 000000ccH .didat$7                DATA
 0002:0000f950 00000050H .edata                  DATA
 0002:0000f9a0 00000028H .idata$2                DATA
 0002:0000f9c8 00000014H .idata$3                DATA
 0002:0000f9dc 00000390H .idata$4                DATA
 0002:0000fd6c 00001bd2H .idata$6                DATA
 0003:00000000 00000a00H .data                   DATA
 0003:00000a00 000004c8H .data$r                 DATA
 0003:00000ec8 000000d0H .didat$5                DATA
 0003:00000f98 00000f28H .bss                    DATA
 0004:00000000 000000c4H .gfids$x                DATA
 0004:000000c4 0000026cH .gfids$y                DATA
 0005:00000000 00000004H .tls                    DATA
 0005:00000004 00000004H .tls$                   DATA
 0005:00000008 00000001H .tls$ZZZ                DATA
 0006:00000000 00000060H .rsrc$01                DATA
 0006:00000060 00000180H .rsrc$02                DATA

  Address         Publics by Value              Rva+Base       Lib:Object

 0000:00000000       ___guard_fids_count        00000000     <absolute>
 0000:00000000       ___guard_longjmp_count     00000000     <absolute>
 0000:00000000       ___guard_longjmp_table     00000000     <absolute>
 0000:00000000       ___guard_iat_table         00000000     <absolute>
 0000:00000000       ___guard_iat_count         00000000     <absolute>
 0000:00000000       ___guard_fids_table        00000000     <absolute>
 0000:00000000       ___dynamic_value_reloc_table 00000000     <absolute>
 0000:00000000       __except_list              00000000     <absolute>
 0000:0000001c       ___safe_se_handler_count   0000001c     <absolute>
 0000:0000002c       __tls_array                0000002c     <absolute>
 0000:00000100       ___guard_flags             00000100     <absolute>
 0000:00000000       ___ImageBase               10000000     <linker-defined>
 0001:00000180       ?New@?$Factory@VFunctionTemplate@v8@@@imp@Nan@@SA?AV?$Local@VFunctionTemplate@v8@@@v8@@P6AXABV?$FunctionCallbackInfo@VValue@v8@@@3@@ZV?$Local@VValue@v8@@@5@V?$Local@VSignature@v8@@@5@@Z 10001180 f i addon.obj
 0001:000002a0       ?InitDominoSession@@YAXABV?$FunctionCallbackInfo@VValue@v8@@@Nan@@@Z 100012a0 f   addon.obj
 0001:000002d0       ?TermDominoSession@@YAXABV?$FunctionCallbackInfo@VValue@v8@@@Nan@@@Z 100012d0 f   addon.obj
 0001:000002f0       ?InitAll@@YAXV?$Local@VObject@v8@@@v8@@@Z 100012f0 f   addon.obj
 0001:00000890       ?__global_delete@@YAXPAXI@Z 10001890 f i * CIL library *:* CIL module *
 0001:00000890       ___except_validate_jump_buffer 10001890 f i libvcruntime:jbcxrval.obj
 0001:00000890       @_guard_check_icall_nop@4  10001890 f i LIBCMT:guard_support.obj
 0001:00000890       ___except_validate_context_record 10001890 f i libvcruntime:jbcxrval.obj
 0001:00000890       ?_Lock@?$basic_streambuf@DU?$char_traits@D@std@@@std@@UAEXXZ 10001890 f i libcpmt:cout.obj
 0001:00000890       ?__empty_global_delete@@YAXPAXI@Z 10001890 f i addon.obj
 0001:00000890       ?_Doraise@exception@stdext@@MBEXXZ 10001890 f i view_async.obj
 0001:00000890       ?_Unlock@?$basic_streambuf@DU?$char_traits@D@std@@@std@@UAEXXZ 10001890 f i libcpmt:cout.obj
 0001:000008a0       ??$New@VString@v8@@PBD@Nan@@YA?AV?$MaybeLocal@VString@v8@@@v8@@PBD@Z 100018a0 f i addon.obj
 0001:000008c0       ?_Deallocate@std@@YAXPAXII@Z 100018c0 f i document_async.obj
 0001:00000920       ??0Callback@Nan@@QAE@ABV?$Local@VFunction@v8@@@v8@@@Z 10001920 f i document_async.obj
 0001:000009f0       ??0AsyncWorker@Nan@@QAE@PAVCallback@1@@Z 100019f0 f i document_async.obj
 0001:00000a80       ??1AsyncWorker@Nan@@UAE@XZ 10001a80 f i document_async.obj
 0001:00000b00       ?WorkComplete@AsyncWorker@Nan@@UAEXXZ 10001b00 f i document_async.obj
 0001:00000b70       ?Destroy@AsyncWorker@Nan@@UAEXXZ 10001b70 f i document_async.obj
 0001:00000b80       ?HandleOKCallback@AsyncWorker@Nan@@MAEXXZ 10001b80 f i document_async.obj
 0001:00000c20       ?HandleErrorCallback@AsyncWorker@Nan@@MAEXXZ 10001c20 f i document_async.obj
 0001:00000d10       ?SetErrorMessage@AsyncWorker@Nan@@IAEXPBD@Z 10001d10 f i document_async.obj
 0001:00000d50       ??_GAsyncWorker@Nan@@UAEPAXI@Z 10001d50 f i document_async.obj
 0001:00000d50       ??_EAsyncWorker@Nan@@UAEPAXI@Z 10001d50 f i * CIL library *:* CIL module *
 0001:00000d70       ?AsyncExecute@Nan@@YAXPAUuv_work_s@@@Z 10001d70 f i document_async.obj
 0001:00000d80       ?AsyncExecuteComplete@Nan@@YAXPAUuv_work_s@@@Z 10001d80 f i document_async.obj
 0001:00000db0       ?GetClassNameA@LNSmartPtr@@UBEPBDXZ 10001db0 f i document_async.obj
 0001:00000dd0       ?GetSession@LNSmartPtr@@UBEPAVLNNotesSession@@XZ 10001dd0 f i document_async.obj
 0001:00000de0       ?IsNull@LNSmartPtr@@UBEHXZ 10001de0 f i document_async.obj
 0001:00000df0       ??0LNString@@QAE@PBD@Z     10001df0 f i document_async.obj
 0001:00000e10       ?GetClassID@LNString@@UBE?AW4LNCLASSID@@XZ 10001e10 f i document_async.obj
 0001:00000e20       ?GetClassID@LNDatabase@@UBE?AW4LNCLASSID@@XZ 10001e20 f i document_async.obj
 0001:00000e30       ?GetDatabase@LNNotesSession@@QAEKPBDPAVLNDatabase@@ABVLNString@@@Z 10001e30 f i document_async.obj
 0001:00000e80       ??0ItemValue@@QAE@V?$basic_string@DU?$char_traits@D@std@@V?$allocator@D@2@@std@@@Z 10001e80 f i document_async.obj
 0001:00000ee0       ??0DocumentWorker@@QAE@PAVCallback@Nan@@V?$basic_string@DU?$char_traits@D@std@@V?$allocator@D@2@@std@@11@Z 10001ee0 f i document_async.obj
 0001:00000fd0       ?Execute@DocumentWorker@@UAEXXZ 10001fd0 f i document_async.obj
 0001:000016d0       ?HandleOKCallback@SaveDocumentWorker@@UAEXXZ 100026d0 f i save_document_async.obj
 0001:000016d0       ?HandleOKCallback@DocumentWorker@@UAEXXZ 100026d0 f i document_async.obj
 0001:00001800       ?HandleErrorCallback@MakeResponseDocumentWorker@@UAEXXZ 10002800 f i makeresponse_document.obj
 0001:00001800       ?HandleErrorCallback@DeleteDocumentWorker@@UAEXXZ 10002800 f i delete_document_async.obj
 0001:00001800       ?HandleErrorCallback@SaveDocumentWorker@@UAEXXZ 10002800 f i save_document_async.obj
 0001:00001800       ?HandleErrorCallback@ResponseDocumentsWorker@@UAEXXZ 10002800 f i getresponse_documents.obj
 0001:00001800       ?HandleErrorCallback@ViewWorker@@UAEXXZ 10002800 f i view_async.obj
 0001:00001800       ?HandleErrorCallback@DocumentWorker@@UAEXXZ 10002800 f i document_async.obj
 0001:00001970       ??_EDocumentWorker@@UAEPAXI@Z 10002970 f i * CIL library *:* CIL module *
 0001:00001970       ??_GDocumentWorker@@UAEPAXI@Z 10002970 f i document_async.obj
 0001:000019f0       ??1?$map@V?$basic_string@DU?$char_traits@D@std@@V?$allocator@D@2@@std@@VItemValue@@U?$less@V?$basic_string@DU?$char_traits@D@std@@V?$allocator@D@2@@std@@@2@V?$allocator@U?$pair@$$CBV?$basic_string@DU?$char_traits@D@std@@V?$allocator@D@2@@std@@VItemValue@@@std@@@2@@std@@QAE@XZ 100029f0 f i document_async.obj
 0001:00001a10       ??1ItemValue@@QAE@XZ       10002a10 f i document_async.obj
 0001:00001a70       ??1?$pair@PBDVItemValue@@@std@@QAE@XZ 10002a70 f i document_async.obj
 0001:00001ad0       ??1?$pair@$$CBV?$basic_string@DU?$char_traits@D@std@@V?$allocator@D@2@@std@@VItemValue@@@std@@QAE@XZ 10002ad0 f i document_async.obj
 0001:00001ad0       ??1?$pair@V?$basic_string@DU?$char_traits@D@std@@V?$allocator@D@2@@std@@VItemValue@@@std@@QAE@XZ 10002ad0 f i document_async.obj
 0001:00001b40       ?GetDocumentAsync@@YAXABV?$FunctionCallbackInfo@VValue@v8@@@Nan@@@Z 10002b40 f   document_async.obj
 0001:00001ec0       ??0?$map@V?$basic_string@DU?$char_traits@D@std@@V?$allocator@D@2@@std@@VItemValue@@U?$less@V?$basic_string@DU?$char_traits@D@std@@V?$allocator@D@2@@std@@@2@V?$allocator@U?$pair@$$CBV?$basic_string@DU?$char_traits@D@std@@V?$allocator@D@2@@std@@VItemValue@@@std@@@2@@std@@QAE@ABV01@@Z 10002ec0 f i document_async.obj
 0001:00001f10       ??0?$map@V?$basic_string@DU?$char_traits@D@std@@V?$allocator@D@2@@std@@VItemValue@@U?$less@V?$basic_string@DU?$char_traits@D@std@@V?$allocator@D@2@@std@@@2@V?$allocator@U?$pair@$$CBV?$basic_string@DU?$char_traits@D@std@@V?$allocator@D@2@@std@@VItemValue@@@std@@@2@@std@@QAE@XZ 10002f10 f i document_async.obj
 0001:00001f50       ?append@?$basic_string@DU?$char_traits@D@std@@V?$allocator@D@2@@std@@QAEAAV12@PBD@Z 10002f50 f i document_async.obj
 0001:00001f90       ??4?$basic_string@DU?$char_traits@D@std@@V?$allocator@D@2@@std@@QAEAAV01@PBD@Z 10002f90 f i document_async.obj
 0001:00001fd0       ??1?$basic_string@DU?$char_traits@D@std@@V?$allocator@D@2@@std@@QAE@XZ 10002fd0 f i document_async.obj
 0001:00002040       ?assign@?$basic_string@DU?$char_traits@D@std@@V?$allocator@D@2@@std@@QAEAAV12@$$QAV12@@Z 10003040 f i view_async.obj
 0001:00002040       ??4?$basic_string@DU?$char_traits@D@std@@V?$allocator@D@2@@std@@QAEAAV01@$$QAV01@@Z 10003040 f i document_async.obj
 0001:000020e0       ??0?$basic_string@DU?$char_traits@D@std@@V?$allocator@D@2@@std@@QAE@$$QAV01@@Z 100030e0 f i document_async.obj
 0001:00002160       ??0?$basic_string@DU?$char_traits@D@std@@V?$allocator@D@2@@std@@QAE@PBD@Z 10003160 f i document_async.obj
 0001:000021b0       ??0?$basic_string@DU?$char_traits@D@std@@V?$allocator@D@2@@std@@QAE@ABV01@@Z 100031b0 f i document_async.obj
 0001:000021e0       ?deallocate@?$_Wrap_alloc@V?$allocator@V?$basic_string@DU?$char_traits@D@std@@V?$allocator@D@2@@std@@@std@@@std@@QAEXPAV?$basic_string@DU?$char_traits@D@std@@V?$allocator@D@2@@2@I@Z 100031e0 f i document_async.obj
 0001:00002240       ?_Buy@?$vector@V?$basic_string@DU?$char_traits@D@std@@V?$allocator@D@2@@std@@V?$allocator@V?$basic_string@DU?$char_traits@D@std@@V?$allocator@D@2@@std@@@2@@std@@IAE_NI@Z 10003240 f i document_async.obj
 0001:000022a0       ?_Tidy@?$basic_string@DU?$char_traits@D@std@@V?$allocator@D@2@@std@@QAEX_NI@Z 100032a0 f i document_async.obj
 0001:00002330       ?_Traits_compare@?$basic_string@DU?$char_traits@D@std@@V?$allocator@D@2@@std@@SAHQBDI0I@Z 10003330 f i document_async.obj
 0001:000023c0       ?assign@?$basic_string@DU?$char_traits@D@std@@V?$allocator@D@2@@std@@QAEAAV12@PBDI@Z 100033c0 f i document_async.obj
 0001:000024c0       ?assign@?$basic_string@DU?$char_traits@D@std@@V?$allocator@D@2@@std@@QAEAAV12@ABV12@II@Z 100034c0 f i document_async.obj
 0001:000025d0       ?append@?$basic_string@DU?$char_traits@D@std@@V?$allocator@D@2@@std@@QAEAAV12@PBDI@Z 100035d0 f i document_async.obj
 0001:00002700       ?append@?$basic_string@DU?$char_traits@D@std@@V?$allocator@D@2@@std@@QAEAAV12@ABV12@II@Z 10003700 f i document_async.obj
 0001:00002800       ?_Assign_rv@?$basic_string@DU?$char_traits@D@std@@V?$allocator@D@2@@std@@QAEX$$QAV12@@Z 10003800 f i document_async.obj
 0001:00002870       ?erase@?$_Tree@V?$_Tmap_traits@V?$basic_string@DU?$char_traits@D@std@@V?$allocator@D@2@@std@@VItemValue@@U?$less@V?$basic_string@DU?$char_traits@D@std@@V?$allocator@D@2@@std@@@2@V?$allocator@U?$pair@$$CBV?$basic_string@DU?$char_traits@D@std@@V?$allocator@D@2@@std@@VItemValue@@@std@@@2@$0A@@std@@@std@@QAE?AV?$_Tree_iterator@V?$_Tree_val@U?$_Tree_simple_types@U?$pair@$$CBV?$basic_string@DU?$char_traits@D@std@@V?$allocator@D@2@@std@@VItemValue@@@std@@@std@@@std@@@2@V?$_Tree_const_iterator@V?$_Tree_val@U?$_Tree_simple_types@U?$pair@$$CBV?$basic_string@DU?$char_traits@D@std@@V?$allocator@D@2@@std@@VItemValue@@@std@@@std@@@std@@@2@0@Z 10003870 f i document_async.obj
 0001:00002930       ?allocate@?$_Wrap_alloc@V?$allocator@V?$basic_string@DU?$char_traits@D@std@@V?$allocator@D@2@@std@@@std@@@std@@QAEPAV?$basic_string@DU?$char_traits@D@std@@V?$allocator@D@2@@2@I@Z 10003930 f i document_async.obj
 0001:00002990       ?erase@?$basic_string@DU?$char_traits@D@std@@V?$allocator@D@2@@std@@QAEAAV12@II@Z 10003990 f i document_async.obj
 0001:00002a30       ?erase@?$_Tree@V?$_Tmap_traits@V?$basic_string@DU?$char_traits@D@std@@V?$allocator@D@2@@std@@VItemValue@@U?$less@V?$basic_string@DU?$char_traits@D@std@@V?$allocator@D@2@@std@@@2@V?$allocator@U?$pair@$$CBV?$basic_string@DU?$char_traits@D@std@@V?$allocator@D@2@@std@@VItemValue@@@std@@@2@$0A@@std@@@std@@QAE?AV?$_Tree_iterator@V?$_Tree_val@U?$_Tree_simple_types@U?$pair@$$CBV?$basic_string@DU?$char_traits@D@std@@V?$allocator@D@2@@std@@VItemValue@@@std@@@std@@@std@@@2@V?$_Tree_const_iterator@V?$_Tree_val@U?$_Tree_simple_types@U?$pair@$$CBV?$basic_string@DU?$char_traits@D@std@@V?$allocator@D@2@@std@@VItemValue@@@std@@@std@@@std@@@2@@Z 10003a30 f i document_async.obj
 0001:00002eb0       ?_Copy@?$basic_string@DU?$char_traits@D@std@@V?$allocator@D@2@@std@@QAEXII@Z 10003eb0 f i document_async.obj
 0001:00002fe0       ?_Rrotate@?$_Tree@V?$_Tmap_traits@V?$basic_string@DU?$char_traits@D@std@@V?$allocator@D@2@@std@@VItemValue@@U?$less@V?$basic_string@DU?$char_traits@D@std@@V?$allocator@D@2@@std@@@2@V?$allocator@U?$pair@$$CBV?$basic_string@DU?$char_traits@D@std@@V?$allocator@D@2@@std@@VItemValue@@@std@@@2@$0A@@std@@@std@@IAEXPAU?$_Tree_node@U?$pair@$$CBV?$basic_string@DU?$char_traits@D@std@@V?$allocator@D@2@@std@@VItemValue@@@std@@PAX@2@@Z 10003fe0 f i document_async.obj
 0001:00003040       ?_Lrotate@?$_Tree@V?$_Tmap_traits@V?$basic_string@DU?$char_traits@D@std@@V?$allocator@D@2@@std@@VItemValue@@U?$less@V?$basic_string@DU?$char_traits@D@std@@V?$allocator@D@2@@std@@@2@V?$allocator@U?$pair@$$CBV?$basic_string@DU?$char_traits@D@std@@V?$allocator@D@2@@std@@VItemValue@@@std@@@2@$0A@@std@@@std@@IAEXPAU?$_Tree_node@U?$pair@$$CBV?$basic_string@DU?$char_traits@D@std@@V?$allocator@D@2@@std@@VItemValue@@@std@@PAX@2@@Z 10004040 f i document_async.obj
 0001:00003090       ?_Erase@?$_Tree@V?$_Tmap_traits@V?$basic_string@DU?$char_traits@D@std@@V?$allocator@D@2@@std@@VItemValue@@U?$less@V?$basic_string@DU?$char_traits@D@std@@V?$allocator@D@2@@std@@@2@V?$allocator@U?$pair@$$CBV?$basic_string@DU?$char_traits@D@std@@V?$allocator@D@2@@std@@VItemValue@@@std@@@2@$0A@@std@@@std@@IAEXPAU?$_Tree_node@U?$pair@$$CBV?$basic_string@DU?$char_traits@D@std@@V?$allocator@D@2@@std@@VItemValue@@@std@@PAX@2@@Z 10004090 f i document_async.obj
 0001:00003240       ??$New@VObject@v8@@@Nan@@YA?AV?$Local@VObject@v8@@@v8@@XZ 10004240 f i document_async.obj
 0001:00003260       ??$make_pair@AAY05$$CBDVItemValue@@@std@@YA?AU?$pair@PBDVItemValue@@@0@AAY05$$CBD$$QAVItemValue@@@Z 10004260 f i document_async.obj
 0001:000032e0       ??$insert@U?$pair@PBDVItemValue@@@std@@X@?$map@V?$basic_string@DU?$char_traits@D@std@@V?$allocator@D@2@@std@@VItemValue@@U?$less@V?$basic_string@DU?$char_traits@D@std@@V?$allocator@D@2@@std@@@2@V?$allocator@U?$pair@$$CBV?$basic_string@DU?$char_traits@D@std@@V?$allocator@D@2@@std@@VItemValue@@@std@@@2@@std@@QAE?AU?$pair@V?$_Tree_iterator@V?$_Tree_val@U?$_Tree_simple_types@U?$pair@$$CBV?$basic_string@DU?$char_traits@D@std@@V?$allocator@D@2@@std@@VItemValue@@@std@@@std@@@std@@@std@@_N@1@$$QAU?$pair@PBDVItemValue@@@1@@Z 100042e0 f i document_async.obj
 0001:00003340       ??$insert@U?$pair@V?$basic_string@DU?$char_traits@D@std@@V?$allocator@D@2@@std@@VItemValue@@@std@@X@?$map@V?$basic_string@DU?$char_traits@D@std@@V?$allocator@D@2@@std@@VItemValue@@U?$less@V?$basic_string@DU?$char_traits@D@std@@V?$allocator@D@2@@std@@@2@V?$allocator@U?$pair@$$CBV?$basic_string@DU?$char_traits@D@std@@V?$allocator@D@2@@std@@VItemValue@@@std@@@2@@std@@QAE?AU?$pair@V?$_Tree_iterator@V?$_Tree_val@U?$_Tree_simple_types@U?$pair@$$CBV?$basic_string@DU?$char_traits@D@std@@V?$allocator@D@2@@std@@VItemValue@@@std@@@std@@@std@@@std@@_N@1@$$QAU?$pair@V?$basic_string@DU?$char_traits@D@std@@V?$allocator@D@2@@std@@VItemValue@@@1@@Z 10004340 f i document_async.obj
 0001:000033a0       ??$?0AAV?$basic_string@DU?$char_traits@D@std@@V?$allocator@D@2@@std@@VItemValue@@X$0A@@?$pair@V?$basic_string@DU?$char_traits@D@std@@V?$allocator@D@2@@std@@VItemValue@@@std@@QAE@AAV?$basic_string@DU?$char_traits@D@std@@V?$allocator@D@2@@1@$$QAVItemValue@@@Z 100043a0 f i document_async.obj
 0001:00003430       ??$_Copy@U_Copy_tag@?$_Tree@V?$_Tmap_traits@V?$basic_string@DU?$char_traits@D@std@@V?$allocator@D@2@@std@@VItemValue@@U?$less@V?$basic_string@DU?$char_traits@D@std@@V?$allocator@D@2@@std@@@2@V?$allocator@U?$pair@$$CBV?$basic_string@DU?$char_traits@D@std@@V?$allocator@D@2@@std@@VItemValue@@@std@@@2@$0A@@std@@@std@@@?$_Tree@V?$_Tmap_traits@V?$basic_string@DU?$char_traits@D@std@@V?$allocator@D@2@@std@@VItemValue@@U?$less@V?$basic_string@DU?$char_traits@D@std@@V?$allocator@D@2@@std@@@2@V?$allocator@U?$pair@$$CBV?$basic_string@DU?$char_traits@D@std@@V?$allocator@D@2@@std@@VItemValue@@@std@@@2@$0A@@std@@@std@@IAEXABV01@U_Copy_tag@01@@Z 10004430 f i document_async.obj
 0001:000034b0       ??$_Destroy_range1@V?$allocator@V?$basic_string@DU?$char_traits@D@std@@V?$allocator@D@2@@std@@@std@@PAV?$basic_string@DU?$char_traits@D@std@@V?$allocator@D@2@@2@@std@@YAXPAV?$basic_string@DU?$char_traits@D@std@@V?$allocator@D@2@@0@0AAU?$_Wrap_alloc@V?$allocator@V?$basic_string@DU?$char_traits@D@std@@V?$allocator@D@2@@std@@@std@@@0@U?$integral_constant@_N$0A@@0@@Z 100044b0 f i document_async.obj
 0001:00003530       ??$_Insert_nohint@AAU?$pair@$$CBV?$basic_string@DU?$char_traits@D@std@@V?$allocator@D@2@@std@@VItemValue@@@std@@PAU?$_Tree_node@U?$pair@$$CBV?$basic_string@DU?$char_traits@D@std@@V?$allocator@D@2@@std@@VItemValue@@@std@@PAX@2@@?$_Tree@V?$_Tmap_traits@V?$basic_string@DU?$char_traits@D@std@@V?$allocator@D@2@@std@@VItemValue@@U?$less@V?$basic_string@DU?$char_traits@D@std@@V?$allocator@D@2@@std@@@2@V?$allocator@U?$pair@$$CBV?$basic_string@DU?$char_traits@D@std@@V?$allocator@D@2@@std@@VItemValue@@@std@@@2@$0A@@std@@@std@@IAE?AU?$pair@V?$_Tree_iterator@V?$_Tree_val@U?$_Tree_simple_types@U?$pair@$$CBV?$basic_string@DU?$char_traits@D@std@@V?$allocator@D@2@@std@@VItemValue@@@std@@@std@@@std@@@std@@_N@1@_NAAU?$pair@$$CBV?$basic_string@DU?$char_traits@D@std@@V?$allocator@D@2@@std@@VItemValue@@@1@PAU?$_Tree_node@U?$pair@$$CBV?$basic_string@DU?$char_traits@D@std@@V?$allocator@D@2@@std@@VItemValue@@@std@@PAX@1@@Z 10004530 f i document_async.obj
 0001:000036d0       ??$_Copy_nodes@U_Copy_tag@?$_Tree@V?$_Tmap_traits@V?$basic_string@DU?$char_traits@D@std@@V?$allocator@D@2@@std@@VItemValue@@U?$less@V?$basic_string@DU?$char_traits@D@std@@V?$allocator@D@2@@std@@@2@V?$allocator@U?$pair@$$CBV?$basic_string@DU?$char_traits@D@std@@V?$allocator@D@2@@std@@VItemValue@@@std@@@2@$0A@@std@@@std@@@?$_Tree@V?$_Tmap_traits@V?$basic_string@DU?$char_traits@D@std@@V?$allocator@D@2@@std@@VItemValue@@U?$less@V?$basic_string@DU?$char_traits@D@std@@V?$allocator@D@2@@std@@@2@V?$allocator@U?$pair@$$CBV?$basic_string@DU?$char_traits@D@std@@V?$allocator@D@2@@std@@VItemValue@@@std@@@2@$0A@@std@@@std@@IAEPAU?$_Tree_node@U?$pair@$$CBV?$basic_string@DU?$char_traits@D@std@@V?$allocator@D@2@@std@@VItemValue@@@std@@PAX@1@PAU21@0U_Copy_tag@01@@Z 100046d0 f i document_async.obj
 0001:00003770       ??F?$_Tree_unchecked_const_iterator@V?$_Tree_val@U?$_Tree_simple_types@U?$pair@$$CBV?$basic_string@DU?$char_traits@D@std@@V?$allocator@D@2@@std@@VItemValue@@@std@@@std@@@std@@U_Iterator_base0@2@@std@@QAEAAV01@XZ 10004770 f i document_async.obj
 0001:000037d0       ??$_Insert_at@AAU?$pair@$$CBV?$basic_string@DU?$char_traits@D@std@@V?$allocator@D@2@@std@@VItemValue@@@std@@PAU?$_Tree_node@U?$pair@$$CBV?$basic_string@DU?$char_traits@D@std@@V?$allocator@D@2@@std@@VItemValue@@@std@@PAX@2@@?$_Tree@V?$_Tmap_traits@V?$basic_string@DU?$char_traits@D@std@@V?$allocator@D@2@@std@@VItemValue@@U?$less@V?$basic_string@DU?$char_traits@D@std@@V?$allocator@D@2@@std@@@2@V?$allocator@U?$pair@$$CBV?$basic_string@DU?$char_traits@D@std@@V?$allocator@D@2@@std@@VItemValue@@@std@@@2@$0A@@std@@@std@@IAE?AV?$_Tree_iterator@V?$_Tree_val@U?$_Tree_simple_types@U?$pair@$$CBV?$basic_string@DU?$char_traits@D@std@@V?$allocator@D@2@@std@@VItemValue@@@std@@@std@@@std@@@1@_NPAU?$_Tree_node@U?$pair@$$CBV?$basic_string@DU?$char_traits@D@std@@V?$allocator@D@2@@std@@VItemValue@@@std@@PAX@1@AAU?$pair@$$CBV?$basic_string@DU?$char_traits@D@std@@V?$allocator@D@2@@std@@VItemValue@@@1@1@Z 100047d0 f i document_async.obj
 0001:000039b0       ??$?0PBDVItemValue@@X$0A@@?$pair@$$CBV?$basic_string@DU?$char_traits@D@std@@V?$allocator@D@2@@std@@VItemValue@@@std@@QAE@$$QAU?$pair@PBDVItemValue@@@1@@Z 100049b0 f i document_async.obj
 0001:00003a60       ??$?0V?$basic_string@DU?$char_traits@D@std@@V?$allocator@D@2@@std@@VItemValue@@X$0A@@?$pair@$$CBV?$basic_string@DU?$char_traits@D@std@@V?$allocator@D@2@@std@@VItemValue@@@std@@QAE@$$QAU?$pair@V?$basic_string@DU?$char_traits@D@std@@V?$allocator@D@2@@std@@VItemValue@@@1@@Z 10004a60 f i document_async.obj
 0001:00003ae0       ??0?$pair@$$CBV?$basic_string@DU?$char_traits@D@std@@V?$allocator@D@2@@std@@VItemValue@@@std@@QAE@ABU01@@Z 10004ae0 f i document_async.obj
 0001:00003b60       ??0ItemValue@@QAE@ABV0@@Z  10004b60 f i document_async.obj
 0001:00003bc0       ??0?$vector@V?$basic_string@DU?$char_traits@D@std@@V?$allocator@D@2@@std@@V?$allocator@V?$basic_string@DU?$char_traits@D@std@@V?$allocator@D@2@@std@@@2@@std@@QAE@ABV01@@Z 10004bc0 f i document_async.obj
 0001:00003c60       ??$_Uninitialized_copy_al_unchecked1@PBV?$basic_string@DU?$char_traits@D@std@@V?$allocator@D@2@@std@@PAV12@V?$allocator@V?$basic_string@DU?$char_traits@D@std@@V?$allocator@D@2@@std@@@2@@std@@YAPAV?$basic_string@DU?$char_traits@D@std@@V?$allocator@D@2@@0@PBV10@0PAV10@AAU?$_Wrap_alloc@V?$allocator@V?$basic_string@DU?$char_traits@D@std@@V?$allocator@D@2@@std@@@std@@@0@U_General_ptr_iterator_tag@0@U_Any_tag@0@@Z 10004c60 f i document_async.obj
 0001:00003c60       ??$_Uninitialized_copy_al_unchecked1@PAV?$basic_string@DU?$char_traits@D@std@@V?$allocator@D@2@@std@@PAV12@V?$allocator@V?$basic_string@DU?$char_traits@D@std@@V?$allocator@D@2@@std@@@2@@std@@YAPAV?$basic_string@DU?$char_traits@D@std@@V?$allocator@D@2@@0@PAV10@00AAU?$_Wrap_alloc@V?$allocator@V?$basic_string@DU?$char_traits@D@std@@V?$allocator@D@2@@std@@@std@@@0@U_General_ptr_iterator_tag@0@U_Any_tag@0@@Z 10004c60 f i save_document_async.obj
 0001:00003cb0       ?Close@LNNotesClass@@UAEKXZ 10004cb0 f i save_document_async.obj
 0001:00003cb0       ?IsBody@LNNotesClass@@UBEHXZ 10004cb0 f i save_document_async.obj
 0001:00003cb0       ?sync@?$basic_streambuf@DU?$char_traits@D@std@@@std@@MAEHXZ 10004cb0 f i libcpmt:cout.obj
 0001:00003cc0       ?GetClassNameA@LNNotesClass@@UBEPBDXZ 10004cc0 f i save_document_async.obj
 0001:00003ce0       ?GetSession@LNNotesClass@@UBEPAVLNNotesSession@@XZ 10004ce0 f i save_document_async.obj
 0001:00003cf0       ?GetClassID@LNDatetime@@UBE?AW4LNCLASSID@@XZ 10004cf0 f i save_document_async.obj
 0001:00003d00       ??_GLNDatetime@@UAEPAXI@Z  10004d00 f i save_document_async.obj
 0001:00003d00       ??_ELNDatetime@@UAEPAXI@Z  10004d00 f i * CIL library *:* CIL module *
 0001:00003d40       ?GetClassID@LNItem@@UBE?AW4LNCLASSID@@XZ 10004d40 f i save_document_async.obj
 0001:00003d50       ?GetClassID@LNDatetimes@@UBE?AW4LNCLASSID@@XZ 10004d50 f i save_document_async.obj
 0001:00003d60       ?GetClassID@LNNumbers@@UBE?AW4LNCLASSID@@XZ 10004d60 f i save_document_async.obj
 0001:00003d70       ?GetClassID@LNText@@UBE?AW4LNCLASSID@@XZ 10004d70 f i save_document_async.obj
 0001:00003d80       ??0ItemValue@@QAE@V?$vector@V?$basic_string@DU?$char_traits@D@std@@V?$allocator@D@2@@std@@V?$allocator@V?$basic_string@DU?$char_traits@D@std@@V?$allocator@D@2@@std@@@2@@std@@@Z 10004d80 f i save_document_async.obj
 0001:00003e00       ??0SaveDocumentWorker@@QAE@PAVCallback@Nan@@V?$basic_string@DU?$char_traits@D@std@@V?$allocator@D@2@@std@@1V?$map@V?$basic_string@DU?$char_traits@D@std@@V?$allocator@D@2@@std@@VItemValue@@U?$less@V?$basic_string@DU?$char_traits@D@std@@V?$allocator@D@2@@std@@@2@V?$allocator@U?$pair@$$CBV?$basic_string@DU?$char_traits@D@std@@V?$allocator@D@2@@std@@VItemValue@@@std@@@2@@4@@Z 10004e00 f i save_document_async.obj
 0001:00003f10       ?Execute@SaveDocumentWorker@@UAEXXZ 10004f10 f i save_document_async.obj
 0001:00004870       ??_ESaveDocumentWorker@@UAEPAXI@Z 10005870 f i * CIL library *:* CIL module *
 0001:00004870       ??_GSaveDocumentWorker@@UAEPAXI@Z 10005870 f i save_document_async.obj
 0001:000048f0       ?SaveDocumentAsync@@YAXABV?$FunctionCallbackInfo@VValue@v8@@@Nan@@@Z 100058f0 f   save_document_async.obj
 0001:00005390       ??E?$_Tree_iterator@V?$_Tree_val@U?$_Tree_simple_types@U?$pair@$$CBV?$basic_string@DU?$char_traits@D@std@@V?$allocator@D@2@@std@@VItemValue@@@std@@@std@@@std@@@std@@QAE?AV01@H@Z 10006390 f i save_document_async.obj
 0001:000053f0       ??4?$vector@V?$basic_string@DU?$char_traits@D@std@@V?$allocator@D@2@@std@@V?$allocator@V?$basic_string@DU?$char_traits@D@std@@V?$allocator@D@2@@std@@@2@@std@@QAEAAV01@ABV01@@Z 100063f0 f i save_document_async.obj
 0001:00005590       ?push_back@?$vector@V?$basic_string@DU?$char_traits@D@std@@V?$allocator@D@2@@std@@V?$allocator@V?$basic_string@DU?$char_traits@D@std@@V?$allocator@D@2@@std@@@2@@std@@QAEX$$QAV?$basic_string@DU?$char_traits@D@std@@V?$allocator@D@2@@2@@Z 10006590 f i save_document_async.obj
 0001:00005610       ?_Reserve@?$vector@V?$basic_string@DU?$char_traits@D@std@@V?$allocator@D@2@@std@@V?$allocator@V?$basic_string@DU?$char_traits@D@std@@V?$allocator@D@2@@std@@@2@@std@@IAEXI@Z 10006610 f i save_document_async.obj
 0001:000056a0       ?_Reallocate@?$vector@V?$basic_string@DU?$char_traits@D@std@@V?$allocator@D@2@@std@@V?$allocator@V?$basic_string@DU?$char_traits@D@std@@V?$allocator@D@2@@std@@@2@@std@@IAEXI@Z 100066a0 f i save_document_async.obj
 0001:000057b0       ??$_Copy_unchecked@PAV?$basic_string@DU?$char_traits@D@std@@V?$allocator@D@2@@std@@PAV12@@std@@YAPAV?$basic_string@DU?$char_traits@D@std@@V?$allocator@D@2@@0@PAV10@00@Z 100067b0 f i save_document_async.obj
 0001:000057e0       ??$_Ucopy@PAV?$basic_string@DU?$char_traits@D@std@@V?$allocator@D@2@@std@@@?$vector@V?$basic_string@DU?$char_traits@D@std@@V?$allocator@D@2@@std@@V?$allocator@V?$basic_string@DU?$char_traits@D@std@@V?$allocator@D@2@@std@@@2@@std@@IAEPAV?$basic_string@DU?$char_traits@D@std@@V?$allocator@D@2@@1@PAV21@00@Z 100067e0 f i save_document_async.obj
 0001:00005810       ??$_Lbound@V?$basic_string@DU?$char_traits@D@std@@V?$allocator@D@2@@std@@@?$_Tree@V?$_Tmap_traits@V?$basic_string@DU?$char_traits@D@std@@V?$allocator@D@2@@std@@VItemValue@@U?$less@V?$basic_string@DU?$char_traits@D@std@@V?$allocator@D@2@@std@@@2@V?$allocator@U?$pair@$$CBV?$basic_string@DU?$char_traits@D@std@@V?$allocator@D@2@@std@@VItemValue@@@std@@@2@$0A@@std@@@std@@IBEPAU?$_Tree_node@U?$pair@$$CBV?$basic_string@DU?$char_traits@D@std@@V?$allocator@D@2@@std@@VItemValue@@@std@@PAX@1@ABV?$basic_string@DU?$char_traits@D@std@@V?$allocator@D@2@@1@@Z 10006810 f i save_document_async.obj
 0001:000058e0       ??0DeleteDocumentWorker@@QAE@PAVCallback@Nan@@V?$basic_string@DU?$char_traits@D@std@@V?$allocator@D@2@@std@@11@Z 100068e0 f i delete_document_async.obj
 0001:00005980       ?Execute@DeleteDocumentWorker@@UAEXXZ 10006980 f i delete_document_async.obj
 0001:00005b60       ?HandleOKCallback@DeleteDocumentWorker@@UAEXXZ 10006b60 f i delete_document_async.obj
 0001:00005cd0       ??_GDeleteDocumentWorker@@UAEPAXI@Z 10006cd0 f i delete_document_async.obj
 0001:00005cd0       ??_EDeleteDocumentWorker@@UAEPAXI@Z 10006cd0 f i * CIL library *:* CIL module *
 0001:00005d20       ?DeleteDocumentAsync@@YAXABV?$FunctionCallbackInfo@VValue@v8@@@Nan@@@Z 10006d20 f   delete_document_async.obj
 0001:000060a0       ___local_stdio_printf_options 100070a0 f i view_async.obj
 0001:000060b0       _sprintf_s                 100070b0 f i view_async.obj
 0001:000060f0       ?what@exception@stdext@@UBEPBDXZ 100070f0 f i view_async.obj
 0001:00006100       ?_Raise@exception@stdext@@QBEXXZ 10007100 f i view_async.obj
 0001:00006130       ??_Eexception@stdext@@UAEPAXI@Z 10007130 f i * CIL library *:* CIL module *
 0001:00006130       ??_Gruntime_error@std@@UAEPAXI@Z 10007130 f i view_async.obj
 0001:00006130       ??_Eruntime_error@std@@UAEPAXI@Z 10007130 f i * CIL library *:* CIL module *
 0001:00006130       ??_Gexception@stdext@@UAEPAXI@Z 10007130 f i view_async.obj
 0001:00006160       ??0_Locinfo@std@@QAE@PBD@Z 10007160 f i view_async.obj
 0001:000061e0       ??1_Locinfo@std@@QAE@XZ    100071e0 f i view_async.obj
 0001:00006280       ??_E_Facet_base@std@@UAEPAXI@Z 10007280 f i * CIL library *:* CIL module *
 0001:00006280       ??_G_Facet_base@std@@UAEPAXI@Z 10007280 f i view_async.obj
 0001:000062b0       ??Bid@locale@std@@QAEIXZ   100072b0 f i view_async.obj
 0001:000062f0       ?_Incref@facet@locale@std@@UAEXXZ 100072f0 f i view_async.obj
 0001:00006300       ?_Decref@facet@locale@std@@UAEPAV_Facet_base@3@XZ 10007300 f i view_async.obj
 0001:00006320       ??1locale@std@@QAE@XZ      10007320 f i view_async.obj
 0001:00006340       ?c_str@locale@std@@QBEPBDXZ 10007340 f i view_async.obj
 0001:00006360       ?_Getfacet@locale@std@@QBEPBVfacet@12@I@Z 10007360 f i view_async.obj
 0001:000063a0       ?_Getcat@?$ctype@D@std@@SAIPAPBVfacet@locale@2@PBV42@@Z 100073a0 f i view_async.obj
 0001:00006430       ?do_tolower@?$ctype@D@std@@MBEDD@Z 10007430 f i view_async.obj
 0001:00006450       ?do_tolower@?$ctype@D@std@@MBEPBDPADPBD@Z 10007450 f i view_async.obj
 0001:00006490       ?do_toupper@?$ctype@D@std@@MBEDD@Z 10007490 f i view_async.obj
 0001:000064b0       ?do_toupper@?$ctype@D@std@@MBEPBDPADPBD@Z 100074b0 f i view_async.obj
 0001:000064f0       ?do_widen@?$ctype@D@std@@MBEDD@Z 100074f0 f i view_async.obj
 0001:00006500       ?do_widen@?$ctype@D@std@@MBEPBDPBD0PAD@Z 10007500 f i view_async.obj
 0001:00006520       ?do_narrow@?$ctype@D@std@@MBEDDD@Z 10007520 f i view_async.obj
 0001:00006530       ?do_narrow@?$ctype@D@std@@MBEPBDPBD0DPAD@Z 10007530 f i view_async.obj
 0001:00006550       ??_E?$ctype@D@std@@MAEPAXI@Z 10007550 f i * CIL library *:* CIL module *
 0001:00006550       ??_G?$ctype@D@std@@MAEPAXI@Z 10007550 f i view_async.obj
 0001:000065a0       ??_E_Iostream_error_category@std@@UAEPAXI@Z 100075a0 f i * CIL library *:* CIL module *
 0001:000065a0       ??_Eerror_category@std@@UAEPAXI@Z 100075a0 f i * CIL library *:* CIL module *
 0001:000065a0       ??_G_Iostream_error_category@std@@UAEPAXI@Z 100075a0 f i view_async.obj
 0001:000065a0       ??_Gerror_category@std@@UAEPAXI@Z 100075a0 f i view_async.obj
 0001:000065d0       ?default_error_condition@error_category@std@@UBE?AVerror_condition@2@H@Z 100075d0 f i view_async.obj
 0001:000065e0       ?equivalent@error_category@std@@UBE_NHABVerror_condition@2@@Z 100075e0 f i view_async.obj
 0001:00006640       ?equivalent@error_category@std@@UBE_NABVerror_code@2@H@Z 10007640 f i view_async.obj
 0001:00006670       ??0_System_error@std@@IAE@Verror_code@1@ABV?$basic_string@DU?$char_traits@D@std@@V?$allocator@D@2@@1@@Z 10007670 f i view_async.obj
 0001:00006760       ??_Gfailure@ios_base@std@@UAEPAXI@Z 10007760 f i view_async.obj
 0001:00006760       ??_G_System_error@std@@UAEPAXI@Z 10007760 f i view_async.obj
 0001:00006760       ??_E_System_error@std@@UAEPAXI@Z 10007760 f i * CIL library *:* CIL module *
 0001:00006760       ??_Efailure@ios_base@std@@UAEPAXI@Z 10007760 f i * CIL library *:* CIL module *
 0001:00006790       ?name@_Iostream_error_category@std@@UBEPBDXZ 10007790 f i view_async.obj
 0001:000067a0       ?message@_Iostream_error_category@std@@UBE?AV?$basic_string@DU?$char_traits@D@std@@V?$allocator@D@2@@2@H@Z 100077a0 f i view_async.obj
 0001:00006830       ??0failure@ios_base@std@@QAE@PBDABVerror_code@2@@Z 10007830 f i view_async.obj
 0001:000068d0       ?clear@ios_base@std@@QAEXH_N@Z 100078d0 f i view_async.obj
 0001:00006970       ?IsNull@LNNote@@UBEHXZ     10007970 f i view_async.obj
 0001:00006990       ?CreateNoteBody@LNNote@@MAEKK@Z 10007990 f i view_async.obj
 0001:000069a0       ?GetClassID@LNViewFolder@@UBE?AW4LNCLASSID@@XZ 100079a0 f i view_async.obj
 0001:000069b0       ?GetClassID@LNVFColumn@@UBE?AW4LNCLASSID@@XZ 100079b0 f i view_async.obj
 0001:000069c0       ?GetClassID@LNVFEntry@@UBE?AW4LNCLASSID@@XZ 100079c0 f i view_async.obj
 0001:000069d0       ?GetClassID@LNVFNavigator@@UBE?AW4LNCLASSID@@XZ 100079d0 f i view_async.obj
 0001:000069e0       ??0ViewWorker@@QAE@PAVCallback@Nan@@V?$basic_string@DU?$char_traits@D@std@@V?$allocator@D@2@@std@@1111@Z 100079e0 f i view_async.obj
 0001:00006b00       ?Execute@ViewWorker@@UAEXXZ 10007b00 f i view_async.obj
 0001:00007550       ?HandleOKCallback@ViewWorker@@UAEXXZ 10008550 f i view_async.obj
 0001:00007630       ??_EViewWorker@@UAEPAXI@Z  10008630 f i * CIL library *:* CIL module *
 0001:00007630       ??_GViewWorker@@UAEPAXI@Z  10008630 f i view_async.obj
 0001:000076a0       ?GetViewAsync@@YAXABV?$FunctionCallbackInfo@VValue@v8@@@Nan@@@Z 100086a0 f   view_async.obj
 0001:00007c80       ?push_back@?$vector@V?$map@V?$basic_string@DU?$char_traits@D@std@@V?$allocator@D@2@@std@@VItemValue@@U?$less@V?$basic_string@DU?$char_traits@D@std@@V?$allocator@D@2@@std@@@2@V?$allocator@U?$pair@$$CBV?$basic_string@DU?$char_traits@D@std@@V?$allocator@D@2@@std@@VItemValue@@@std@@@2@@std@@V?$allocator@V?$map@V?$basic_string@DU?$char_traits@D@std@@V?$allocator@D@2@@std@@VItemValue@@U?$less@V?$basic_string@DU?$char_traits@D@std@@V?$allocator@D@2@@std@@@2@V?$allocator@U?$pair@$$CBV?$basic_string@DU?$char_traits@D@std@@V?$allocator@D@2@@std@@VItemValue@@@std@@@2@@std@@@2@@std@@QAEXABV?$map@V?$basic_string@DU?$char_traits@D@std@@V?$allocator@D@2@@std@@VItemValue@@U?$less@V?$basic_string@DU?$char_traits@D@std@@V?$allocator@D@2@@std@@@2@V?$allocator@U?$pair@$$CBV?$basic_string@DU?$char_traits@D@std@@V?$allocator@D@2@@std@@VItemValue@@@std@@@2@@2@@Z 10008c80 f i view_async.obj
 0001:00007d70       ??0?$vector@V?$map@V?$basic_string@DU?$char_traits@D@std@@V?$allocator@D@2@@std@@VItemValue@@U?$less@V?$basic_string@DU?$char_traits@D@std@@V?$allocator@D@2@@std@@@2@V?$allocator@U?$pair@$$CBV?$basic_string@DU?$char_traits@D@std@@V?$allocator@D@2@@std@@VItemValue@@@std@@@2@@std@@V?$allocator@V?$map@V?$basic_string@DU?$char_traits@D@std@@V?$allocator@D@2@@std@@VItemValue@@U?$less@V?$basic_string@DU?$char_traits@D@std@@V?$allocator@D@2@@std@@@2@V?$allocator@U?$pair@$$CBV?$basic_string@DU?$char_traits@D@std@@V?$allocator@D@2@@std@@VItemValue@@@std@@@2@@std@@@2@@std@@QAE@ABV01@@Z 10008d70 f i view_async.obj
 0001:00007e00       ??6?$basic_ostream@DU?$char_traits@D@std@@@std@@QAEAAV01@K@Z 10008e00 f i view_async.obj
 0001:00007f40       ??1sentry@?$basic_ostream@DU?$char_traits@D@std@@@std@@QAE@XZ 10008f40 f i view_async.obj
 0001:00007fa0       ??0sentry@?$basic_ostream@DU?$char_traits@D@std@@@std@@QAE@AAV12@@Z 10008fa0 f i view_async.obj
 0001:00008000       ?do_put@?$num_put@DV?$ostreambuf_iterator@DU?$char_traits@D@std@@@std@@@std@@MBE?AV?$ostreambuf_iterator@DU?$char_traits@D@std@@@2@V32@AAVios_base@2@DPBX@Z 10009000 f i view_async.obj
 0001:00008070       ?do_put@?$num_put@DV?$ostreambuf_iterator@DU?$char_traits@D@std@@@std@@@std@@MBE?AV?$ostreambuf_iterator@DU?$char_traits@D@std@@@2@V32@AAVios_base@2@DO@Z 10009070 f i view_async.obj
 0001:00008200       ?do_put@?$num_put@DV?$ostreambuf_iterator@DU?$char_traits@D@std@@@std@@@std@@MBE?AV?$ostreambuf_iterator@DU?$char_traits@D@std@@@2@V32@AAVios_base@2@DN@Z 10009200 f i view_async.obj
 0001:00008390       ?do_put@?$num_put@DV?$ostreambuf_iterator@DU?$char_traits@D@std@@@std@@@std@@MBE?AV?$ostreambuf_iterator@DU?$char_traits@D@std@@@2@V32@AAVios_base@2@D_K@Z 10009390 f i view_async.obj
 0001:00008410       ?do_put@?$num_put@DV?$ostreambuf_iterator@DU?$char_traits@D@std@@@std@@@std@@MBE?AV?$ostreambuf_iterator@DU?$char_traits@D@std@@@2@V32@AAVios_base@2@D_J@Z 10009410 f i view_async.obj
 0001:00008490       ?do_put@?$num_put@DV?$ostreambuf_iterator@DU?$char_traits@D@std@@@std@@@std@@MBE?AV?$ostreambuf_iterator@DU?$char_traits@D@std@@@2@V32@AAVios_base@2@DK@Z 10009490 f i view_async.obj
 0001:00008510       ?do_put@?$num_put@DV?$ostreambuf_iterator@DU?$char_traits@D@std@@@std@@@std@@MBE?AV?$ostreambuf_iterator@DU?$char_traits@D@std@@@2@V32@AAVios_base@2@DJ@Z 10009510 f i view_async.obj
 0001:00008590       ?do_put@?$num_put@DV?$ostreambuf_iterator@DU?$char_traits@D@std@@@std@@@std@@MBE?AV?$ostreambuf_iterator@DU?$char_traits@D@std@@@2@V32@AAVios_base@2@D_N@Z 10009590 f i view_async.obj
 0001:00008730       ?_Tidy@?$vector@V?$map@V?$basic_string@DU?$char_traits@D@std@@V?$allocator@D@2@@std@@VItemValue@@U?$less@V?$basic_string@DU?$char_traits@D@std@@V?$allocator@D@2@@std@@@2@V?$allocator@U?$pair@$$CBV?$basic_string@DU?$char_traits@D@std@@V?$allocator@D@2@@std@@VItemValue@@@std@@@2@@std@@V?$allocator@V?$map@V?$basic_string@DU?$char_traits@D@std@@V?$allocator@D@2@@std@@VItemValue@@U?$less@V?$basic_string@DU?$char_traits@D@std@@V?$allocator@D@2@@std@@@2@V?$allocator@U?$pair@$$CBV?$basic_string@DU?$char_traits@D@std@@V?$allocator@D@2@@std@@VItemValue@@@std@@@2@@std@@@2@@std@@IAEXXZ 10009730 f i view_async.obj
 0001:000087e0       ?_Reserve@?$vector@V?$map@V?$basic_string@DU?$char_traits@D@std@@V?$allocator@D@2@@std@@VItemValue@@U?$less@V?$basic_string@DU?$char_traits@D@std@@V?$allocator@D@2@@std@@@2@V?$allocator@U?$pair@$$CBV?$basic_string@DU?$char_traits@D@std@@V?$allocator@D@2@@std@@VItemValue@@@std@@@2@@std@@V?$allocator@V?$map@V?$basic_string@DU?$char_traits@D@std@@V?$allocator@D@2@@std@@VItemValue@@U?$less@V?$basic_string@DU?$char_traits@D@std@@V?$allocator@D@2@@std@@@2@V?$allocator@U?$pair@$$CBV?$basic_string@DU?$char_traits@D@std@@V?$allocator@D@2@@std@@VItemValue@@@std@@@2@@std@@@2@@std@@IAEXI@Z 100097e0 f i view_async.obj
 0001:00008840       ?assign@?$basic_string@DU?$char_traits@D@std@@V?$allocator@D@2@@std@@QAEAAV12@ID@Z 10009840 f i view_async.obj
 0001:00008910       ??_G?$num_put@DV?$ostreambuf_iterator@DU?$char_traits@D@std@@@std@@@std@@MAEPAXI@Z 10009910 f i view_async.obj
 0001:00008910       ??_E?$num_put@DV?$ostreambuf_iterator@DU?$char_traits@D@std@@@std@@@std@@MAEPAXI@Z 10009910 f i * CIL library *:* CIL module *
 0001:00008940       ?do_truename@?$numpunct@D@std@@MBE?AV?$basic_string@DU?$char_traits@D@std@@V?$allocator@D@2@@2@XZ 10009940 f i view_async.obj
 0001:00008990       ?do_falsename@?$numpunct@D@std@@MBE?AV?$basic_string@DU?$char_traits@D@std@@V?$allocator@D@2@@2@XZ 10009990 f i view_async.obj
 0001:000089e0       ?do_grouping@?$numpunct@D@std@@MBE?AV?$basic_string@DU?$char_traits@D@std@@V?$allocator@D@2@@2@XZ 100099e0 f i view_async.obj
 0001:00008a30       ?do_thousands_sep@?$numpunct@D@std@@MBEDXZ 10009a30 f i view_async.obj
 0001:00008a40       ?do_decimal_point@?$numpunct@D@std@@MBEDXZ 10009a40 f i view_async.obj
 0001:00008a50       ?truename@?$numpunct@D@std@@QBE?AV?$basic_string@DU?$char_traits@D@std@@V?$allocator@D@2@@2@XZ 10009a50 f i view_async.obj
 0001:00008ac0       ?falsename@?$numpunct@D@std@@QBE?AV?$basic_string@DU?$char_traits@D@std@@V?$allocator@D@2@@2@XZ 10009ac0 f i view_async.obj
 0001:00008b30       ?_Rep@?$num_put@DV?$ostreambuf_iterator@DU?$char_traits@D@std@@@std@@@std@@ABA?AV?$ostreambuf_iterator@DU?$char_traits@D@std@@@2@V32@DI@Z 10009b30 f i view_async.obj
 0001:00008ba0       ?_Put@?$num_put@DV?$ostreambuf_iterator@DU?$char_traits@D@std@@@std@@@std@@ABA?AV?$ostreambuf_iterator@DU?$char_traits@D@std@@@2@V32@PBDI@Z 10009ba0 f i view_async.obj
 0001:00008c20       ?_Iput@?$num_put@DV?$ostreambuf_iterator@DU?$char_traits@D@std@@@std@@@std@@ABA?AV?$ostreambuf_iterator@DU?$char_traits@D@std@@@2@V32@AAVios_base@2@DPADI@Z 10009c20 f i view_async.obj
 0001:00008fd0       ?_Ifmt@?$num_put@DV?$ostreambuf_iterator@DU?$char_traits@D@std@@@std@@@std@@ABAPADPADPBDH@Z 10009fd0 f i view_async.obj
 0001:00009060       ?_Fput@?$num_put@DV?$ostreambuf_iterator@DU?$char_traits@D@std@@@std@@@std@@ABA?AV?$ostreambuf_iterator@DU?$char_traits@D@std@@@2@V32@AAVios_base@2@DPBDI@Z 1000a060 f i view_async.obj
 0001:00009490       ?_Ffmt@?$num_put@DV?$ostreambuf_iterator@DU?$char_traits@D@std@@@std@@@std@@ABAPADPADDH@Z 1000a490 f i view_async.obj
 0001:00009550       ?allocate@?$_Wrap_alloc@V?$allocator@V?$map@V?$basic_string@DU?$char_traits@D@std@@V?$allocator@D@2@@std@@VItemValue@@U?$less@V?$basic_string@DU?$char_traits@D@std@@V?$allocator@D@2@@std@@@2@V?$allocator@U?$pair@$$CBV?$basic_string@DU?$char_traits@D@std@@V?$allocator@D@2@@std@@VItemValue@@@std@@@2@@std@@@std@@@std@@QAEPAV?$map@V?$basic_string@DU?$char_traits@D@std@@V?$allocator@D@2@@std@@VItemValue@@U?$less@V?$basic_string@DU?$char_traits@D@std@@V?$allocator@D@2@@std@@@2@V?$allocator@U?$pair@$$CBV?$basic_string@DU?$char_traits@D@std@@V?$allocator@D@2@@std@@VItemValue@@@std@@@2@@2@I@Z 1000a550 f i view_async.obj
 0001:000095b0       ?_Reallocate@?$vector@V?$map@V?$basic_string@DU?$char_traits@D@std@@V?$allocator@D@2@@std@@VItemValue@@U?$less@V?$basic_string@DU?$char_traits@D@std@@V?$allocator@D@2@@std@@@2@V?$allocator@U?$pair@$$CBV?$basic_string@DU?$char_traits@D@std@@V?$allocator@D@2@@std@@VItemValue@@@std@@@2@@std@@V?$allocator@V?$map@V?$basic_string@DU?$char_traits@D@std@@V?$allocator@D@2@@std@@VItemValue@@U?$less@V?$basic_string@DU?$char_traits@D@std@@V?$allocator@D@2@@std@@@2@V?$allocator@U?$pair@$$CBV?$basic_string@DU?$char_traits@D@std@@V?$allocator@D@2@@std@@VItemValue@@@std@@@2@@std@@@2@@std@@IAEXI@Z 1000a5b0 f i view_async.obj
 0001:000096f0       ?_Chassign@?$basic_string@DU?$char_traits@D@std@@V?$allocator@D@2@@std@@QAEXIID@Z 1000a6f0 f i view_async.obj
 0001:00009740       ?append@?$basic_string@DU?$char_traits@D@std@@V?$allocator@D@2@@std@@QAEAAV12@ID@Z 1000a740 f i view_async.obj
 0001:000097e0       ?flush@?$basic_ostream@DU?$char_traits@D@std@@@std@@QAEAAV12@XZ 1000a7e0 f i view_async.obj
 0001:00009850       ??_E?$numpunct@D@std@@MAEPAXI@Z 1000a850 f i * CIL library *:* CIL module *
 0001:00009850       ??_G?$numpunct@D@std@@MAEPAXI@Z 1000a850 f i view_async.obj
 0001:000098a0       ?insert@?$basic_string@DU?$char_traits@D@std@@V?$allocator@D@2@@std@@QAEAAV12@IID@Z 1000a8a0 f i view_async.obj
 0001:000099a0       ??$use_facet@V?$ctype@D@std@@@std@@YAABV?$ctype@D@0@ABVlocale@0@@Z 1000a9a0 f i view_async.obj
 0001:00009aa0       ??$_Immortalize@V_Iostream_error_category@std@@@std@@YAAAV_Iostream_error_category@0@XZ 1000aaa0 f i view_async.obj
 0001:00009b10       ??$?6U?$char_traits@D@std@@@std@@YAAAV?$basic_ostream@DU?$char_traits@D@std@@@0@AAV10@PBD@Z 1000ab10 f i view_async.obj
 0001:00009de0       ??$?6DU?$char_traits@D@std@@V?$allocator@D@1@@std@@YAAAV?$basic_ostream@DU?$char_traits@D@std@@@0@AAV10@ABV?$basic_string@DU?$char_traits@D@std@@V?$allocator@D@2@@0@@Z 1000ade0 f i view_async.obj
 0001:0000a0c0       ??$endl@DU?$char_traits@D@std@@@std@@YAAAV?$basic_ostream@DU?$char_traits@D@std@@@0@AAV10@@Z 1000b0c0 f i view_async.obj
 0001:0000a1c0       ??$use_facet@V?$num_put@DV?$ostreambuf_iterator@DU?$char_traits@D@std@@@std@@@std@@@std@@YAABV?$num_put@DV?$ostreambuf_iterator@DU?$char_traits@D@std@@@std@@@0@ABVlocale@0@@Z 1000b1c0 f i view_async.obj
 0001:0000a2c0       ??$use_facet@V?$numpunct@D@std@@@std@@YAABV?$numpunct@D@0@ABVlocale@0@@Z 1000b2c0 f i view_async.obj
 0001:0000a3c0       ?_Getcat@?$numpunct@D@std@@SAIPAPBVfacet@locale@2@PBV42@@Z 1000b3c0 f i view_async.obj
 0001:0000a440       ?_Getcat@?$num_put@DV?$ostreambuf_iterator@DU?$char_traits@D@std@@@std@@@std@@SAIPAPBVfacet@locale@2@PBV42@@Z 1000b440 f i view_async.obj
 0001:0000a4b0       ?put@?$basic_ostream@DU?$char_traits@D@std@@@std@@QAEAAV12@D@Z 1000b4b0 f i view_async.obj
 0001:0000a5c0       ?widen@?$basic_ios@DU?$char_traits@D@std@@@std@@QBEDD@Z 1000b5c0 f i view_async.obj
 0001:0000a630       ?_Init@?$numpunct@D@std@@IAEXABV_Locinfo@2@_N@Z 1000b630 f i view_async.obj
 0001:0000a770       ??$_Uninitialized_copy_al_unchecked1@PBV?$map@V?$basic_string@DU?$char_traits@D@std@@V?$allocator@D@2@@std@@VItemValue@@U?$less@V?$basic_string@DU?$char_traits@D@std@@V?$allocator@D@2@@std@@@2@V?$allocator@U?$pair@$$CBV?$basic_string@DU?$char_traits@D@std@@V?$allocator@D@2@@std@@VItemValue@@@std@@@2@@std@@PAV12@V?$allocator@V?$map@V?$basic_string@DU?$char_traits@D@std@@V?$allocator@D@2@@std@@VItemValue@@U?$less@V?$basic_string@DU?$char_traits@D@std@@V?$allocator@D@2@@std@@@2@V?$allocator@U?$pair@$$CBV?$basic_string@DU?$char_traits@D@std@@V?$allocator@D@2@@std@@VItemValue@@@std@@@2@@std@@@2@@std@@YAPAV?$map@V?$basic_string@DU?$char_traits@D@std@@V?$allocator@D@2@@std@@VItemValue@@U?$less@V?$basic_string@DU?$char_traits@D@std@@V?$allocator@D@2@@std@@@2@V?$allocator@U?$pair@$$CBV?$basic_string@DU?$char_traits@D@std@@V?$allocator@D@2@@std@@VItemValue@@@std@@@2@@0@PBV10@0PAV10@AAU?$_Wrap_alloc@V?$allocator@V?$map@V?$basic_string@DU?$char_traits@D@std@@V?$allocator@D@2@@std@@VItemValue@@U?$less@V?$basic_string@DU?$char_traits@D@std@@V?$allocator@D@2@@std@@@2@V?$allocator@U?$pair@$$CBV?$basic_string@DU?$char_traits@D@std@@V?$allocator@D@2@@std@@VItemValue@@@std@@@2@@std@@@std@@@0@U_General_ptr_iterator_tag@0@U_Any_tag@0@@Z 1000b770 f i view_async.obj
 0001:0000a7e0       ??$_Uninitialized_move_al_unchecked1@PAV?$map@V?$basic_string@DU?$char_traits@D@std@@V?$allocator@D@2@@std@@VItemValue@@U?$less@V?$basic_string@DU?$char_traits@D@std@@V?$allocator@D@2@@std@@@2@V?$allocator@U?$pair@$$CBV?$basic_string@DU?$char_traits@D@std@@V?$allocator@D@2@@std@@VItemValue@@@std@@@2@@std@@PAV12@V?$allocator@V?$map@V?$basic_string@DU?$char_traits@D@std@@V?$allocator@D@2@@std@@VItemValue@@U?$less@V?$basic_string@DU?$char_traits@D@std@@V?$allocator@D@2@@std@@@2@V?$allocator@U?$pair@$$CBV?$basic_string@DU?$char_traits@D@std@@V?$allocator@D@2@@std@@VItemValue@@@std@@@2@@std@@@2@@std@@YAPAV?$map@V?$basic_string@DU?$char_traits@D@std@@V?$allocator@D@2@@std@@VItemValue@@U?$less@V?$basic_string@DU?$char_traits@D@std@@V?$allocator@D@2@@std@@@2@V?$allocator@U?$pair@$$CBV?$basic_string@DU?$char_traits@D@std@@V?$allocator@D@2@@std@@VItemValue@@@std@@@2@@0@PAV10@00AAU?$_Wrap_alloc@V?$allocator@V?$map@V?$basic_string@DU?$char_traits@D@std@@V?$allocator@D@2@@std@@VItemValue@@U?$less@V?$basic_string@DU?$char_traits@D@std@@V?$allocator@D@2@@std@@@2@V?$allocator@U?$pair@$$CBV?$basic_string@DU?$char_traits@D@std@@V?$allocator@D@2@@std@@VItemValue@@@std@@@2@@std@@@std@@@0@U_General_ptr_iterator_tag@0@U_Any_tag@0@@Z 1000b7e0 f i view_async.obj
 0001:0000a860       ?TextItem@ItemValue@@QAEXPAVLNItem@@@Z 1000b860 f   ItemValue.obj
 0001:0000aae0       ??0ItemValue@@QAE@PAVLNItem@@@Z 1000bae0 f   ItemValue.obj
 0001:0000ac60       ?DateValue@ItemValue@@QAEXPAVLNDatetime@@@Z 1000bc60 f   ItemValue.obj
 0001:0000ad90       ?getV8Data@DataHelper@@SA?AV?$Local@VObject@v8@@@v8@@V?$map@V?$basic_string@DU?$char_traits@D@std@@V?$allocator@D@2@@std@@VItemValue@@U?$less@V?$basic_string@DU?$char_traits@D@std@@V?$allocator@D@2@@std@@@2@V?$allocator@U?$pair@$$CBV?$basic_string@DU?$char_traits@D@std@@V?$allocator@D@2@@std@@VItemValue@@@std@@@2@@std@@@Z 1000bd90 f   DataHelper.obj
 0001:0000b5f0       ?getV8Data@DataHelper@@SA?AV?$Local@VArray@v8@@@v8@@V?$vector@V?$map@V?$basic_string@DU?$char_traits@D@std@@V?$allocator@D@2@@std@@VItemValue@@U?$less@V?$basic_string@DU?$char_traits@D@std@@V?$allocator@D@2@@std@@@2@V?$allocator@U?$pair@$$CBV?$basic_string@DU?$char_traits@D@std@@V?$allocator@D@2@@std@@VItemValue@@@std@@@2@@std@@V?$allocator@V?$map@V?$basic_string@DU?$char_traits@D@std@@V?$allocator@D@2@@std@@VItemValue@@U?$less@V?$basic_string@DU?$char_traits@D@std@@V?$allocator@D@2@@std@@@2@V?$allocator@U?$pair@$$CBV?$basic_string@DU?$char_traits@D@std@@V?$allocator@D@2@@std@@VItemValue@@@std@@@2@@std@@@2@@std@@@Z 1000c5f0 f   DataHelper.obj
 0001:0000ba80       ??$New@VNumber@v8@@N@Nan@@YA?AV?$Local@VNumber@v8@@@v8@@N@Z 1000ca80 f i DataHelper.obj
 0001:0000bab0       ??$New@VString@v8@@V?$basic_string@DU?$char_traits@D@std@@V?$allocator@D@2@@std@@@Nan@@YA?AV?$MaybeLocal@VString@v8@@@v8@@V?$basic_string@DU?$char_traits@D@std@@V?$allocator@D@2@@std@@@Z 1000cab0 f i DataHelper.obj
 0001:0000bb10       ??$New@VArray@v8@@I@Nan@@YA?AV?$Local@VArray@v8@@@v8@@I@Z 1000cb10 f i DataHelper.obj
 0001:0000bb30       ??$New@VDate@v8@@N@Nan@@YA?AV?$MaybeLocal@VDate@v8@@@v8@@N@Z 1000cb30 f i DataHelper.obj
 0001:0000bb80       ?GetSession@LNNoteArray@@UBEPAVLNNotesSession@@XZ 1000cb80 f i getresponse_documents.obj
 0001:0000bb90       ?GetClassID@LNDocumentArray@@UBE?AW4LNCLASSID@@XZ 1000cb90 f i getresponse_documents.obj
 0001:0000bba0       ??_ELNDocumentArray@@UAEPAXI@Z 1000cba0 f i * CIL library *:* CIL module *
 0001:0000bba0       ??_GLNDocumentArray@@UAEPAXI@Z 1000cba0 f i getresponse_documents.obj
 0001:0000bbd0       ??0ResponseDocumentsWorker@@QAE@PAVCallback@Nan@@V?$basic_string@DU?$char_traits@D@std@@V?$allocator@D@2@@std@@11@Z 1000cbd0 f i getresponse_documents.obj
 0001:0000bc90       ?Execute@ResponseDocumentsWorker@@UAEXXZ 1000cc90 f i getresponse_documents.obj
 0001:0000c4d0       ?HandleOKCallback@ResponseDocumentsWorker@@UAEXXZ 1000d4d0 f i getresponse_documents.obj
 0001:0000c5b0       ??_GResponseDocumentsWorker@@UAEPAXI@Z 1000d5b0 f i getresponse_documents.obj
 0001:0000c5b0       ??_EResponseDocumentsWorker@@UAEPAXI@Z 1000d5b0 f i * CIL library *:* CIL module *
 0001:0000c610       ?GetResponseDocumentsAsync@@YAXABV?$FunctionCallbackInfo@VValue@v8@@@Nan@@@Z 1000d610 f   getresponse_documents.obj
 0001:0000c990       ??0MakeResponseDocumentWorker@@QAE@PAVCallback@Nan@@V?$basic_string@DU?$char_traits@D@std@@V?$allocator@D@2@@std@@111@Z 1000d990 f i makeresponse_document.obj
 0001:0000ca60       ?Execute@MakeResponseDocumentWorker@@UAEXXZ 1000da60 f i makeresponse_document.obj
 0001:0000ccb0       ?HandleOKCallback@MakeResponseDocumentWorker@@UAEXXZ 1000dcb0 f i makeresponse_document.obj
 0001:0000ce20       ??_GMakeResponseDocumentWorker@@UAEPAXI@Z 1000de20 f i makeresponse_document.obj
 0001:0000ce20       ??_EMakeResponseDocumentWorker@@UAEPAXI@Z 1000de20 f i * CIL library *:* CIL module *
 0001:0000ce80       ?MakeResponseDocumentAsync@@YAXABV?$FunctionCallbackInfo@VValue@v8@@@Nan@@@Z 1000de80 f   makeresponse_document.obj
 0001:0000d2f0       ??0ReplicateDatabaseWorker@@QAE@PAVCallback@Nan@@V?$basic_string@DU?$char_traits@D@std@@V?$allocator@D@2@@std@@1@Z 1000e2f0 f i replicate_database_async.obj
 0001:0000d390       ?Execute@ReplicateDatabaseWorker@@UAEXXZ 1000e390 f i replicate_database_async.obj
 0001:0000d5e0       ?HandleOKCallback@ReplicateDatabaseWorker@@UAEXXZ 1000e5e0 f i replicate_database_async.obj
 0001:0000d7d0       ??_GReplicateDatabaseWorker@@UAEPAXI@Z 1000e7d0 f i replicate_database_async.obj
 0001:0000d7d0       ??_EReplicateDatabaseWorker@@UAEPAXI@Z 1000e7d0 f i * CIL library *:* CIL module *
 0001:0000d820       ?ReplicateDatabaseAsync@@YAXABV?$FunctionCallbackInfo@VValue@v8@@@Nan@@@Z 1000e820 f   replicate_database_async.obj
 0001:0000dafb       __imp_load_?Value@External@v8@@QBEPAXXZ 1000eafb f   node:node.exe
 0001:0000db05       __tailMerge_node_exe       1000eb05 f i node:node.exe
 0001:0000db16       __imp_load_?New@External@v8@@SA?AV?$Local@VExternal@v8@@@2@PAVIsolate@2@PAX@Z 1000eb16 f   node:node.exe
 0001:0000db20       __imp_load_?GetCurrentContext@Isolate@v8@@QAE?AV?$Local@VContext@v8@@@2@XZ 1000eb20 f   node:node.exe
 0001:0000db2a       __imp_load_?GetCurrent@Isolate@v8@@SAPAV12@XZ 1000eb2a f   node:node.exe
 0001:0000db34       __imp_load_?CreateHandle@HandleScope@v8@@KAPAPAVObject@internal@2@PAVIsolate@42@PAV342@@Z 1000eb34 f   node:node.exe
 0001:0000db3e       __imp_load_?CreateHandle@HandleScope@v8@@CAPAPAVObject@internal@2@PAVHeapObject@42@PAV342@@Z 1000eb3e f   node:node.exe
 0001:0000db48       __imp_load_??1HandleScope@v8@@QAE@XZ 1000eb48 f   node:node.exe
 0001:0000db52       __imp_load_?GetFunction@FunctionTemplate@v8@@QAE?AV?$Local@VFunction@v8@@@2@XZ 1000eb52 f   node:node.exe
 0001:0000db5c       __imp_load_?GetFunction@FunctionTemplate@v8@@QAE?AV?$MaybeLocal@VFunction@v8@@@2@V?$Local@VContext@v8@@@2@@Z 1000eb5c f   node:node.exe
 0001:0000db66       __imp_load_?New@FunctionTemplate@v8@@SA?AV?$Local@VFunctionTemplate@v8@@@2@PAVIsolate@2@P6AXABV?$FunctionCallbackInfo@VValue@v8@@@2@@ZV?$Local@VValue@v8@@@2@V?$Local@VSignature@v8@@@2@H@Z 1000eb66 f   node:node.exe
 0001:0000db70       __imp_load_?ToLocalEmpty@V8@v8@@CAXXZ 1000eb70 f   node:node.exe
 0001:0000db7a       __imp_load_?Escape@EscapableHandleScope@v8@@AAEPAPAVObject@internal@2@PAPAV342@@Z 1000eb7a f   node:node.exe
 0001:0000db84       __imp_load_??0EscapableHandleScope@v8@@QAE@PAVIsolate@1@@Z 1000eb84 f   node:node.exe
 0001:0000db8e       __imp_load_?NewFromUtf8@String@v8@@SA?AV?$MaybeLocal@VString@v8@@@2@PAVIsolate@2@PBDW4NewStringType@2@H@Z 1000eb8e f   node:node.exe
 0001:0000db98       __imp_load_?SlowGetInternalField@Object@v8@@AAE?AV?$Local@VValue@v8@@@2@H@Z 1000eb98 f   node:node.exe
 0001:0000dba2       __imp_load_?SetInternalField@Object@v8@@QAEXHV?$Local@VValue@v8@@@2@@Z 1000eba2 f   node:node.exe
 0001:0000dbac       __imp_load_?Set@Object@v8@@QAE?AV?$Maybe@_N@2@V?$Local@VContext@v8@@@2@V?$Local@VValue@v8@@@2@1@Z 1000ebac f   node:node.exe
 0001:0000dbb6       __imp_load_?SetInternalFieldCount@ObjectTemplate@v8@@QAEXH@Z 1000ebb6 f   node:node.exe
 0001:0000dbc0       __imp_load_?NewInstance@ObjectTemplate@v8@@QAE?AV?$MaybeLocal@VObject@v8@@@2@V?$Local@VContext@v8@@@2@@Z 1000ebc0 f   node:node.exe
 0001:0000dbca       __imp_load_?New@ObjectTemplate@v8@@SA?AV?$Local@VObjectTemplate@v8@@@2@PAVIsolate@2@V?$Local@VFunctionTemplate@v8@@@2@@Z 1000ebca f   node:node.exe
 0001:0000dbd4       __imp_load_?AtExit@node@@YAXP6AXPAX@Z0@Z 1000ebd4 f   node:node.exe
 0001:0000dbde       __imp_load__node_module_register 1000ebde f   node:node.exe
 0001:0000dbe8       __imp_load__uv_queue_work  1000ebe8 f   node:node.exe
 0001:0000dbf2       __imp_load_?Global@Context@v8@@QAE?AV?$Local@VObject@v8@@@2@XZ 1000ebf2 f   node:node.exe
 0001:0000dbfc       __imp_load_??0HandleScope@v8@@QAE@PAVIsolate@1@@Z 1000ebfc f   node:node.exe
 0001:0000dc06       __imp_load_?Error@Exception@v8@@SA?AV?$Local@VValue@v8@@@2@V?$Local@VString@v8@@@2@@Z 1000ec06 f   node:node.exe
 0001:0000dc10       __imp_load_?DisposeGlobal@V8@v8@@CAXPAPAVObject@internal@2@@Z 1000ec10 f   node:node.exe
 0001:0000dc1a       __imp_load_?GlobalizeReference@V8@v8@@CAPAPAVObject@internal@2@PAVIsolate@42@PAPAV342@@Z 1000ec1a f   node:node.exe
 0001:0000dc24       __imp_load_??1Utf8Value@String@v8@@QAE@XZ 1000ec24 f   node:node.exe
 0001:0000dc2e       __imp_load_??0Utf8Value@String@v8@@QAE@V?$Local@VValue@v8@@@2@@Z 1000ec2e f   node:node.exe
 0001:0000dc38       __imp_load_?NewFromUtf8@String@v8@@SA?AV?$Local@VString@v8@@@2@PAVIsolate@2@PBDW4NewStringType@12@H@Z 1000ec38 f   node:node.exe
 0001:0000dc42       __imp_load_?New@Object@v8@@SA?AV?$Local@VObject@v8@@@2@PAVIsolate@2@@Z 1000ec42 f   node:node.exe
 0001:0000dc4c       __imp_load_?Get@Object@v8@@QAE?AV?$Local@VValue@v8@@@2@V32@@Z 1000ec4c f   node:node.exe
 0001:0000dc56       __imp_load_?Get@Object@v8@@QAE?AV?$Local@VValue@v8@@@2@I@Z 1000ec56 f   node:node.exe
 0001:0000dc60       __imp_load_?Set@Object@v8@@QAE?AV?$Maybe@_N@2@V?$Local@VContext@v8@@@2@IV?$Local@VValue@v8@@@2@@Z 1000ec60 f   node:node.exe
 0001:0000dc6a       __imp_load_?MakeCallback@node@@YA?AV?$Local@VValue@v8@@@v8@@PAVIsolate@3@V?$Local@VObject@v8@@@3@V?$Local@VFunction@v8@@@3@HPAV23@@Z 1000ec6a f   node:node.exe
 0001:0000dc74       __imp_load__uv_default_loop 1000ec74 f   node:node.exe
 0001:0000dc7e       __imp_load_?ToObject@Value@v8@@QBE?AV?$Local@VObject@v8@@@2@XZ 1000ec7e f   node:node.exe
 0001:0000dc88       __imp_load_?ToString@Value@v8@@QBE?AV?$Local@VString@v8@@@2@XZ 1000ec88 f   node:node.exe
 0001:0000dc92       __imp_load_?Length@Array@v8@@QBEIXZ 1000ec92 f   node:node.exe
 0001:0000dc9c       __imp_load_?NumberValue@Value@v8@@QBENXZ 1000ec9c f   node:node.exe
 0001:0000dca6       __imp_load_?IsDate@Value@v8@@QBE_NXZ 1000eca6 f   node:node.exe
 0001:0000dcb0       __imp_load_?IsNumber@Value@v8@@QBE_NXZ 1000ecb0 f   node:node.exe
 0001:0000dcba       __imp_load_?IsArray@Value@v8@@QBE_NXZ 1000ecba f   node:node.exe
 0001:0000dcc4       __imp_load_?GetOwnPropertyNames@Object@v8@@QAE?AV?$Local@VArray@v8@@@2@XZ 1000ecc4 f   node:node.exe
 0001:0000dcce       __imp_load_?ToNumber@Value@v8@@QBE?AV?$Local@VNumber@v8@@@2@XZ 1000ecce f   node:node.exe
 0001:0000dcd8       __imp_load_?Has@Object@v8@@QAE_NV?$Local@VValue@v8@@@2@@Z 1000ecd8 f   node:node.exe
 0001:0000dce2       __imp_load_?New@Array@v8@@SA?AV?$Local@VArray@v8@@@2@PAVIsolate@2@H@Z 1000ece2 f   node:node.exe
 0001:0000dcec       __imp_load_?New@Date@v8@@SA?AV?$MaybeLocal@VValue@v8@@@2@V?$Local@VContext@v8@@@2@N@Z 1000ecec f   node:node.exe
 0001:0000dcf6       __imp_load_?New@Number@v8@@SA?AV?$Local@VNumber@v8@@@2@PAVIsolate@2@N@Z 1000ecf6 f   node:node.exe
 0001:0000dd00       ?IsNull@LNString@@UBEHXZ   1000ed00 f   notescpp:lcppn.dll
 0001:0000dd06       ?DeleteBody@LNSmartPtr@@UAEHXZ 1000ed06 f   notescpp:lcppn.dll
 0001:0000dd0c       ?IsOnHeap@LNNotesClass@@UBEHXZ 1000ed0c f   notescpp:lcppn.dll
 0001:0000dd12       ?CreateNoteBody@LNNote@@MAEKKKH@Z 1000ed12 f   notescpp:lcppn.dll
 0001:0000dd18       ?Close@LNNote@@UAEKXZ      1000ed18 f   notescpp:lcppn.dll
 0001:0000dd1e       ?ValidateNoteType@LNViewFolder@@EBEXABVLNNote@@@Z 1000ed1e f   notescpp:lcppn.dll
 0001:0000dd24       ?ValidateNoteType@LNViewFolder@@EBEXPBVLNNoteBody@@@Z 1000ed24 f   notescpp:lcppn.dll
 0001:0000dd2a       ?ValidateNoteType@LNViewFolder@@EBEXK@Z 1000ed2a f   notescpp:lcppn.dll
 0001:0000dd30       ?Open@LNViewFolder@@UAEKK@Z 1000ed30 f   notescpp:lcppn.dll
 0001:0000dd36       ?RemoveAll@LNNoteArray@@UAEKXZ 1000ed36 f   notescpp:lcppn.dll
 0001:0000dd3c       ?Remove@LNNoteArray@@UAEKABVLNNote@@@Z 1000ed3c f   notescpp:lcppn.dll
 0001:0000dd42       ?Remove@LNNoteArray@@UAEKK@Z 1000ed42 f   notescpp:lcppn.dll
 0001:0000dd48       ?Remove@LNNoteArray@@UAEKABV1@@Z 1000ed48 f   notescpp:lcppn.dll
 0001:0000dd4e       ?Remove@LNNoteArray@@UAEKABVLNViewFolder@@@Z 1000ed4e f   notescpp:lcppn.dll
 0001:0000dd54       ?Remove@LNNoteArray@@UAEKABVLNVFNavigator@@@Z 1000ed54 f   notescpp:lcppn.dll
 0001:0000dd5a       ?Remove@LNNoteArray@@UAEKPAX@Z 1000ed5a f   notescpp:lcppn.dll
 0001:0000dd60       ?Contains@LNNoteArray@@UBEHABVLNNote@@@Z 1000ed60 f   notescpp:lcppn.dll
 0001:0000dd66       ?Contains@LNNoteArray@@UBEHK@Z 1000ed66 f   notescpp:lcppn.dll
 0001:0000dd6c       ?Copy@LNNoteArray@@UBEKPAV1@@Z 1000ed6c f   notescpp:lcppn.dll
 0001:0000dd72       ?Add@LNNoteArray@@UAEKABVLNNote@@@Z 1000ed72 f   notescpp:lcppn.dll
 0001:0000dd78       ?Add@LNNoteArray@@UAEKK@Z  1000ed78 f   notescpp:lcppn.dll
 0001:0000dd7e       ?Add@LNNoteArray@@UAEKABV1@@Z 1000ed7e f   notescpp:lcppn.dll
 0001:0000dd84       ?Add@LNNoteArray@@UAEKABVLNViewFolder@@@Z 1000ed84 f   notescpp:lcppn.dll
 0001:0000dd8a       ?Add@LNNoteArray@@UAEKABVLNVFNavigator@@@Z 1000ed8a f   notescpp:lcppn.dll
 0001:0000dd90       ?Add@LNNoteArray@@UAEKPAX@Z 1000ed90 f   notescpp:lcppn.dll
 0001:0000dd96       ??0bad_alloc@std@@QAE@ABV01@@Z 1000ed96 f i libcpmt:xthrow.obj
 0001:0000ddb1       ??0bad_alloc@std@@QAE@XZ   1000edb1 f i libcpmt:xthrow.obj
 0001:0000ddc9       ??0exception@std@@QAE@ABV01@@Z 1000edc9 f i libcpmt:xthrow.obj
 0001:0000ddf5       ??0exception@std@@QAE@QBD@Z 1000edf5 f i libcpmt:xthrow.obj
 0001:0000de2c       ??0length_error@std@@QAE@ABV01@@Z 1000ee2c f i libcpmt:xthrow.obj
 0001:0000de47       ??0length_error@std@@QAE@PBD@Z 1000ee47 f i libcpmt:xthrow.obj
 0001:0000de68       ??0logic_error@std@@QAE@ABV01@@Z 1000ee68 f i libcpmt:xthrow.obj
 0001:0000de83       ??0out_of_range@std@@QAE@ABV01@@Z 1000ee83 f i libcpmt:xthrow.obj
 0001:0000de9e       ??0out_of_range@std@@QAE@PBD@Z 1000ee9e f i libcpmt:xthrow.obj
 0001:0000debf       ?_Xlength_error@std@@YAXPBD@Z 1000eebf f   libcpmt:xthrow.obj
 0001:0000dedf       ?_Xout_of_range@std@@YAXPBD@Z 1000eedf f   libcpmt:xthrow.obj
 0001:0000deff       ?what@exception@std@@UBEPBDXZ 1000eeff f i libcpmt:xthrow.obj
 0001:0000df0c       ??0_Init_locks@std@@QAE@XZ 1000ef0c f   libcpmt:xlock.obj
 0001:0000df39       ??0_Lockit@std@@QAE@H@Z    1000ef39 f   libcpmt:xlock.obj
 0001:0000df6a       ??1_Init_locks@std@@QAE@XZ 1000ef6a f   libcpmt:xlock.obj
 0001:0000df91       ??1_Lockit@std@@QAE@XZ     1000ef91 f   libcpmt:xlock.obj
 0001:0000dfb0       ??$_Fgetc@D@std@@YA_NAADPAU_iobuf@@@Z 1000efb0 f i libcpmt:cout.obj
 0001:0000dfd0       ??$_Fputc@D@std@@YA_NDPAU_iobuf@@@Z 1000efd0 f i libcpmt:cout.obj
 0001:0000dfec       ??$_Ungetc@D@std@@YA_NABDPAU_iobuf@@@Z 1000efec f i libcpmt:cout.obj
 0001:0000e00a       ??$use_facet@V?$codecvt@DDU_Mbstatet@@@std@@@std@@YAABV?$codecvt@DDU_Mbstatet@@@0@ABVlocale@0@@Z 1000f00a f i libcpmt:cout.obj
 0001:0000e0a7       ??0?$basic_ostream@DU?$char_traits@D@std@@@std@@QAE@PAV?$basic_streambuf@DU?$char_traits@D@std@@@1@_N@Z 1000f0a7 f i libcpmt:cout.obj
 0001:0000e10e       ??0?$basic_streambuf@DU?$char_traits@D@std@@@std@@IAE@XZ 1000f10e f i libcpmt:cout.obj
 0001:0000e155       ??0?$fpos@U_Mbstatet@@@std@@QAE@U_Mbstatet@@_J@Z 1000f155 f i libcpmt:cout.obj
 0001:0000e17d       ??0_Init_cout@std@@QAE@XZ  1000f17d f i libcpmt:cout.obj
 0001:0000e1d6       ??0bad_cast@std@@QAE@ABV01@@Z 1000f1d6 f i libcpmt:cout.obj
 0001:0000e1f1       ??0bad_cast@std@@QAE@XZ    1000f1f1 f i libcpmt:cout.obj
 0001:0000e209       ??1?$basic_filebuf@DU?$char_traits@D@std@@@std@@UAE@XZ 1000f209 f i libcpmt:cout.obj
 0001:0000e263       ??1?$basic_ios@DU?$char_traits@D@std@@@std@@UAE@XZ 1000f263 f i libcpmt:cout.obj
 0001:0000e2a5       ??1?$basic_streambuf@DU?$char_traits@D@std@@@std@@UAE@XZ 1000f2a5 f i libcpmt:cout.obj
 0001:0000e2c6       ??_D?$basic_ostream@DU?$char_traits@D@std@@@std@@QAEXXZ 1000f2c6 f i libcpmt:cout.obj
 0001:0000e326       ??_E?$basic_ostream@DU?$char_traits@D@std@@@std@@$4PPPPPPPM@A@AEPAXI@Z 1000f326 f i libcpmt:cout.obj
 0001:0000e32e       ??_E?$basic_filebuf@DU?$char_traits@D@std@@@std@@UAEPAXI@Z 1000f32e f i libcpmt:cout.obj
 0001:0000e32e       ??_G?$basic_filebuf@DU?$char_traits@D@std@@@std@@UAEPAXI@Z 1000f32e f i libcpmt:cout.obj
 0001:0000e350       ??_G?$basic_ios@DU?$char_traits@D@std@@@std@@UAEPAXI@Z 1000f350 f i libcpmt:cout.obj
 0001:0000e350       ??_E?$basic_ios@DU?$char_traits@D@std@@@std@@UAEPAXI@Z 1000f350 f i libcpmt:cout.obj
 0001:0000e3aa       ??_E?$basic_ostream@DU?$char_traits@D@std@@@std@@UAEPAXI@Z 1000f3aa f i libcpmt:cout.obj
 0001:0000e3aa       ??_G?$basic_ostream@DU?$char_traits@D@std@@@std@@UAEPAXI@Z 1000f3aa f i libcpmt:cout.obj
 0001:0000e3cf       ??_G?$basic_streambuf@DU?$char_traits@D@std@@@std@@UAEPAXI@Z 1000f3cf f i libcpmt:cout.obj
 0001:0000e3cf       ??_E?$basic_streambuf@DU?$char_traits@D@std@@@std@@UAEPAXI@Z 1000f3cf f i libcpmt:cout.obj
 0001:0000e3f1       ??_E?$codecvt@DDU_Mbstatet@@@std@@MAEPAXI@Z 1000f3f1 f i libcpmt:cout.obj
 0001:0000e3f1       ??_G?$codecvt@DDU_Mbstatet@@@std@@MAEPAXI@Z 1000f3f1 f i libcpmt:cout.obj
 0001:0000e414       ??_Gexception@std@@UAEPAXI@Z 1000f414 f i libcpmt:xthrow.obj
 0001:0000e414       ??_Ebad_array_new_length@std@@UAEPAXI@Z 1000f414 f i LIBCMT:throw_bad_alloc.obj
 0001:0000e414       ??_Eout_of_range@std@@UAEPAXI@Z 1000f414 f i libcpmt:xthrow.obj
 0001:0000e414       ??_Ebad_alloc@std@@UAEPAXI@Z 1000f414 f i libcpmt:xthrow.obj
 0001:0000e414       ??_Glength_error@std@@UAEPAXI@Z 1000f414 f i libcpmt:xthrow.obj
 0001:0000e414       ??_Elogic_error@std@@UAEPAXI@Z 1000f414 f i libcpmt:xthrow.obj
 0001:0000e414       ??_Gbad_cast@std@@UAEPAXI@Z 1000f414 f i libcpmt:cout.obj
 0001:0000e414       ??_Glogic_error@std@@UAEPAXI@Z 1000f414 f i libcpmt:xthrow.obj
 0001:0000e414       ??_Gbad_array_new_length@std@@UAEPAXI@Z 1000f414 f i LIBCMT:throw_bad_alloc.obj
 0001:0000e414       ??_Ebad_exception@std@@UAEPAXI@Z 1000f414 f i libvcruntime:frame.obj
 0001:0000e414       ??_Ebad_cast@std@@UAEPAXI@Z 1000f414 f i libcpmt:cout.obj
 0001:0000e414       ??_Gbad_alloc@std@@UAEPAXI@Z 1000f414 f i libcpmt:xthrow.obj
 0001:0000e414       ??_Eexception@std@@UAEPAXI@Z 1000f414 f i libcpmt:xthrow.obj
 0001:0000e414       ??_Gout_of_range@std@@UAEPAXI@Z 1000f414 f i libcpmt:xthrow.obj
 0001:0000e414       ??_Elength_error@std@@UAEPAXI@Z 1000f414 f i libcpmt:xthrow.obj
 0001:0000e414       ??_Gbad_exception@std@@UAEPAXI@Z 1000f414 f i libvcruntime:frame.obj
 0001:0000e441       ??_Eios_base@std@@UAEPAXI@Z 1000f441 f i libcpmt:cout.obj
 0001:0000e441       ??_Gios_base@std@@UAEPAXI@Z 1000f441 f i libcpmt:cout.obj
 0001:0000e49b       ?_Endwrite@?$basic_filebuf@DU?$char_traits@D@std@@@std@@IAE_NXZ 1000f49b f i libcpmt:cout.obj
 0001:0000e5b9       ?_Getcat@?$codecvt@DDU_Mbstatet@@@std@@SAIPAPBVfacet@locale@2@PBV42@@Z 1000f5b9 f i libcpmt:cout.obj
 0001:0000e621       ?_Init@?$basic_filebuf@DU?$char_traits@D@std@@@std@@IAEXPAU_iobuf@@W4_Initfl@12@@Z 1000f621 f i libcpmt:cout.obj
 0001:0000e69f       ?_Init@?$basic_streambuf@DU?$char_traits@D@std@@@std@@IAEXXZ 1000f69f f i libcpmt:cout.obj
 0001:0000e6e3       ?_Init@ios_base@std@@IAEXXZ 1000f6e3 f i libcpmt:cout.obj
 0001:0000e749       ?_Initcvt@?$basic_filebuf@DU?$char_traits@D@std@@@std@@IAEXPBV?$codecvt@DDU_Mbstatet@@@2@@Z 1000f749 f i libcpmt:cout.obj
 0001:0000e77f       ?_Lock@?$basic_filebuf@DU?$char_traits@D@std@@@std@@UAEXXZ 1000f77f f i libcpmt:cout.obj
 0001:0000e78f       ?_Reset_back@?$basic_filebuf@DU?$char_traits@D@std@@@std@@AAEXXZ 1000f78f f i libcpmt:cout.obj
 0001:0000e7b2       ?_Set_back@?$basic_filebuf@DU?$char_traits@D@std@@@std@@AAEXXZ 1000f7b2 f i libcpmt:cout.obj
 0001:0000e7e8       ?_Unlock@?$basic_filebuf@DU?$char_traits@D@std@@@std@@UAEXXZ 1000f7e8 f i libcpmt:cout.obj
 0001:0000e7f8       ?close@?$basic_filebuf@DU?$char_traits@D@std@@@std@@QAEPAV12@XZ 1000f7f8 f i libcpmt:cout.obj
 0001:0000e857       ?do_length@?$codecvt@DDU_Mbstatet@@@std@@MBEHAAU_Mbstatet@@PBD1I@Z 1000f857 f i libcpmt:cout.obj
 0001:0000e86f       __get_startup_argv_mode    1000f86f f i LIBCMT:argv_mode.obj
 0001:0000e86f       ?do_encoding@codecvt_base@std@@MBEHXZ 1000f86f f i libcpmt:cout.obj
 0001:0000e86f       ?do_max_length@codecvt_base@std@@MBEHXZ 1000f86f f i libcpmt:cout.obj
 0001:0000e873       ?do_in@?$codecvt@DDU_Mbstatet@@@std@@MBEHAAU_Mbstatet@@PBD1AAPBDPAD3AAPAD@Z 1000f873 f i libcpmt:cout.obj
 0001:0000e873       ?do_out@?$codecvt@DDU_Mbstatet@@@std@@MBEHAAU_Mbstatet@@PBD1AAPBDPAD3AAPAD@Z 1000f873 f i libcpmt:cout.obj
 0001:0000e88d       ?do_unshift@?$codecvt@DDU_Mbstatet@@@std@@MBEHAAU_Mbstatet@@PAD1AAPAD@Z 1000f88d f i libcpmt:cout.obj
 0001:0000e89e       ?imbue@?$basic_filebuf@DU?$char_traits@D@std@@@std@@MAEXABVlocale@2@@Z 1000f89e f i libcpmt:cout.obj
 0001:0000e8ba       ?imbue@?$basic_streambuf@DU?$char_traits@D@std@@@std@@MAEXABVlocale@2@@Z 1000f8ba f i libcpmt:cout.obj
 0001:0000e8bd       ?init@?$basic_ios@DU?$char_traits@D@std@@@std@@IAEXPAV?$basic_streambuf@DU?$char_traits@D@std@@@2@_N@Z 1000f8bd f i libcpmt:cout.obj
 0001:0000e906       ?overflow@?$basic_filebuf@DU?$char_traits@D@std@@@std@@MAEHH@Z 1000f906 f i libcpmt:cout.obj
 0001:0000eaa4       ?pbackfail@?$basic_filebuf@DU?$char_traits@D@std@@@std@@MAEHH@Z 1000faa4 f i libcpmt:cout.obj
 0001:0000eb2b       ?overflow@?$basic_streambuf@DU?$char_traits@D@std@@@std@@MAEHH@Z 1000fb2b f i libcpmt:cout.obj
 0001:0000eb2b       ?pbackfail@?$basic_streambuf@DU?$char_traits@D@std@@@std@@MAEHH@Z 1000fb2b f i libcpmt:cout.obj
 0001:0000eb31       ?seekoff@?$basic_filebuf@DU?$char_traits@D@std@@@std@@MAE?AV?$fpos@U_Mbstatet@@@2@_JHH@Z 1000fb31 f i libcpmt:cout.obj
 0001:0000ebf2       ?seekoff@?$basic_streambuf@DU?$char_traits@D@std@@@std@@MAE?AV?$fpos@U_Mbstatet@@@2@_JHH@Z 1000fbf2 f i libcpmt:cout.obj
 0001:0000ec1c       ?seekpos@?$basic_filebuf@DU?$char_traits@D@std@@@std@@MAE?AV?$fpos@U_Mbstatet@@@2@V32@H@Z 1000fc1c f i libcpmt:cout.obj
 0001:0000ecdc       ?seekpos@?$basic_streambuf@DU?$char_traits@D@std@@@std@@MAE?AV?$fpos@U_Mbstatet@@@2@V32@H@Z 1000fcdc f i libcpmt:cout.obj
 0001:0000ed06       ?setbuf@?$basic_filebuf@DU?$char_traits@D@std@@@std@@MAEPAV?$basic_streambuf@DU?$char_traits@D@std@@@2@PAD_J@Z 1000fd06 f i libcpmt:cout.obj
 0001:0000ed54       ?setbuf@?$basic_streambuf@DU?$char_traits@D@std@@@std@@MAEPAV12@PAD_J@Z 1000fd54 f i libcpmt:cout.obj
 0001:0000ed59       ?showmanyc@?$basic_streambuf@DU?$char_traits@D@std@@@std@@MAE_JXZ 1000fd59 f i libcpmt:cout.obj
 0001:0000ed5e       ?sync@?$basic_filebuf@DU?$char_traits@D@std@@@std@@MAEHXZ 1000fd5e f i libcpmt:cout.obj
 0001:0000ed96       ?uflow@?$basic_filebuf@DU?$char_traits@D@std@@@std@@MAEHXZ 1000fd96 f i libcpmt:cout.obj
 0001:0000ef35       ?uflow@?$basic_streambuf@DU?$char_traits@D@std@@@std@@MAEHXZ 1000ff35 f i libcpmt:cout.obj
 0001:0000ef67       ?underflow@?$basic_filebuf@DU?$char_traits@D@std@@@std@@MAEHXZ 1000ff67 f i libcpmt:cout.obj
 0001:0000efb5       ?underflow@?$basic_streambuf@DU?$char_traits@D@std@@@std@@MAEHXZ 1000ffb5 f i libcpmt:cout.obj
 0001:0000efb9       ?xsgetn@?$basic_streambuf@DU?$char_traits@D@std@@@std@@MAE_JPAD_J@Z 1000ffb9 f i libcpmt:cout.obj
 0001:0000f0b2       ?xsputn@?$basic_streambuf@DU?$char_traits@D@std@@@std@@MAE_JPBD_J@Z 100100b2 f i libcpmt:cout.obj
 0001:0000f22c       ??0_Locimp@locale@std@@AAE@_N@Z 1001022c f i libcpmt:locale0.obj
 0001:0000f26f       ??1_Fac_node@std@@QAE@XZ   1001026f f i libcpmt:locale0.obj
 0001:0000f2ce       ??1_Fac_tidy_reg_t@std@@QAE@XZ 100102ce f i libcpmt:locale0.obj
 0001:0000f2f5       ??1_Locimp@locale@std@@MAE@XZ 100102f5 f i libcpmt:locale0.obj
 0001:0000f350       ??4?$_Yarn@D@std@@QAEAAV01@PBD@Z 10010350 f i libcpmt:locale0.obj
 0001:0000f3a4       ??_E_Locimp@locale@std@@MAEPAXI@Z 100103a4 f i libcpmt:locale0.obj
 0001:0000f3a4       ??_G_Locimp@locale@std@@MAEPAXI@Z 100103a4 f i libcpmt:locale0.obj
 0001:0000f3c6       ?_Facet_Register@std@@YAXPAV_Facet_base@1@@Z 100103c6 f   libcpmt:locale0.obj
 0001:0000f3f4       ?_Getgloballocale@locale@std@@CAPAV_Locimp@12@XZ 100103f4 f   libcpmt:locale0.obj
 0001:0000f3fa       ?_Init@locale@std@@CAPAV_Locimp@12@_N@Z 100103fa f   libcpmt:locale0.obj
 0001:0000f488       ?_Locimp_dtor@_Locimp@locale@std@@CAXPAV123@@Z 10010488 f   libcpmt:locale0.obj
 0001:0000f4fd       ?_Locinfo_ctor@_Locinfo@std@@SAXPAV12@PBD@Z 100104fd f   libcpmt:locale0.obj
 0001:0000f548       ?_Locinfo_dtor@_Locinfo@std@@SAXPAV12@@Z 10010548 f   libcpmt:locale0.obj
 0001:0000f56a       ?_New_Locimp@_Locimp@locale@std@@CAPAV123@_N@Z 1001056a f   libcpmt:locale0.obj
 0001:0000f58f       ?_Setgloballocale@locale@std@@CAXPAX@Z 1001058f f   libcpmt:locale0.obj
 0001:0000f5b7       __Deletegloballocale       100105b7 f   libcpmt:locale0.obj
 0001:0000f61c       ?_Syserror_map@std@@YAPBDH@Z 1001061c f   libcpmt:syserror.obj
 0001:0000f641       __Getctype                 10010641 f   libcpmt:_tolower.obj
 0001:0000f6ac       __Tolower                  100106ac f   libcpmt:_tolower.obj
 0001:0000f7a6       __Getcvt                   100107a6 f   libcpmt:xwctomb.obj
 0001:0000f813       __Toupper                  10010813 f   libcpmt:_toupper.obj
 0001:0000f90d       __Mtxdst                   1001090d f   libcpmt:xmtx.obj
 0001:0000f91b       __Mtxinit                  1001091b f   libcpmt:xmtx.obj
 0001:0000f932       __Mtxlock                  10010932 f   libcpmt:xmtx.obj
 0001:0000f940       __Mtxunlock                10010940 f   libcpmt:xmtx.obj
 0001:0000f94e       ?_Addstd@ios_base@std@@SAXPAV12@@Z 1001094e f   libcpmt:ios.obj
 0001:0000f99f       ?_Callfns@ios_base@std@@AAEXW4event@12@@Z 1001099f f i libcpmt:ios.obj
 0001:0000f9d1       ?_Ios_base_dtor@ios_base@std@@CAXPAV12@@Z 100109d1 f   libcpmt:ios.obj
 0001:0000fa11       ?_Tidy@ios_base@std@@AAEXXZ 10010a11 f i libcpmt:ios.obj
 0001:0000fa59       ??1_Init_atexit@@QAE@XZ    10010a59 f i libcpmt:iosptrs.obj
 0001:0000fabd       ?_Atexit@@YAXP6AXXZ@Z      10010abd f   libcpmt:iosptrs.obj
 0001:0000faeb       ___crtLCMapStringA         10010aeb f   libcpmt:StlLCMapStringA.obj
 0001:0000fcee       __freea_crt                10010cee f i libcpmt:StlLCMapStringA.obj
 0001:000100b6       ___crtInitializeCriticalSectionEx 100110b6 f   libcpmt:winapisupp.obj
 0001:000100ee       _GetTableIndexFromLocaleName 100110ee f   libcpmt:winapinls.obj
 0001:0001013c       ___crtDownlevelLocaleNameToLCID 1001113c f   libcpmt:winapinls.obj
 0001:00010166       ___crtLCMapStringEx        10011166 f   libcpmt:winapinls.obj
 0001:000101bc       ___wcsnicmp_ascii          100111bc f   libcpmt:winapinls.obj
 0001:0001022f       @__security_check_cookie@4 1001122f f   LIBCMT:_secchk_.obj
 0001:00010284       ___scrt_acquire_startup_lock 10011284 f   LIBCMT:utility.obj
 0001:000102b9       ___scrt_dllmain_after_initialize_c 100112b9 f   LIBCMT:utility.obj
 0001:000102e4       ___scrt_dllmain_before_initialize_c 100112e4 f   LIBCMT:utility.obj
 0001:000102f2       ___scrt_dllmain_crt_thread_attach 100112f2 f   LIBCMT:utility.obj
 0001:00010311       ___scrt_dllmain_crt_thread_detach 10011311 f   LIBCMT:utility.obj
 0001:0001031e       ___scrt_dllmain_exception_filter 1001131e f   LIBCMT:utility.obj
 0001:00010351       ___scrt_dllmain_uninitialize_c 10011351 f   LIBCMT:utility.obj
 0001:00010374       ___scrt_dllmain_uninitialize_critical 10011374 f   LIBCMT:utility.obj
 0001:00010381       ___scrt_initialize_crt     10011381 f   LIBCMT:utility.obj
 0001:000103ba       ___scrt_initialize_onexit_tables 100113ba f   LIBCMT:utility.obj
 0001:00010451       ___scrt_is_nonwritable_in_current_image 10011451 f   LIBCMT:utility.obj
 0001:000104db       ___scrt_release_startup_lock 100114db f   LIBCMT:utility.obj
 0001:000104f8       ___scrt_uninitialize_crt   100114f8 f   LIBCMT:utility.obj
 0001:00010520       __onexit                   10011520 f   LIBCMT:utility.obj
 0001:0001055b       _atexit                    1001155b f   LIBCMT:utility.obj
 0001:00010570       ??_V@YAXPAX@Z              10011570 f   LIBCMT:delete_array.obj
 0001:00010575       ??2@YAPAXI@Z               10011575 f   LIBCMT:new_scalar.obj
 0001:000105a8       ??3@YAXPAX@Z               100115a8 f   LIBCMT:delete_scalar.obj
 0001:000105ad       ??3@YAXPAXI@Z              100115ad f   LIBCMT:delete_scalar_size.obj
 0001:000105bb       ??_U@YAPAXI@Z              100115bb f   LIBCMT:new_array.obj
 0001:000105c4       ??_Etype_info@@UAEPAXI@Z   100115c4 f i LIBCMT:std_type_info_static.obj
 0001:000105c4       ??_Gtype_info@@UAEPAXI@Z   100115c4 f i LIBCMT:std_type_info_static.obj
 0001:000106c3       __Init_thread_footer       100116c3 f   LIBCMT:thread_safe_statics.obj
 0001:00010702       __Init_thread_header       10011702 f   LIBCMT:thread_safe_statics.obj
 0001:00010748       __Init_thread_lock         10011748 f   LIBCMT:thread_safe_statics.obj
 0001:00010754       __Init_thread_notify       10011754 f   LIBCMT:thread_safe_statics.obj
 0001:00010795       __Init_thread_unlock       10011795 f   LIBCMT:thread_safe_statics.obj
 0001:000107a1       __Init_thread_wait         100117a1 f   LIBCMT:thread_safe_statics.obj
 0001:00010b0e       __DllMainCRTStartup@12     10011b0e f   LIBCMT:dll_dllmain.obj
 0001:00010b31       @_guard_check_icall@4      10011b31 f i LIBCMT:checkcfg.obj
 0001:00010b37       __EH_epilog3               10011b37 f   LIBCMT:ehprolg3.obj
 0001:00010b4c       __EH_epilog3_GS            10011b4c f   LIBCMT:ehprolg3.obj
 0001:00010b5d       __EH_prolog3               10011b5d f   LIBCMT:ehprolg3.obj
 0001:00010b91       __EH_prolog3_GS            10011b91 f   LIBCMT:ehprolg3.obj
 0001:00010bc8       __EH_prolog3_catch         10011bc8 f   LIBCMT:ehprolg3.obj
 0001:00010c00       __alloca_probe_16          10011c00 f   LIBCMT:alloca16.obj
 0001:00010c16       __alloca_probe_8           10011c16     LIBCMT:alloca16.obj
 0001:00010c30       __allmul                   10011c30 f   LIBCMT:llmul.obj
 0001:00010c70       __aulldiv                  10011c70 f   LIBCMT:ulldiv.obj
 0001:00010cd8       ___raise_securityfailure   10011cd8 f   LIBCMT:gs_report.obj
 0001:00010d00       ___report_gsfailure        10011d00 f   LIBCMT:gs_report.obj
 0001:00010dfb       ___report_rangecheckfailure 10011dfb f   LIBCMT:gs_report.obj
 0001:00010e07       ___report_securityfailure  10011e07 f   LIBCMT:gs_report.obj
 0001:00010ed8       ___isa_available_init      10011ed8 f   LIBCMT:_cpu_disp_.obj
 0001:00011072       ___scrt_is_ucrt_dll_in_use 10012072 f   LIBCMT:ucrt_detection.obj
 0001:0001107e       ___scrt_fastfail           1001207e f   LIBCMT:utility_desktop.obj
 0001:00011199       __crt_debugger_hook        10012199 f   LIBCMT:utility_desktop.obj
 0001:000111b0       __SEH_prolog4              100121b0 f   LIBCMT:_sehprolg4_.obj
 0001:000111f6       __SEH_epilog4              100121f6 f   LIBCMT:_sehprolg4_.obj
 0001:0001120b       ??0bad_array_new_length@std@@QAE@ABV01@@Z 1001220b f i LIBCMT:throw_bad_alloc.obj
 0001:00011226       ??0bad_array_new_length@std@@QAE@XZ 10012226 f i LIBCMT:throw_bad_alloc.obj
 0001:0001123e       ?__scrt_throw_std_bad_alloc@@YAXXZ 1001223e f   LIBCMT:throw_bad_alloc.obj
 0001:0001123e       ?_Xbad_alloc@std@@YAXXZ    1001223e f   libcpmt:xthrow.obj
 0001:0001125b       ?__scrt_throw_std_bad_array_new_length@@YAXXZ 1001225b f   LIBCMT:throw_bad_alloc.obj
 0001:00011278       ___security_init_cookie    10012278 f   LIBCMT:gs_support.obj
 0001:00011314       _DllMain@12                10012314 f   LIBCMT:dll_dllmain_stub.obj
 0001:0001131a       ?__scrt_initialize_type_info@@YAXXZ 1001231a f   LIBCMT:tncleanup.obj
 0001:00011326       ?__scrt_uninitialize_type_info@@YAXXZ 10012326 f   LIBCMT:tncleanup.obj
 0001:00011332       ___local_stdio_scanf_options 10012332 f i LIBCMT:default_local_stdio_options.obj
 0001:00011338       ___scrt_initialize_default_local_stdio_options 10012338 f   LIBCMT:default_local_stdio_options.obj
 0001:00011355       ___scrt_get_dyn_tls_init_callback 10012355 f   LIBCMT:dyn_tls_init.obj
 0001:0001135b       __RTC_Initialize           1001235b f   LIBCMT:_initsect_.obj
 0001:00011386       __RTC_Terminate            10012386 f   LIBCMT:_initsect_.obj
 0001:000113c0       __alloca_probe             100123c0 f   LIBCMT:chkstk.obj
 0001:000113c0       __chkstk                   100123c0 f   LIBCMT:chkstk.obj
 0001:000113f0       _memmove                   100123f0 f   libvcruntime:memmove.obj
 0001:00011964       __get_purecall_handler     10012964 f   libvcruntime:purevirt.obj
[...]
 0002:0000e898       __sehtable$??$?RV<lambda_5b71d36f03204c0beab531769a5b5694>@@AAV<lambda_be2b3da3f62db62e9dad5dc70221a656>@@V<lambda_8f9ce462984622f9bf76b59e2aaaf805>@@@?$__crt_seh_guarded_call@X@@QAEX$$QAV<lambda_5b71d36f03204c0beab531769a5b5694>@@AAV<lambda_be2b3da3f62db62e9dad5dc70221a656>@@$$QAV<lambda_8f9ce462984622f9bf76b59e2aaaf805>@@@Z 1003e898     libucrt:per_thread_data.obj
 0002:0000e8b8       __sehtable$__isindst       1003e8b8     libucrt:tzset.obj
 0002:0000e8d8       __sehtable$___tzset        1003e8d8     libucrt:tzset.obj
 0002:0000e8f8       __sehtable$_raise          1003e8f8     libucrt:signal.obj
 0002:0000e918       __sehtable$??$?RV<lambda_a048d3beccc847880fc8490e18b82769>@@AAV<lambda_ec61778202f4f5fc7e7711acc23c3bca>@@V<lambda_f7496a158712204296dd6628a163878e>@@@?$__crt_seh_guarded_call@P6AXH@Z@@QAEP6AXH@Z$$QAV<lambda_a048d3beccc847880fc8490e18b82769>@@AAV<lambda_ec61778202f4f5fc7e7711acc23c3bca>@@$$QAV<lambda_f7496a158712204296dd6628a163878e>@@@Z 1003e918     libucrt:signal.obj
 0002:0000e938       __sehtable$___acrt_uninitialize_locale 1003e938     libucrt:wsetlocale.obj
 0002:0000e958       __sehtable$??$?RV<lambda_70818de7b02deff9841e8b0962a60ed9>@@AAV<lambda_2af78c5f5901b1372d98f9ab3177dfa6>@@AAV<lambda_f51fe5fd7c79a33db34fc9310f277369>@@@?$__crt_seh_guarded_call@X@@QAEX$$QAV<lambda_70818de7b02deff9841e8b0962a60ed9>@@AAV<lambda_2af78c5f5901b1372d98f9ab3177dfa6>@@AAV<lambda_f51fe5fd7c79a33db34fc9310f277369>@@@Z 1003e958     libucrt:wsetlocale.obj
 0002:0000e978       __sehtable$??$?RV<lambda_c76fdea48760d5f9368b465f31df4405>@@AAV<lambda_e378711a6f6581bf7f0efd7cdf97f5d9>@@V<lambda_e927a58b2a85c081d733e8c6192ae2d2>@@@?$__crt_seh_guarded_call@X@@QAEX$$QAV<lambda_c76fdea48760d5f9368b465f31df4405>@@AAV<lambda_e378711a6f6581bf7f0efd7cdf97f5d9>@@$$QAV<lambda_e927a58b2a85c081d733e8c6192ae2d2>@@@Z 1003e978     libucrt:wsetlocale.obj
 0002:0000e998       __sehtable$___acrt_initialize_lowio 1003e998     libucrt:ioinit.obj
 0002:0000e9b8       __sehtable$??$?RV<lambda_9227be29367c048ad7fd93a717dcb1a1>@@AAV<lambda_a463b7b0560cfcaf9b17f27c6ef46564>@@V<lambda_ccea11b5727ccf69be64f5f5d9a08d9f>@@@?$__crt_seh_guarded_call@H@@QAEH$$QAV<lambda_9227be29367c048ad7fd93a717dcb1a1>@@AAV<lambda_a463b7b0560cfcaf9b17f27c6ef46564>@@$$QAV<lambda_ccea11b5727ccf69be64f5f5d9a08d9f>@@@Z 1003e9b8     libucrt:winapi_thunks.obj
 0002:0000e9d8       __sehtable$__fcloseall     1003e9d8     libucrt:closeall.obj
 0002:0000e9f8       __sehtable$??$?RV<lambda_123407a5e2ac06da108355a851863b7a>@@AAV<lambda_2fe9b910cf3cbf4a0ab98a02ba45b3ec>@@V<lambda_ae55bdf541ad94d75914d381c370e64d>@@@?$__crt_seh_guarded_call@H@@QAEH$$QAV<lambda_123407a5e2ac06da108355a851863b7a>@@AAV<lambda_2fe9b910cf3cbf4a0ab98a02ba45b3ec>@@$$QAV<lambda_ae55bdf541ad94d75914d381c370e64d>@@@Z 1003e9f8     libucrt:close.obj
 0002:0000ea18       __sehtable$??$?RV<lambda_61cee617f5178ae960314fd4d05640a0>@@AAV<lambda_6978c1fb23f02e42e1d9e99668cc68aa>@@V<lambda_9cd88cf8ad10232537feb2133f08c833>@@@?$__crt_seh_guarded_call@H@@QAEH$$QAV<lambda_61cee617f5178ae960314fd4d05640a0>@@AAV<lambda_6978c1fb23f02e42e1d9e99668cc68aa>@@$$QAV<lambda_9cd88cf8ad10232537feb2133f08c833>@@@Z 1003ea18     libucrt:commit.obj
 0002:0000ea38       __sehtable$__write         1003ea38     libucrt:write.obj
 0002:0000ea58       __sehtable$??$common_ftell@_J@@YA_JV__crt_stdio_stream@@@Z 1003ea58     libucrt:ftell.obj
 0002:0000ea78       __sehtable$??$common_lseek@_J@@YA_JH_JH@Z 1003ea78     libucrt:lseek.obj
 0002:0000ea98       __sehtable$___acrt_update_thread_multibyte_data 1003ea98     libucrt:mbctype.obj
 0002:0000eab8       __sehtable$??$?RV<lambda_978dc153c237d78434369da87b74ff60>@@AAV<lambda_ad1ced32f4ac17aa236e5ef05d6b3b7c>@@V<lambda_4a8533e2866a575feecb8298ce776b0d>@@@?$__crt_seh_guarded_call@X@@QAEX$$QAV<lambda_978dc153c237d78434369da87b74ff60>@@AAV<lambda_ad1ced32f4ac17aa236e5ef05d6b3b7c>@@$$QAV<lambda_4a8533e2866a575feecb8298ce776b0d>@@@Z 1003eab8     libucrt:mbctype.obj
 0002:0000ead8       __sehtable$___acrt_update_thread_locale_data 1003ead8     libucrt:locale_refcounting.obj
 0002:0000eaf8       __sehtable$??$common_getenv_s@D@@YAHQAIQADIQBD@Z 1003eaf8     libucrt:getenv.obj
 0002:0000eb18       __sehtable$___acrt_lowio_ensure_fh_exists 1003eb18     libucrt:osfinfo.obj
 0002:0000eb38       __sehtable$__read          1003eb38     libucrt:read.obj
 0002:0000eb58       __sehtable$__IsNonwritableInCurrentImage 1003eb58     LIBCMT:pesect.obj
 0002:0000f950       .edata                     1003f950     addon.exp
 0002:0000f978       rgpv                       1003f978     addon.exp
 0002:0000f97c       rgszName                   1003f97c     addon.exp
 0002:0000f980       rgwOrd                     1003f980     addon.exp
 0002:0000f982       szName                     1003f982     addon.exp
 0002:0000f98d       $N00001                    1003f98d     addon.exp
 0002:0000fd80       .idata$6                   1003fd80     kernel32:KERNEL32.dll
 0002:00011312       .idata$6                   10041312     notescpp:lcppn.dll
 0003:00000000       ?init@std@@3JA             10042000     libcpmt:xlock.obj
 0003:00000008       ?atcount_cdecl@@3IA        10042008     libcpmt:iosptrs.obj
 0003:00000090       ?__vcrt_flsindex@@3KA      10042090     libvcruntime:per_thread_data.obj
 0003:0000011c       _errno_no_memory           1004211c     libucrt:errno.obj
 0003:00000120       _doserrno_no_memory        10042120     libucrt:errno.obj
 0003:000001e0       ___acrt_flsindex           100421e0     libucrt:per_thread_data.obj
 0003:000001e8       _tzstd_program             100421e8     libucrt:timeset.obj
 0003:00000228       _tzdst_program             10042228     libucrt:timeset.obj
 0003:00000268       _tzname_states             10042268     libucrt:timeset.obj
 0003:00000270       _dststart                  10042270     libucrt:tzset.obj
 0003:0000027c       _dstend                    1004227c     libucrt:tzset.obj
 0003:00000288       __ctype_loc_style          10042288     libucrt:wsetlocale.obj
 0003:00000390       ___rgctypeflag             10042390     libucrt:mbctype.obj
 0003:00000398       ___rgcode_page_info        10042398     libucrt:mbctype.obj
 0003:000009d0       __module                   100429d0     addon.obj
 0003:00000fa0       ?initlocks@std@@3V_Init_locks@1@A 10042fa0     libcpmt:xlock.obj
 0003:00000fa8       ?mtx@std@@3PAU_RTL_CRITICAL_SECTION@@A 10042fa8     libcpmt:xlock.obj
 0003:00001068       ?initlocks@@3V_Init_locks@std@@A 10043068     libcpmt:cout.obj
 0003:00001069       ?init_cout@std@@3U_Init_cout@1@A 10043069     libcpmt:cout.obj
 0003:000010c0       ?fout@std@@3V?$basic_filebuf@DU?$char_traits@D@std@@@1@A 100430c0     libcpmt:cout.obj
 0003:00001130       _global_locale             10043130     libcpmt:locale0.obj
 0003:00001134       ?_Fac_head@std@@3PAU_Fac_node@1@A 10043134     libcpmt:locale0.obj
 0003:0000114c       ?classic_locale@std@@3Vlocale@1@A 1004314c     libcpmt:locale0.obj
 0003:00001154       ?_Fac_tidy_reg@std@@3U_Fac_tidy_reg_t@1@B 10043154     libcpmt:locale0.obj
 0003:00001155       ?registered@?1??_Setgloballocale@locale@std@@CAXPAX@Z@4_NA 10043155     libcpmt:locale0.obj
 0003:00001160       ?stdstr@std@@3PAPAVios_base@1@A 10043160     libcpmt:ios.obj
 0003:00001188       ?stdopens@std@@3PADA       10043188     libcpmt:ios.obj
 0003:000011b4       ?atfuns_cdecl@@3PAP6AXXZA  100431b4     libcpmt:iosptrs.obj
 0003:000011dc       ?initlocks@std@@3V_Init_locks@1@A 100431dc     libcpmt:iosptrs.obj
 0003:000011dd       ?init_atexit@@3U_Init_atexit@@A 100431dd     libcpmt:iosptrs.obj
 0003:00001308       ?module_local_atexit_table@@3U_onexit_table_t@@A 10043308     LIBCMT:utility.obj
 0003:00001314       ?module_local_at_quick_exit_table@@3U_onexit_table_t@@A 10043314     LIBCMT:utility.obj
 0003:00001320       ?is_initialized_as_dll@@3_NA 10043320     LIBCMT:utility.obj
 0003:00001324       ?_Tss_mutex@@3U_RTL_CRITICAL_SECTION@@A 10043324     LIBCMT:thread_safe_statics.obj
 0003:0000133c       ?_Tss_cv@@3U_RTL_CONDITION_VARIABLE@@A 1004333c     LIBCMT:thread_safe_statics.obj
 0003:00001340       ?_Tss_event@@3PAXA         10043340     LIBCMT:thread_safe_statics.obj
 0003:00001344       ?encoded_sleep_condition_variable_cs@@3P6GHPAU_RTL_CONDITION_VARIABLE@@PAU_RTL_CRITICAL_SECTION@@K@ZA 10043344     LIBCMT:thread_safe_statics.obj
 0003:00001348       ?encoded_wake_all_condition_variable@@3P6GXPAU_RTL_CONDITION_VARIABLE@@@ZA 10043348     LIBCMT:thread_safe_statics.obj
 0003:0000134c       ?__proc_attached@@3HA      1004334c     LIBCMT:dll_dllmain.obj
 0003:00001350       _GS_ExceptionRecord        10043350     LIBCMT:gs_report.obj
 0003:000013a0       _GS_ContextRecord          100433a0     LIBCMT:gs_report.obj
 0003:00001694       ?module_handles@@3PAPAUHINSTANCE__@@A 10043694     libvcruntime:winapi_downlevel.obj
 0003:000016a4       ?encoded_function_pointers@@3PAPAXA 100436a4     libvcruntime:winapi_downlevel.obj
 0003:000016cc       ?__vcrt_startup_thread_ptd@@3U__vcrt_ptd@@A 100436cc     libvcruntime:per_thread_data.obj
 0003:000016f4       ___vcrt_lock_table         100436f4     libvcruntime:locks.obj
 0003:0000170c       ___vcrt_locks_initialized  1004370c     libvcruntime:locks.obj
 0003:00001738       ?heap@@3V_HeapManager@@A   10043738     libvcruntime:undname.obj
 0003:0000174c       ___acrt_invalid_parameter_handler 1004374c     libucrt:invalid_parameter.obj
 0003:00001758       ___acrt_lock_table         10043758     libucrt:locks.obj
 0003:00001890       ___acrt_locks_initialized  10043890     libucrt:locks.obj
 0003:000018a0       _c_termination_complete    100438a0     libucrt:exit.obj
 0003:000018a4       _thread_local_exit_callback_func 100438a4     libucrt:exit.obj
 0003:000018a8       ?c_exit_complete@?5??common_exit@@YAXHW4_crt_exit_cleanup_mode@@W4_crt_exit_return_mode@@@Z@4_NA 100438a8     libucrt:exit.obj
 0003:000018b0       ?program_name@?5???$common_configure_argv@D@@YAHW4_crt_argv_mode@@@Z@4PADA 100438b0     libucrt:argv_parsing.obj
 0003:000019e0       ___acrt_new_handler        100439e0     libucrt:new_handler.obj
 0003:000019f0       __tzname                   100439f0     libucrt:timeset.obj
 0003:000019f4       _last_tz                   100439f4     libucrt:tzset.obj
 0003:000019f8       _tz_api_used               100439f8     libucrt:tzset.obj
 0003:00001a00       _tz_info                   10043a00     libucrt:tzset.obj
 0003:00001aac       ?first_time@?1??__tzset@@9@4JA 10043aac     libucrt:tzset.obj
 0003:00001ab0       _ctrlc_action              10043ab0     libucrt:signal.obj
 0003:00001ab4       _ctrlbreak_action          10043ab4     libucrt:signal.obj
 0003:00001ab8       _abort_action              10043ab8     libucrt:signal.obj
 0003:00001abc       _term_action               10043abc     libucrt:signal.obj
 0003:00001ac0       _enable_percent_n          10043ac0     libucrt:printf_count_output.obj
 0003:00001ce0       _module_handles            10043ce0     libucrt:winapi_thunks.obj
 0003:00001d30       _encoded_function_pointers 10043d30     libucrt:winapi_thunks.obj
 0003:00001db0       ?static_enum_proc@?1??enum_system_locales_ex_nolock@@YAHQ6GHPA_WKJ@Z@Z@4P6GH0KJ@ZA 10043db0     libucrt:winapi_thunks.obj
 0003:00001db4       ?state_cache@?1??__acrt_is_packaged_app@@9@4JA 10043db4     libucrt:winapi_thunks.obj
 0003:00001db8       ___acrt_app_type           10043db8     libucrt:report_runtime_error.obj
 0003:00001dbc       ___acrt_error_mode         10043dbc     libucrt:set_error_mode.obj
 0003:00001dc0       ___acrt_global_new_mode    10043dc0     libucrt:new_mode.obj
 0003:00001de4       _fSystemSet                10043de4     libucrt:mbctype.obj
 0003:00001de8       ?initialized@?1??__acrt_initialize_multibyte@@9@4_NA 10043de8     libucrt:mbctype.obj
 0003:00001e04       _user_matherr              10043e04     libucrt:matherr.obj
 0003:00001e08       __pmatherr_set             10043e08     libucrt:libm_error.obj
 0004:00000000       __guard_fids____dcrt_uninitialize_environments_nolock 10044000     libucrt:environment_initialization.obj
 0004:00000008       __guard_fids__             10044008     libucrt:initialization.obj
 0004:00000068       __guard_fids____acrt_initialize_ptd 10044068     libucrt:per_thread_data.obj
 0004:0000006c       __guard_fids__             1004406c     libucrt:wsetlocale.obj
 0004:00000084       __guard_fids_??$?RV<lambda_9227be29367c048ad7fd93a717dcb1a1>@@AAV<lambda_a463b7b0560cfcaf9b17f27c6ef46564>@@V<lambda_ccea11b5727ccf69be64f5f5d9a08d9f>@@@?$__crt_seh_guarded_call@H@@QAEH$$QAV<lambda_9227be29367c048ad7fd93a717dcb1a1>@@AAV<lambda_a463b7b0560cfcaf9b17f27c6ef46564>@@$$QAV<lambda_ccea11b5727ccf69be64f5f5d9a08d9f>@@@Z 10044084     libucrt:winapi_thunks.obj
 0004:00000088       __guard_fids_??$common_show_message_box@_W@@YAHQB_W0I@Z 10044088     libucrt:crtmbox.obj
 0004:0000008c       __guard_fids__             1004408c     libucrt:stdio_initializer.obj
 0004:00000090       __guard_fids__             10044090     libucrt:stdio_initializer.obj
 0004:00000094       __guard_fids_??$expand_argument_wildcards@D@@YAHQAD0AAV?$argument_list@D@?A0xb0e4b824@@@Z 10044094     libucrt:argv_wildcards.obj
 0004:00000098       __guard_fids__             10044098     libucrt:timeset_initializer.obj
 0004:0000009c       __guard_fids__             1004409c     libucrt:locale_initializer.obj
 0004:000000a0       __guard_fids__GetLocaleNameFromLangCountry 100440a0     libucrt:get_qualified_locale.obj
 0004:000000a4       __guard_fids__GetLocaleNameFromLanguage 100440a4     libucrt:get_qualified_locale.obj
 0004:000000a8       __guard_fids__GetLcidFromLangCountry 100440a8     libucrt:getqloc_downlevel.obj
 0004:000000ac       __guard_fids__GetLcidFromLanguage 100440ac     libucrt:getqloc_downlevel.obj
 0004:000000b0       __guard_fids__GetLcidFromCountry 100440b0     libucrt:getqloc_downlevel.obj
 0004:000000b4       __guard_fids__             100440b4     libucrt:sse2_initializer.obj
 0004:000000b8       __guard_fids____libm_error_support 100440b8     libucrt:libm_error.obj
 0004:000000bc       __guard_fids__             100440bc     libucrt:multibyte_initializer.obj
 0004:000000c0       __guard_fids__             100440c0     libucrt:console_output_initializer.obj
 0004:000000c4       __guard_fids__             100440c4     libcpmt:xthrow.obj
 0004:000000cc       __guard_fids__             100440cc     libcpmt:xthrow.obj
 0004:000000d4       __guard_fids__             100440d4     libcpmt:xthrow.obj
 0004:000000dc       __guard_fids__             100440dc     libcpmt:xthrow.obj
 0004:000000e4       __guard_fids__             100440e4     libcpmt:xthrow.obj
 0004:000000ec       __guard_fids__             100440ec     libcpmt:xthrow.obj
 0004:000000f4       __guard_fids__             100440f4     libcpmt:xthrow.obj
 0004:000000f8       __guard_fids__             100440f8     libcpmt:xthrow.obj
 0004:000000fc       __guard_fids__             100440fc     libcpmt:xthrow.obj
 0004:00000100       __guard_fids__             10044100     libcpmt:xthrow.obj
 0004:00000104       __guard_fids__             10044104     libcpmt:xthrow.obj
 0004:00000108       __guard_fids__             10044108     libcpmt:xthrow.obj
 0004:0000010c       __guard_fids__             1004410c     libcpmt:xthrow.obj
 0004:00000110       __guard_fids__             10044110     libcpmt:xthrow.obj
 0004:00000114       __guard_fids_??__Einitlocks@std@@YAXXZ 10044114     libcpmt:xlock.obj
 0004:00000118       __guard_fids__             10044118     libcpmt:xlock.obj
 0004:0000011c       __guard_fids_??__Einitlocks@@YAXXZ 1004411c     libcpmt:cout.obj
 0004:00000120       __guard_fids_??__Efout@std@@YAXXZ 10044120     libcpmt:cout.obj
 0004:00000124       __guard_fids_??__Ecout@std@@YAXXZ 10044124     libcpmt:cout.obj
 0004:00000128       __guard_fids__             10044128     libcpmt:cout.obj
 0004:00000130       __guard_fids__             10044130     libcpmt:cout.obj
 0004:0000013c       __guard_fids__             1004413c     libcpmt:cout.obj
 0004:00000168       __guard_fids__             10044168     libcpmt:cout.obj
 0004:00000180       __guard_fids__             10044180     libcpmt:cout.obj
 0004:00000188       __guard_fids__             10044188     libcpmt:cout.obj
 0004:000001a0       __guard_fids__             100441a0     libcpmt:cout.obj
 0004:000001a8       __guard_fids__             100441a8     libcpmt:cout.obj
 0004:000001ac       __guard_fids__             100441ac     libcpmt:cout.obj
 0004:000001e8       __guard_fids__             100441e8     libcpmt:cout.obj
 0004:00000224       __guard_fids__             10044224     libcpmt:cout.obj
 0004:00000228       __guard_fids__             10044228     libcpmt:cout.obj
 0004:0000022c       __guard_fids__             1004422c     libcpmt:cout.obj
 0004:00000254       __guard_fids__             10044254     libcpmt:cout.obj
 0004:00000258       __guard_fids__             10044258     libcpmt:cout.obj
 0004:0000025c       __guard_fids__             1004425c     libcpmt:cout.obj
 0004:00000260       __guard_fids__             10044260     libcpmt:cout.obj
 0004:00000264       __guard_fids__             10044264     libcpmt:cout.obj
 0004:00000268       __guard_fids__             10044268     libcpmt:cout.obj
 0004:0000026c       __guard_fids_??__E_Fac_tidy_reg@std@@YAXXZ 1004426c     libcpmt:locale0.obj
 0004:00000270       __guard_fids_?_Setgloballocale@locale@std@@CAXPAX@Z 10044270     libcpmt:locale0.obj
 0004:00000274       __guard_fids_??__Eclassic_locale@std@@YAXXZ 10044274     libcpmt:locale0.obj
 0004:00000278       __guard_fids__             10044278     libcpmt:locale0.obj
 0004:00000284       __guard_fids__             10044284     libcpmt:locale0.obj
 0004:00000288       __guard_fids__             10044288     libcpmt:locale0.obj
 0004:0000028c       __guard_fids_??__Einitlocks@std@@YAXXZ 1004428c     libcpmt:iosptrs.obj
 0004:00000290       __guard_fids_??__Einit_atexit@@YAXXZ 10044290     libcpmt:iosptrs.obj
 0004:00000294       __guard_fids__             10044294     libcpmt:iosptrs.obj
 0004:00000298       __guard_fids__             10044298     libcpmt:iosptrs.obj
 0004:0000029c       __guard_fids__             1004429c     libcpmt:locale.obj
 0004:000002c8       __guard_fids__             100442c8     libcpmt:locale.obj
 0004:000002e8       __guard_fids__             100442e8     libcpmt:winapisupp.obj
 0004:000002ec       __guard_fids__             100442ec     LIBCMT:std_type_info_static.obj
 0004:000002f0       __guard_fids__             100442f0     LIBCMT:thread_safe_statics.obj
 0004:000002f4       __guard_fids_?__scrt_initialize_thread_safe_statics@@YAHXZ 100442f4     LIBCMT:thread_safe_statics.obj
 0004:000002f8       __guard_fids_?dllmain_crt_process_attach@@YAHQAUHINSTANCE__@@QAX@Z 100442f8     LIBCMT:dll_dllmain.obj
 0004:00000300       __guard_fids_?dllmain_dispatch@@YAHQAUHINSTANCE__@@KQAX@Z 10044300     LIBCMT:dll_dllmain.obj
 0004:00000304       __guard_fids__             10044304     LIBCMT:throw_bad_alloc.obj
 0004:0000030c       __guard_fids__             1004430c     LIBCMT:throw_bad_alloc.obj
 0004:00000310       __guard_fids__             10044310     LIBCMT:throw_bad_alloc.obj
 0004:00000314       __guard_fids__             10044314     LIBCMT:guard_support.obj
 0004:00000318       __guard_fids__             10044318     libvcruntime:frame.obj
 0004:0000031c       __guard_fids__             1004431c     libvcruntime:frame.obj
 0004:00000324       __guard_fids__             10044324     libvcruntime:frame.obj
 0004:00000328       __guard_fids__             10044328     libvcruntime:frame.obj
 0004:0000032c       __guard_fids____vcrt_initialize_ptd 1004432c     libvcruntime:per_thread_data.obj
 0006:00000060       $R000000                   10046060     * linker generated manifest res *

 Exports

  ordinal    name

        1    __register_addon_
               exported name: _register_addon_
